../Core/Src/stm32_xinput/stm32_xinput.c:40:6:declareButtonPins	4	static
../Core/Src/stm32_xinput/stm32_xinput.c:61:6:declareAnalogPins	4	static
../Core/Src/stm32_xinput/stm32_xinput.c:74:6:declareEncoderPins	4	static
../Core/Src/stm32_xinput/stm32_xinput.c:82:6:readButtons	32	static
../Core/Src/stm32_xinput/stm32_xinput.c:121:6:readAdcValues	24	static
../Core/Src/stm32_xinput/stm32_xinput.c:174:6:updateTriggers	8	static
../Core/Src/stm32_xinput/stm32_xinput.c:183:6:updateSticks	8	static
../Core/Src/stm32_xinput/stm32_xinput.c:193:9:map	24	static
D:\Programs\Windows\Install_dir\ST\STM32CubeIDE_1.19.0\STM32CubeIDE\plugins\com.st.stm32cube.ide.mcu.externaltools.gnu-tools-for-stm32.13.3.rel1.win32_1.0.0.202411081344\tools\arm-none-eabi\include\stdlib.h:70:5:abs	16	static
