../Core/Src/main.c:83:6:send_xinput_report	8	static
../Core/Src/main.c:110:5:main	8	static
../Core/Src/main.c:176:6:SystemClock_Config	88	static
../Core/Src/main.c:224:13:MX_ADC1_Init	24	static
../Core/Src/main.c:298:13:MX_TIM2_Init	32	static
../Core/Src/main.c:339:6:HAL_TIM_PeriodElapsedCallback	16	static
../Core/Src/main.c:350:13:MX_DMA_Init	16	static
../Core/Src/main.c:368:13:MX_GPIO_Init	40	static
../Core/Src/main.c:423:6:Error_Handler	4	static,ignoring_inline_asm
../Core/Src/main.c:434:6:HAL_GPIO_EXTI_Callback	16	static
../Core/Src/main.c:450:6:HAL_ADC_ConvCpltCallback	16	static
