Archive member included to satisfy reference by file (symbol)

D:/Programs/Windows/Install_dir/ST/STM32CubeIDE_1.19.0/STM32CubeIDE/plugins/com.st.stm32cube.ide.mcu.externaltools.gnu-tools-for-stm32.13.3.rel1.win32_1.0.0.202411081344/tools/bin/../lib/gcc/arm-none-eabi/13.3.1/../../../../arm-none-eabi/lib/thumb/v7-m/nofp\libc_nano.a(libc_a-exit.o)
                              D:/Programs/Windows/Install_dir/ST/STM32CubeIDE_1.19.0/STM32CubeIDE/plugins/com.st.stm32cube.ide.mcu.externaltools.gnu-tools-for-stm32.13.3.rel1.win32_1.0.0.202411081344/tools/bin/../lib/gcc/arm-none-eabi/13.3.1/../../../../arm-none-eabi/lib/thumb/v7-m/nofp/crt0.o (exit)
D:/Programs/Windows/Install_dir/ST/STM32CubeIDE_1.19.0/STM32CubeIDE/plugins/com.st.stm32cube.ide.mcu.externaltools.gnu-tools-for-stm32.13.3.rel1.win32_1.0.0.202411081344/tools/bin/../lib/gcc/arm-none-eabi/13.3.1/../../../../arm-none-eabi/lib/thumb/v7-m/nofp\libc_nano.a(libc_a-findfp.o)
                              D:/Programs/Windows/Install_dir/ST/STM32CubeIDE_1.19.0/STM32CubeIDE/plugins/com.st.stm32cube.ide.mcu.externaltools.gnu-tools-for-stm32.13.3.rel1.win32_1.0.0.202411081344/tools/bin/../lib/gcc/arm-none-eabi/13.3.1/../../../../arm-none-eabi/lib/thumb/v7-m/nofp\libc_nano.a(libc_a-exit.o) (__stdio_exit_handler)
D:/Programs/Windows/Install_dir/ST/STM32CubeIDE_1.19.0/STM32CubeIDE/plugins/com.st.stm32cube.ide.mcu.externaltools.gnu-tools-for-stm32.13.3.rel1.win32_1.0.0.202411081344/tools/bin/../lib/gcc/arm-none-eabi/13.3.1/../../../../arm-none-eabi/lib/thumb/v7-m/nofp\libc_nano.a(libc_a-fwalk.o)
                              D:/Programs/Windows/Install_dir/ST/STM32CubeIDE_1.19.0/STM32CubeIDE/plugins/com.st.stm32cube.ide.mcu.externaltools.gnu-tools-for-stm32.13.3.rel1.win32_1.0.0.202411081344/tools/bin/../lib/gcc/arm-none-eabi/13.3.1/../../../../arm-none-eabi/lib/thumb/v7-m/nofp\libc_nano.a(libc_a-findfp.o) (_fwalk_sglue)
D:/Programs/Windows/Install_dir/ST/STM32CubeIDE_1.19.0/STM32CubeIDE/plugins/com.st.stm32cube.ide.mcu.externaltools.gnu-tools-for-stm32.13.3.rel1.win32_1.0.0.202411081344/tools/bin/../lib/gcc/arm-none-eabi/13.3.1/../../../../arm-none-eabi/lib/thumb/v7-m/nofp\libc_nano.a(libc_a-stdio.o)
                              D:/Programs/Windows/Install_dir/ST/STM32CubeIDE_1.19.0/STM32CubeIDE/plugins/com.st.stm32cube.ide.mcu.externaltools.gnu-tools-for-stm32.13.3.rel1.win32_1.0.0.202411081344/tools/bin/../lib/gcc/arm-none-eabi/13.3.1/../../../../arm-none-eabi/lib/thumb/v7-m/nofp\libc_nano.a(libc_a-findfp.o) (__sread)
D:/Programs/Windows/Install_dir/ST/STM32CubeIDE_1.19.0/STM32CubeIDE/plugins/com.st.stm32cube.ide.mcu.externaltools.gnu-tools-for-stm32.13.3.rel1.win32_1.0.0.202411081344/tools/bin/../lib/gcc/arm-none-eabi/13.3.1/../../../../arm-none-eabi/lib/thumb/v7-m/nofp\libc_nano.a(libc_a-memset.o)
                              D:/Programs/Windows/Install_dir/ST/STM32CubeIDE_1.19.0/STM32CubeIDE/plugins/com.st.stm32cube.ide.mcu.externaltools.gnu-tools-for-stm32.13.3.rel1.win32_1.0.0.202411081344/tools/bin/../lib/gcc/arm-none-eabi/13.3.1/../../../../arm-none-eabi/lib/thumb/v7-m/nofp/crt0.o (memset)
D:/Programs/Windows/Install_dir/ST/STM32CubeIDE_1.19.0/STM32CubeIDE/plugins/com.st.stm32cube.ide.mcu.externaltools.gnu-tools-for-stm32.13.3.rel1.win32_1.0.0.202411081344/tools/bin/../lib/gcc/arm-none-eabi/13.3.1/../../../../arm-none-eabi/lib/thumb/v7-m/nofp\libc_nano.a(libc_a-closer.o)
                              D:/Programs/Windows/Install_dir/ST/STM32CubeIDE_1.19.0/STM32CubeIDE/plugins/com.st.stm32cube.ide.mcu.externaltools.gnu-tools-for-stm32.13.3.rel1.win32_1.0.0.202411081344/tools/bin/../lib/gcc/arm-none-eabi/13.3.1/../../../../arm-none-eabi/lib/thumb/v7-m/nofp\libc_nano.a(libc_a-stdio.o) (_close_r)
D:/Programs/Windows/Install_dir/ST/STM32CubeIDE_1.19.0/STM32CubeIDE/plugins/com.st.stm32cube.ide.mcu.externaltools.gnu-tools-for-stm32.13.3.rel1.win32_1.0.0.202411081344/tools/bin/../lib/gcc/arm-none-eabi/13.3.1/../../../../arm-none-eabi/lib/thumb/v7-m/nofp\libc_nano.a(libc_a-reent.o)
                              D:/Programs/Windows/Install_dir/ST/STM32CubeIDE_1.19.0/STM32CubeIDE/plugins/com.st.stm32cube.ide.mcu.externaltools.gnu-tools-for-stm32.13.3.rel1.win32_1.0.0.202411081344/tools/bin/../lib/gcc/arm-none-eabi/13.3.1/../../../../arm-none-eabi/lib/thumb/v7-m/nofp\libc_nano.a(libc_a-closer.o) (errno)
D:/Programs/Windows/Install_dir/ST/STM32CubeIDE_1.19.0/STM32CubeIDE/plugins/com.st.stm32cube.ide.mcu.externaltools.gnu-tools-for-stm32.13.3.rel1.win32_1.0.0.202411081344/tools/bin/../lib/gcc/arm-none-eabi/13.3.1/../../../../arm-none-eabi/lib/thumb/v7-m/nofp\libc_nano.a(libc_a-impure.o)
                              D:/Programs/Windows/Install_dir/ST/STM32CubeIDE_1.19.0/STM32CubeIDE/plugins/com.st.stm32cube.ide.mcu.externaltools.gnu-tools-for-stm32.13.3.rel1.win32_1.0.0.202411081344/tools/bin/../lib/gcc/arm-none-eabi/13.3.1/../../../../arm-none-eabi/lib/thumb/v7-m/nofp\libc_nano.a(libc_a-reent.o) (_impure_ptr)
[...]
Memory Configuration

Name             Origin             Length             Attributes
RAM              0x20000000         0x00005000         xrw
FLASH            0x0800c000         0x0000a000         xr
*default*        0x00000000         0xffffffff

Linker script and memory map

LOAD D:/Programs/Windows/Install_dir/ST/STM32CubeIDE_1.19.0/STM32CubeIDE/plugins/com.st.stm32cube.ide.mcu.externaltools.gnu-tools-for-stm32.13.3.rel1.win32_1.0.0.202411081344/tools/bin/../lib/gcc/arm-none-eabi/13.3.1/thumb/v7-m/nofp/crti.o
LOAD D:/Programs/Windows/Install_dir/ST/STM32CubeIDE_1.19.0/STM32CubeIDE/plugins/com.st.stm32cube.ide.mcu.externaltools.gnu-tools-for-stm32.13.3.rel1.win32_1.0.0.202411081344/tools/bin/../lib/gcc/arm-none-eabi/13.3.1/thumb/v7-m/nofp/crtbegin.o
LOAD D:/Programs/Windows/Install_dir/ST/STM32CubeIDE_1.19.0/STM32CubeIDE/plugins/com.st.stm32cube.ide.mcu.externaltools.gnu-tools-for-stm32.13.3.rel1.win32_1.0.0.202411081344/tools/bin/../lib/gcc/arm-none-eabi/13.3.1/../../../../arm-none-eabi/lib/thumb/v7-m/nofp/crt0.o
LOAD ./Core/Src/main.o
LOAD ./Core/Src/stm32f1xx_hal_msp.o
LOAD ./Core/Src/stm32f1xx_it.o
LOAD ./Core/Src/syscalls.o
LOAD ./Core/Src/sysmem.o
LOAD ./Core/Src/system_stm32f1xx.o
LOAD ./Core/Startup/startup_stm32f103c8tx.o
LOAD ./Drivers/STM32F1xx_HAL_Driver/Src/stm32f1xx_hal.o
LOAD ./Drivers/STM32F1xx_HAL_Driver/Src/stm32f1xx_hal_adc.o
LOAD ./Drivers/STM32F1xx_HAL_Driver/Src/stm32f1xx_hal_adc_ex.o
LOAD ./Drivers/STM32F1xx_HAL_Driver/Src/stm32f1xx_hal_cortex.o
LOAD ./Drivers/STM32F1xx_HAL_Driver/Src/stm32f1xx_hal_dma.o
LOAD ./Drivers/STM32F1xx_HAL_Driver/Src/stm32f1xx_hal_exti.o
LOAD ./Drivers/STM32F1xx_HAL_Driver/Src/stm32f1xx_hal_flash.o
LOAD ./Drivers/STM32F1xx_HAL_Driver/Src/stm32f1xx_hal_flash_ex.o
LOAD ./Drivers/STM32F1xx_HAL_Driver/Src/stm32f1xx_hal_gpio.o
LOAD ./Drivers/STM32F1xx_HAL_Driver/Src/stm32f1xx_hal_gpio_ex.o
LOAD ./Drivers/STM32F1xx_HAL_Driver/Src/stm32f1xx_hal_pcd.o
LOAD ./Drivers/STM32F1xx_HAL_Driver/Src/stm32f1xx_hal_pcd_ex.o
LOAD ./Drivers/STM32F1xx_HAL_Driver/Src/stm32f1xx_hal_pwr.o
LOAD ./Drivers/STM32F1xx_HAL_Driver/Src/stm32f1xx_hal_rcc.o
LOAD ./Drivers/STM32F1xx_HAL_Driver/Src/stm32f1xx_hal_rcc_ex.o
LOAD ./Drivers/STM32F1xx_HAL_Driver/Src/stm32f1xx_hal_tim.o
LOAD ./Drivers/STM32F1xx_HAL_Driver/Src/stm32f1xx_hal_tim_ex.o
LOAD ./Drivers/STM32F1xx_HAL_Driver/Src/stm32f1xx_ll_usb.o
LOAD ./Middlewares/ST/STM32_USB_Device_Library/Class/HID/Src/usbd_hid.o
LOAD ./Middlewares/ST/STM32_USB_Device_Library/Core/Src/usbd_core.o
LOAD ./Middlewares/ST/STM32_USB_Device_Library/Core/Src/usbd_ctlreq.o
LOAD ./Middlewares/ST/STM32_USB_Device_Library/Core/Src/usbd_ioreq.o
LOAD ./USB_DEVICE/App/usb_device.o
LOAD ./USB_DEVICE/App/usbd_desc.o
LOAD ./USB_DEVICE/Target/usbd_conf.o
START GROUP
LOAD D:/Programs/Windows/Install_dir/ST/STM32CubeIDE_1.19.0/STM32CubeIDE/plugins/com.st.stm32cube.ide.mcu.externaltools.gnu-tools-for-stm32.13.3.rel1.win32_1.0.0.202411081344/tools/bin/../lib/gcc/arm-none-eabi/13.3.1/../../../../arm-none-eabi/lib/thumb/v7-m/nofp\libc_nano.a
LOAD D:/Programs/Windows/Install_dir/ST/STM32CubeIDE_1.19.0/STM32CubeIDE/plugins/com.st.stm32cube.ide.mcu.externaltools.gnu-tools-for-stm32.13.3.rel1.win32_1.0.0.202411081344/tools/bin/../lib/gcc/arm-none-eabi/13.3.1/../../../../arm-none-eabi/lib/thumb/v7-m/nofp\libm.a
END GROUP
START GROUP
LOAD D:/Programs/Windows/Install_dir/ST/STM32CubeIDE_1.19.0/STM32CubeIDE/plugins/com.st.stm32cube.ide.mcu.externaltools.gnu-tools-for-stm32.13.3.rel1.win32_1.0.0.202411081344/tools/bin/../lib/gcc/arm-none-eabi/13.3.1/thumb/v7-m/nofp\libgcc.a
LOAD D:/Programs/Windows/Install_dir/ST/STM32CubeIDE_1.19.0/STM32CubeIDE/plugins/com.st.stm32cube.ide.mcu.externaltools.gnu-tools-for-stm32.13.3.rel1.win32_1.0.0.202411081344/tools/bin/../lib/gcc/arm-none-eabi/13.3.1/../../../../arm-none-eabi/lib/thumb/v7-m/nofp\libc_nano.a
END GROUP
START GROUP
LOAD D:/Programs/Windows/Install_dir/ST/STM32CubeIDE_1.19.0/STM32CubeIDE/plugins/com.st.stm32cube.ide.mcu.externaltools.gnu-tools-for-stm32.13.3.rel1.win32_1.0.0.202411081344/tools/bin/../lib/gcc/arm-none-eabi/13.3.1/thumb/v7-m/nofp\libgcc.a
LOAD D:/Programs/Windows/Install_dir/ST/STM32CubeIDE_1.19.0/STM32CubeIDE/plugins/com.st.stm32cube.ide.mcu.externaltools.gnu-tools-for-stm32.13.3.rel1.win32_1.0.0.202411081344/tools/bin/../lib/gcc/arm-none-eabi/13.3.1/../../../../arm-none-eabi/lib/thumb/v7-m/nofp\libc_nano.a
LOAD D:/Programs/Windows/Install_dir/ST/STM32CubeIDE_1.19.0/STM32CubeIDE/plugins/com.st.stm32cube.ide.mcu.externaltools.gnu-tools-for-stm32.13.3.rel1.win32_1.0.0.202411081344/tools/bin/../lib/gcc/arm-none-eabi/13.3.1/../../../../arm-none-eabi/lib/thumb/v7-m/nofp\libnosys.a
END GROUP
START GROUP
LOAD D:/Programs/Windows/Install_dir/ST/STM32CubeIDE_1.19.0/STM32CubeIDE/plugins/com.st.stm32cube.ide.mcu.externaltools.gnu-tools-for-stm32.13.3.rel1.win32_1.0.0.202411081344/tools/bin/../lib/gcc/arm-none-eabi/13.3.1/thumb/v7-m/nofp\libgcc.a
LOAD D:/Programs/Windows/Install_dir/ST/STM32CubeIDE_1.19.0/STM32CubeIDE/plugins/com.st.stm32cube.ide.mcu.externaltools.gnu-tools-for-stm32.13.3.rel1.win32_1.0.0.202411081344/tools/bin/../lib/gcc/arm-none-eabi/13.3.1/../../../../arm-none-eabi/lib/thumb/v7-m/nofp\libc_nano.a
LOAD D:/Programs/Windows/Install_dir/ST/STM32CubeIDE_1.19.0/STM32CubeIDE/plugins/com.st.stm32cube.ide.mcu.externaltools.gnu-tools-for-stm32.13.3.rel1.win32_1.0.0.202411081344/tools/bin/../lib/gcc/arm-none-eabi/13.3.1/../../../../arm-none-eabi/lib/thumb/v7-m/nofp\libnosys.a
END GROUP
LOAD D:/Programs/Windows/Install_dir/ST/STM32CubeIDE_1.19.0/STM32CubeIDE/plugins/com.st.stm32cube.ide.mcu.externaltools.gnu-tools-for-stm32.13.3.rel1.win32_1.0.0.202411081344/tools/bin/../lib/gcc/arm-none-eabi/13.3.1/thumb/v7-m/nofp/crtend.o
LOAD D:/Programs/Windows/Install_dir/ST/STM32CubeIDE_1.19.0/STM32CubeIDE/plugins/com.st.stm32cube.ide.mcu.externaltools.gnu-tools-for-stm32.13.3.rel1.win32_1.0.0.202411081344/tools/bin/../lib/gcc/arm-none-eabi/13.3.1/thumb/v7-m/nofp/crtn.o
                0x20005000                        _estack = (ORIGIN (RAM) + LENGTH (RAM))
                0x00000200                        _Min_Heap_Size = 0x200
                0x00000400                        _Min_Stack_Size = 0x400

.isr_vector     0x0800c000      0x10c
                0x0800c000                        . = ALIGN (0x4)
 *(.isr_vector)
 .isr_vector    0x0800c000      0x10c ./Core/Startup/startup_stm32f103c8tx.o
                0x0800c000                g_pfnVectors
                0x0800c10c                        . = ALIGN (0x4)

.text           0x0800c10c     0x8f48
                0x0800c10c                        . = ALIGN (0x4)
 *(.text)
 .text          0x0800c10c       0x40 D:/Programs/Windows/Install_dir/ST/STM32CubeIDE_1.19.0/STM32CubeIDE/plugins/com.st.stm32cube.ide.mcu.externaltools.gnu-tools-for-stm32.13.3.rel1.win32_1.0.0.202411081344/tools/bin/../lib/gcc/arm-none-eabi/13.3.1/thumb/v7-m/nofp/crtbegin.o
 *(.text*)
 .text.get_hat_value
                0x0800c14c       0xdc ./Core/Src/main.o
                0x0800c14c                get_hat_value
 .text.send_gamepad_report
                0x0800c228      0x3a4 ./Core/Src/main.o
                0x0800c228                send_gamepad_report
 .text.main     0x0800c5cc       0x94 ./Core/Src/main.o
                0x0800c5cc                main
 .text.SystemClock_Config
                0x0800c660       0xbc ./Core/Src/main.o
                0x0800c660                SystemClock_Config
 .text.MX_ADC1_Init
                0x0800c71c       0xd4 ./Core/Src/main.o
 .text.MX_TIM2_Init
                0x0800c7f0       0x9c ./Core/Src/main.o
 .text.HAL_TIM_PeriodElapsedCallback
                0x0800c88c       0x28 ./Core/Src/main.o
                0x0800c88c                HAL_TIM_PeriodElapsedCallback
 .text.MX_DMA_Init
                0x0800c8b4       0x3c ./Core/Src/main.o
 .text.HAL_ADC_ConvCpltCallback
                0x0800c8f0      0x11c ./Core/Src/main.o
                0x0800c8f0                HAL_ADC_ConvCpltCallback
 .text.MX_GPIO_Init
                0x0800ca0c       0xec ./Core/Src/main.o
 .text.map      0x0800caf8       0x36 ./Core/Src/main.o
                0x0800caf8                map
 .text.Error_Handler
                0x0800cb2e        0xc ./Core/Src/main.o
                0x0800cb2e                Error_Handler
 *fill*         0x0800cb3a        0x2 
 .text.HAL_MspInit
                0x0800cb3c       0x64 ./Core/Src/stm32f1xx_hal_msp.o
                0x0800cb3c                HAL_MspInit
 .text.HAL_ADC_MspInit
                0x0800cba0       0xe4 ./Core/Src/stm32f1xx_hal_msp.o
                0x0800cba0                HAL_ADC_MspInit
 .text.HAL_TIM_Base_MspInit
                0x0800cc84       0x48 ./Core/Src/stm32f1xx_hal_msp.o
                0x0800cc84                HAL_TIM_Base_MspInit
 .text.NMI_Handler
                0x0800cccc        0x8 ./Core/Src/stm32f1xx_it.o
                0x0800cccc                NMI_Handler
 .text.HardFault_Handler
                0x0800ccd4        0x8 ./Core/Src/stm32f1xx_it.o
                0x0800ccd4                HardFault_Handler
 .text.MemManage_Handler
                0x0800ccdc        0x8 ./Core/Src/stm32f1xx_it.o
                0x0800ccdc                MemManage_Handler
 .text.BusFault_Handler
                0x0800cce4        0x8 ./Core/Src/stm32f1xx_it.o
                0x0800cce4                BusFault_Handler
 .text.UsageFault_Handler
                0x0800ccec        0x8 ./Core/Src/stm32f1xx_it.o
                0x0800ccec                UsageFault_Handler
 .text.SVC_Handler
                0x0800ccf4        0xc ./Core/Src/stm32f1xx_it.o
                0x0800ccf4                SVC_Handler
 .text.DebugMon_Handler
                0x0800cd00        0xc ./Core/Src/stm32f1xx_it.o
                0x0800cd00                DebugMon_Handler
 .text.PendSV_Handler
                0x0800cd0c        0xc ./Core/Src/stm32f1xx_it.o
                0x0800cd0c                PendSV_Handler
 .text.SysTick_Handler
                0x0800cd18        0xc ./Core/Src/stm32f1xx_it.o
                0x0800cd18                SysTick_Handler
 .text.DMA1_Channel1_IRQHandler
                0x0800cd24       0x14 ./Core/Src/stm32f1xx_it.o
                0x0800cd24                DMA1_Channel1_IRQHandler
 .text.ADC1_2_IRQHandler
                0x0800cd38       0x14 ./Core/Src/stm32f1xx_it.o
                0x0800cd38                ADC1_2_IRQHandler
 .text.USB_LP_CAN1_RX0_IRQHandler
                0x0800cd4c       0x14 ./Core/Src/stm32f1xx_it.o
                0x0800cd4c                USB_LP_CAN1_RX0_IRQHandler
 .text.TIM2_IRQHandler
                0x0800cd60       0x14 ./Core/Src/stm32f1xx_it.o
                0x0800cd60                TIM2_IRQHandler
 .text.SystemInit
                0x0800cd74        0xc ./Core/Src/system_stm32f1xx.o
                0x0800cd74                SystemInit
 .text.Reset_Handler
                0x0800cd80       0x48 ./Core/Startup/startup_stm32f103c8tx.o
                0x0800cd80                Reset_Handler
 .text.Default_Handler
                0x0800cdc8        0x2 ./Core/Startup/startup_stm32f103c8tx.o
                0x0800cdc8                RTC_Alarm_IRQHandler
                0x0800cdc8                EXTI2_IRQHandler
                0x0800cdc8                TIM1_CC_IRQHandler
                0x0800cdc8                PVD_IRQHandler
                0x0800cdc8                EXTI3_IRQHandler
                0x0800cdc8                EXTI0_IRQHandler
                0x0800cdc8                I2C2_EV_IRQHandler
                0x0800cdc8                SPI1_IRQHandler
                0x0800cdc8                TAMPER_IRQHandler
                0x0800cdc8                DMA1_Channel4_IRQHandler
                0x0800cdc8                USART3_IRQHandler
                0x0800cdc8                RTC_IRQHandler
                0x0800cdc8                DMA1_Channel7_IRQHandler
                0x0800cdc8                CAN1_RX1_IRQHandler
                0x0800cdc8                TIM4_IRQHandler
                0x0800cdc8                I2C1_EV_IRQHandler
                0x0800cdc8                DMA1_Channel6_IRQHandler
                0x0800cdc8                TIM3_IRQHandler
                0x0800cdc8                RCC_IRQHandler
                0x0800cdc8                TIM1_TRG_COM_IRQHandler
                0x0800cdc8                Default_Handler
                0x0800cdc8                EXTI15_10_IRQHandler
                0x0800cdc8                EXTI9_5_IRQHandler
                0x0800cdc8                SPI2_IRQHandler
                0x0800cdc8                DMA1_Channel5_IRQHandler
                0x0800cdc8                EXTI4_IRQHandler
                0x0800cdc8                USB_HP_CAN1_TX_IRQHandler
                0x0800cdc8                DMA1_Channel3_IRQHandler
                0x0800cdc8                TIM1_UP_IRQHandler
                0x0800cdc8                WWDG_IRQHandler
                0x0800cdc8                TIM1_BRK_IRQHandler
                0x0800cdc8                EXTI1_IRQHandler
                0x0800cdc8                USART2_IRQHandler
                0x0800cdc8                I2C2_ER_IRQHandler
                0x0800cdc8                DMA1_Channel2_IRQHandler
                0x0800cdc8                CAN1_SCE_IRQHandler
                0x0800cdc8                FLASH_IRQHandler
                0x0800cdc8                USART1_IRQHandler
                0x0800cdc8                I2C1_ER_IRQHandler
                0x0800cdc8                USBWakeUp_IRQHandler
 *fill*         0x0800cdca        0x2 
 .text.HAL_Init
                0x0800cdcc       0x2c ./Drivers/STM32F1xx_HAL_Driver/Src/stm32f1xx_hal.o
                0x0800cdcc                HAL_Init
 .text.HAL_InitTick
                0x0800cdf8       0x60 ./Drivers/STM32F1xx_HAL_Driver/Src/stm32f1xx_hal.o
                0x0800cdf8                HAL_InitTick
 .text.HAL_IncTick
                0x0800ce58       0x24 ./Drivers/STM32F1xx_HAL_Driver/Src/stm32f1xx_hal.o
                0x0800ce58                HAL_IncTick
 .text.HAL_GetTick
                0x0800ce7c       0x14 ./Drivers/STM32F1xx_HAL_Driver/Src/stm32f1xx_hal.o
                0x0800ce7c                HAL_GetTick
 .text.HAL_ADC_Init
                0x0800ce90      0x1b0 ./Drivers/STM32F1xx_HAL_Driver/Src/stm32f1xx_hal_adc.o
                0x0800ce90                HAL_ADC_Init
 .text.HAL_ADC_Start_DMA
                0x0800d040      0x1bc ./Drivers/STM32F1xx_HAL_Driver/Src/stm32f1xx_hal_adc.o
                0x0800d040                HAL_ADC_Start_DMA
 .text.HAL_ADC_IRQHandler
                0x0800d1fc      0x17e ./Drivers/STM32F1xx_HAL_Driver/Src/stm32f1xx_hal_adc.o
                0x0800d1fc                HAL_ADC_IRQHandler
 .text.HAL_ADC_ConvHalfCpltCallback
                0x0800d37a       0x12 ./Drivers/STM32F1xx_HAL_Driver/Src/stm32f1xx_hal_adc.o
                0x0800d37a                HAL_ADC_ConvHalfCpltCallback
 .text.HAL_ADC_LevelOutOfWindowCallback
                0x0800d38c       0x12 ./Drivers/STM32F1xx_HAL_Driver/Src/stm32f1xx_hal_adc.o
                0x0800d38c                HAL_ADC_LevelOutOfWindowCallback
 .text.HAL_ADC_ErrorCallback
                0x0800d39e       0x12 ./Drivers/STM32F1xx_HAL_Driver/Src/stm32f1xx_hal_adc.o
                0x0800d39e                HAL_ADC_ErrorCallback
 .text.HAL_ADC_ConfigChannel
                0x0800d3b0      0x1f0 ./Drivers/STM32F1xx_HAL_Driver/Src/stm32f1xx_hal_adc.o
                0x0800d3b0                HAL_ADC_ConfigChannel
 .text.ADC_Enable
                0x0800d5a0       0xb4 ./Drivers/STM32F1xx_HAL_Driver/Src/stm32f1xx_hal_adc.o
                0x0800d5a0                ADC_Enable
 .text.ADC_ConversionStop_Disable
                0x0800d654       0x82 ./Drivers/STM32F1xx_HAL_Driver/Src/stm32f1xx_hal_adc.o
                0x0800d654                ADC_ConversionStop_Disable
 .text.ADC_DMAConvCplt
                0x0800d6d6       0x7c ./Drivers/STM32F1xx_HAL_Driver/Src/stm32f1xx_hal_adc.o
                0x0800d6d6                ADC_DMAConvCplt
 .text.ADC_DMAHalfConvCplt
                0x0800d752       0x1c ./Drivers/STM32F1xx_HAL_Driver/Src/stm32f1xx_hal_adc.o
                0x0800d752                ADC_DMAHalfConvCplt
 .text.ADC_DMAError
                0x0800d76e       0x34 ./Drivers/STM32F1xx_HAL_Driver/Src/stm32f1xx_hal_adc.o
                0x0800d76e                ADC_DMAError
 .text.HAL_ADCEx_InjectedConvCpltCallback
                0x0800d7a2       0x12 ./Drivers/STM32F1xx_HAL_Driver/Src/stm32f1xx_hal_adc_ex.o
                0x0800d7a2                HAL_ADCEx_InjectedConvCpltCallback
 .text.__NVIC_SetPriorityGrouping
                0x0800d7b4       0x48 ./Drivers/STM32F1xx_HAL_Driver/Src/stm32f1xx_hal_cortex.o
 .text.__NVIC_GetPriorityGrouping
                0x0800d7fc       0x1c ./Drivers/STM32F1xx_HAL_Driver/Src/stm32f1xx_hal_cortex.o
 .text.__NVIC_EnableIRQ
                0x0800d818       0x38 ./Drivers/STM32F1xx_HAL_Driver/Src/stm32f1xx_hal_cortex.o
 .text.__NVIC_SetPriority
                0x0800d850       0x54 ./Drivers/STM32F1xx_HAL_Driver/Src/stm32f1xx_hal_cortex.o
 .text.NVIC_EncodePriority
                0x0800d8a4       0x64 ./Drivers/STM32F1xx_HAL_Driver/Src/stm32f1xx_hal_cortex.o
 .text.SysTick_Config
                0x0800d908       0x44 ./Drivers/STM32F1xx_HAL_Driver/Src/stm32f1xx_hal_cortex.o
 .text.HAL_NVIC_SetPriorityGrouping
                0x0800d94c       0x16 ./Drivers/STM32F1xx_HAL_Driver/Src/stm32f1xx_hal_cortex.o
                0x0800d94c                HAL_NVIC_SetPriorityGrouping
 .text.HAL_NVIC_SetPriority
                0x0800d962       0x38 ./Drivers/STM32F1xx_HAL_Driver/Src/stm32f1xx_hal_cortex.o
                0x0800d962                HAL_NVIC_SetPriority
 .text.HAL_NVIC_EnableIRQ
                0x0800d99a       0x1c ./Drivers/STM32F1xx_HAL_Driver/Src/stm32f1xx_hal_cortex.o
                0x0800d99a                HAL_NVIC_EnableIRQ
 .text.HAL_SYSTICK_Config
                0x0800d9b6       0x18 ./Drivers/STM32F1xx_HAL_Driver/Src/stm32f1xx_hal_cortex.o
                0x0800d9b6                HAL_SYSTICK_Config
 *fill*         0x0800d9ce        0x2 
 .text.HAL_DMA_Init
                0x0800d9d0       0xb4 ./Drivers/STM32F1xx_HAL_Driver/Src/stm32f1xx_hal_dma.o
                0x0800d9d0                HAL_DMA_Init
 .text.HAL_DMA_Start_IT
                0x0800da84       0xc0 ./Drivers/STM32F1xx_HAL_Driver/Src/stm32f1xx_hal_dma.o
                0x0800da84                HAL_DMA_Start_IT
 .text.HAL_DMA_IRQHandler
                0x0800db44      0x20c ./Drivers/STM32F1xx_HAL_Driver/Src/stm32f1xx_hal_dma.o
                0x0800db44                HAL_DMA_IRQHandler
 .text.DMA_SetConfig
                0x0800dd50       0x5a ./Drivers/STM32F1xx_HAL_Driver/Src/stm32f1xx_hal_dma.o
 *fill*         0x0800ddaa        0x2 
 .text.HAL_GPIO_Init
                0x0800ddac      0x308 ./Drivers/STM32F1xx_HAL_Driver/Src/stm32f1xx_hal_gpio.o
                0x0800ddac                HAL_GPIO_Init
 .text.HAL_GPIO_ReadPin
                0x0800e0b4       0x2e ./Drivers/STM32F1xx_HAL_Driver/Src/stm32f1xx_hal_gpio.o
                0x0800e0b4                HAL_GPIO_ReadPin
 .text.HAL_GPIO_WritePin
                0x0800e0e2       0x30 ./Drivers/STM32F1xx_HAL_Driver/Src/stm32f1xx_hal_gpio.o
                0x0800e0e2                HAL_GPIO_WritePin
 .text.HAL_GPIO_TogglePin
                0x0800e112       0x32 ./Drivers/STM32F1xx_HAL_Driver/Src/stm32f1xx_hal_gpio.o
                0x0800e112                HAL_GPIO_TogglePin
 .text.HAL_PCD_Init
                0x0800e144      0x1ec ./Drivers/STM32F1xx_HAL_Driver/Src/stm32f1xx_hal_pcd.o
                0x0800e144                HAL_PCD_Init
 .text.HAL_PCD_Start
                0x0800e330       0x4c ./Drivers/STM32F1xx_HAL_Driver/Src/stm32f1xx_hal_pcd.o
                0x0800e330                HAL_PCD_Start
 .text.HAL_PCD_IRQHandler
                0x0800e37c      0x260 ./Drivers/STM32F1xx_HAL_Driver/Src/stm32f1xx_hal_pcd.o
                0x0800e37c                HAL_PCD_IRQHandler
 .text.HAL_PCD_SetAddress
                0x0800e5dc       0x48 ./Drivers/STM32F1xx_HAL_Driver/Src/stm32f1xx_hal_pcd.o
                0x0800e5dc                HAL_PCD_SetAddress
 .text.HAL_PCD_EP_Open
                0x0800e624       0xba ./Drivers/STM32F1xx_HAL_Driver/Src/stm32f1xx_hal_pcd.o
                0x0800e624                HAL_PCD_EP_Open
 .text.HAL_PCD_EP_Close
                0x0800e6de       0x90 ./Drivers/STM32F1xx_HAL_Driver/Src/stm32f1xx_hal_pcd.o
                0x0800e6de                HAL_PCD_EP_Close
 .text.HAL_PCD_EP_Receive
                0x0800e76e       0x62 ./Drivers/STM32F1xx_HAL_Driver/Src/stm32f1xx_hal_pcd.o
                0x0800e76e                HAL_PCD_EP_Receive
 .text.HAL_PCD_EP_Transmit
                0x0800e7d0       0x6e ./Drivers/STM32F1xx_HAL_Driver/Src/stm32f1xx_hal_pcd.o
                0x0800e7d0                HAL_PCD_EP_Transmit
 .text.HAL_PCD_EP_SetStall
                0x0800e83e       0xc0 ./Drivers/STM32F1xx_HAL_Driver/Src/stm32f1xx_hal_pcd.o
                0x0800e83e                HAL_PCD_EP_SetStall
 .text.HAL_PCD_EP_ClrStall
                0x0800e8fe       0xa8 ./Drivers/STM32F1xx_HAL_Driver/Src/stm32f1xx_hal_pcd.o
                0x0800e8fe                HAL_PCD_EP_ClrStall
 .text.PCD_EP_ISR_Handler
                0x0800e9a6      0x79e ./Drivers/STM32F1xx_HAL_Driver/Src/stm32f1xx_hal_pcd.o
 .text.HAL_PCD_EP_DB_Receive
                0x0800f144      0x21a ./Drivers/STM32F1xx_HAL_Driver/Src/stm32f1xx_hal_pcd.o
 .text.HAL_PCD_EP_DB_Transmit
                0x0800f35e      0x7f4 ./Drivers/STM32F1xx_HAL_Driver/Src/stm32f1xx_hal_pcd.o
 .text.HAL_PCDEx_PMAConfig
                0x0800fb52       0x84 ./Drivers/STM32F1xx_HAL_Driver/Src/stm32f1xx_hal_pcd_ex.o
                0x0800fb52                HAL_PCDEx_PMAConfig
 *fill*         0x0800fbd6        0x2 
 .text.HAL_RCC_OscConfig
                0x0800fbd8      0x504 ./Drivers/STM32F1xx_HAL_Driver/Src/stm32f1xx_hal_rcc.o
                0x0800fbd8                HAL_RCC_OscConfig
 .text.HAL_RCC_ClockConfig
                0x080100dc      0x1d4 ./Drivers/STM32F1xx_HAL_Driver/Src/stm32f1xx_hal_rcc.o
                0x080100dc                HAL_RCC_ClockConfig
 .text.HAL_RCC_GetSysClockFreq
                0x080102b0       0xa8 ./Drivers/STM32F1xx_HAL_Driver/Src/stm32f1xx_hal_rcc.o
                0x080102b0                HAL_RCC_GetSysClockFreq
 .text.RCC_Delay
                0x08010358       0x3c ./Drivers/STM32F1xx_HAL_Driver/Src/stm32f1xx_hal_rcc.o
 .text.HAL_RCCEx_PeriphCLKConfig
                0x08010394      0x16c ./Drivers/STM32F1xx_HAL_Driver/Src/stm32f1xx_hal_rcc_ex.o
                0x08010394                HAL_RCCEx_PeriphCLKConfig
 .text.HAL_TIM_Base_Init
                0x08010500       0x9e ./Drivers/STM32F1xx_HAL_Driver/Src/stm32f1xx_hal_tim.o
                0x08010500                HAL_TIM_Base_Init
 *fill*         0x0801059e        0x2 
 .text.HAL_TIM_Base_Start_IT
                0x080105a0       0xa4 ./Drivers/STM32F1xx_HAL_Driver/Src/stm32f1xx_hal_tim.o
                0x080105a0                HAL_TIM_Base_Start_IT
 .text.HAL_TIM_IRQHandler
                0x08010644      0x1e0 ./Drivers/STM32F1xx_HAL_Driver/Src/stm32f1xx_hal_tim.o
                0x08010644                HAL_TIM_IRQHandler
 .text.HAL_TIM_ConfigClockSource
                0x08010824      0x18e ./Drivers/STM32F1xx_HAL_Driver/Src/stm32f1xx_hal_tim.o
                0x08010824                HAL_TIM_ConfigClockSource
 .text.HAL_TIM_OC_DelayElapsedCallback
                0x080109b2       0x12 ./Drivers/STM32F1xx_HAL_Driver/Src/stm32f1xx_hal_tim.o
                0x080109b2                HAL_TIM_OC_DelayElapsedCallback
 .text.HAL_TIM_IC_CaptureCallback
                0x080109c4       0x12 ./Drivers/STM32F1xx_HAL_Driver/Src/stm32f1xx_hal_tim.o
                0x080109c4                HAL_TIM_IC_CaptureCallback
 .text.HAL_TIM_PWM_PulseFinishedCallback
                0x080109d6       0x12 ./Drivers/STM32F1xx_HAL_Driver/Src/stm32f1xx_hal_tim.o
                0x080109d6                HAL_TIM_PWM_PulseFinishedCallback
 .text.HAL_TIM_TriggerCallback
                0x080109e8       0x12 ./Drivers/STM32F1xx_HAL_Driver/Src/stm32f1xx_hal_tim.o
                0x080109e8                HAL_TIM_TriggerCallback
 *fill*         0x080109fa        0x2 
 .text.TIM_Base_SetConfig
                0x080109fc       0xdc ./Drivers/STM32F1xx_HAL_Driver/Src/stm32f1xx_hal_tim.o
                0x080109fc                TIM_Base_SetConfig
 .text.TIM_TI1_ConfigInputStage
                0x08010ad8       0x5c ./Drivers/STM32F1xx_HAL_Driver/Src/stm32f1xx_hal_tim.o
 .text.TIM_TI2_ConfigInputStage
                0x08010b34       0x5e ./Drivers/STM32F1xx_HAL_Driver/Src/stm32f1xx_hal_tim.o
 .text.TIM_ITRx_SetConfig
                0x08010b92       0x34 ./Drivers/STM32F1xx_HAL_Driver/Src/stm32f1xx_hal_tim.o
 .text.TIM_ETR_SetConfig
                0x08010bc6       0x3e ./Drivers/STM32F1xx_HAL_Driver/Src/stm32f1xx_hal_tim.o
                0x08010bc6                TIM_ETR_SetConfig
 .text.HAL_TIMEx_MasterConfigSynchronization
                0x08010c04       0xbc ./Drivers/STM32F1xx_HAL_Driver/Src/stm32f1xx_hal_tim_ex.o
                0x08010c04                HAL_TIMEx_MasterConfigSynchronization
 .text.HAL_TIMEx_CommutCallback
                0x08010cc0       0x12 ./Drivers/STM32F1xx_HAL_Driver/Src/stm32f1xx_hal_tim_ex.o
                0x08010cc0                HAL_TIMEx_CommutCallback
 .text.HAL_TIMEx_BreakCallback
                0x08010cd2       0x12 ./Drivers/STM32F1xx_HAL_Driver/Src/stm32f1xx_hal_tim_ex.o
                0x08010cd2                HAL_TIMEx_BreakCallback
 .text.USB_CoreInit
                0x08010ce4       0x1a ./Drivers/STM32F1xx_HAL_Driver/Src/stm32f1xx_ll_usb.o
                0x08010ce4                USB_CoreInit
 .text.USB_EnableGlobalInt
                0x08010cfe       0x2c ./Drivers/STM32F1xx_HAL_Driver/Src/stm32f1xx_ll_usb.o
                0x08010cfe                USB_EnableGlobalInt
 .text.USB_DisableGlobalInt
                0x08010d2a       0x34 ./Drivers/STM32F1xx_HAL_Driver/Src/stm32f1xx_ll_usb.o
                0x08010d2a                USB_DisableGlobalInt
 .text.USB_SetCurrentMode
                0x08010d5e       0x18 ./Drivers/STM32F1xx_HAL_Driver/Src/stm32f1xx_ll_usb.o
                0x08010d5e                USB_SetCurrentMode
 .text.USB_DevInit
                0x08010d76       0x3a ./Drivers/STM32F1xx_HAL_Driver/Src/stm32f1xx_ll_usb.o
                0x08010d76                USB_DevInit
 .text.USB_ActivateEndpoint
                0x08010db0      0x780 ./Drivers/STM32F1xx_HAL_Driver/Src/stm32f1xx_ll_usb.o
                0x08010db0                USB_ActivateEndpoint
 .text.USB_DeactivateEndpoint
                0x08011530      0x3d8 ./Drivers/STM32F1xx_HAL_Driver/Src/stm32f1xx_ll_usb.o
                0x08011530                USB_DeactivateEndpoint
 .text.USB_EPStartXfer
                0x08011908     0x1762 ./Drivers/STM32F1xx_HAL_Driver/Src/stm32f1xx_ll_usb.o
                0x08011908                USB_EPStartXfer
 .text.USB_EPSetStall
                0x0801306a       0xa0 ./Drivers/STM32F1xx_HAL_Driver/Src/stm32f1xx_ll_usb.o
                0x0801306a                USB_EPSetStall
 .text.USB_EPClearStall
                0x0801310a      0x15a ./Drivers/STM32F1xx_HAL_Driver/Src/stm32f1xx_ll_usb.o
                0x0801310a                USB_EPClearStall
 .text.USB_SetDevAddress
                0x08013264       0x26 ./Drivers/STM32F1xx_HAL_Driver/Src/stm32f1xx_ll_usb.o
                0x08013264                USB_SetDevAddress
 .text.USB_DevConnect
                0x0801328a       0x14 ./Drivers/STM32F1xx_HAL_Driver/Src/stm32f1xx_ll_usb.o
                0x0801328a                USB_DevConnect
 .text.USB_DevDisconnect
                0x0801329e       0x14 ./Drivers/STM32F1xx_HAL_Driver/Src/stm32f1xx_ll_usb.o
                0x0801329e                USB_DevDisconnect
 .text.USB_ReadInterrupts
                0x080132b2       0x1e ./Drivers/STM32F1xx_HAL_Driver/Src/stm32f1xx_ll_usb.o
                0x080132b2                USB_ReadInterrupts
 .text.USB_EP0_OutStart
                0x080132d0       0x16 ./Drivers/STM32F1xx_HAL_Driver/Src/stm32f1xx_ll_usb.o
                0x080132d0                USB_EP0_OutStart
 .text.USB_WritePMA
                0x080132e6       0x8c ./Drivers/STM32F1xx_HAL_Driver/Src/stm32f1xx_ll_usb.o
                0x080132e6                USB_WritePMA
 .text.USB_ReadPMA
                0x08013372       0x9e ./Drivers/STM32F1xx_HAL_Driver/Src/stm32f1xx_ll_usb.o
                0x08013372                USB_ReadPMA
 .text.USBD_HID_Init
                0x08013410       0x4e ./Middlewares/ST/STM32_USB_Device_Library/Class/HID/Src/usbd_hid.o
 .text.USBD_HID_DeInit
                0x0801345e       0x42 ./Middlewares/ST/STM32_USB_Device_Library/Class/HID/Src/usbd_hid.o
 .text.USBD_HID_Setup
                0x080134a0      0x1fc ./Middlewares/ST/STM32_USB_Device_Library/Class/HID/Src/usbd_hid.o
 .text.USBD_HID_SendReport
                0x0801369c       0x44 ./Middlewares/ST/STM32_USB_Device_Library/Class/HID/Src/usbd_hid.o
                0x0801369c                USBD_HID_SendReport
 .text.USBD_HID_GetFSCfgDesc
                0x080136e0       0x20 ./Middlewares/ST/STM32_USB_Device_Library/Class/HID/Src/usbd_hid.o
 .text.USBD_HID_GetHSCfgDesc
                0x08013700       0x20 ./Middlewares/ST/STM32_USB_Device_Library/Class/HID/Src/usbd_hid.o
 .text.USBD_HID_GetOtherSpeedCfgDesc
                0x08013720       0x20 ./Middlewares/ST/STM32_USB_Device_Library/Class/HID/Src/usbd_hid.o
 .text.USBD_HID_DataIn
                0x08013740       0x22 ./Middlewares/ST/STM32_USB_Device_Library/Class/HID/Src/usbd_hid.o
 *fill*         0x08013762        0x2 
 .text.USBD_HID_GetDeviceQualifierDesc
                0x08013764       0x20 ./Middlewares/ST/STM32_USB_Device_Library/Class/HID/Src/usbd_hid.o
 .text.USBD_Init
                0x08013784       0x56 ./Middlewares/ST/STM32_USB_Device_Library/Core/Src/usbd_core.o
                0x08013784                USBD_Init
 .text.USBD_RegisterClass
                0x080137da       0x32 ./Middlewares/ST/STM32_USB_Device_Library/Core/Src/usbd_core.o
                0x080137da                USBD_RegisterClass
 .text.USBD_Start
                0x0801380c       0x18 ./Middlewares/ST/STM32_USB_Device_Library/Core/Src/usbd_core.o
                0x0801380c                USBD_Start
 .text.USBD_RunTestMode
                0x08013824       0x14 ./Middlewares/ST/STM32_USB_Device_Library/Core/Src/usbd_core.o
                0x08013824                USBD_RunTestMode
 .text.USBD_SetClassConfig
                0x08013838       0x3e ./Middlewares/ST/STM32_USB_Device_Library/Core/Src/usbd_core.o
                0x08013838                USBD_SetClassConfig
 .text.USBD_ClrClassConfig
                0x08013876       0x26 ./Middlewares/ST/STM32_USB_Device_Library/Core/Src/usbd_core.o
                0x08013876                USBD_ClrClassConfig
 .text.USBD_LL_SetupStage
                0x0801389c       0x9a ./Middlewares/ST/STM32_USB_Device_Library/Core/Src/usbd_core.o
                0x0801389c                USBD_LL_SetupStage
 .text.USBD_LL_DataOutStage
                0x08013936       0xe2 ./Middlewares/ST/STM32_USB_Device_Library/Core/Src/usbd_core.o
                0x08013936                USBD_LL_DataOutStage
 .text.USBD_LL_DataInStage
                0x08013a18      0x14a ./Middlewares/ST/STM32_USB_Device_Library/Core/Src/usbd_core.o
                0x08013a18                USBD_LL_DataInStage
 .text.USBD_LL_Reset
                0x08013b62       0x82 ./Middlewares/ST/STM32_USB_Device_Library/Core/Src/usbd_core.o
                0x08013b62                USBD_LL_Reset
 .text.USBD_LL_SetSpeed
                0x08013be4       0x1e ./Middlewares/ST/STM32_USB_Device_Library/Core/Src/usbd_core.o
                0x08013be4                USBD_LL_SetSpeed
 .text.USBD_LL_Suspend
                0x08013c02       0x28 ./Middlewares/ST/STM32_USB_Device_Library/Core/Src/usbd_core.o
                0x08013c02                USBD_LL_Suspend
 .text.USBD_LL_Resume
                0x08013c2a       0x2a ./Middlewares/ST/STM32_USB_Device_Library/Core/Src/usbd_core.o
                0x08013c2a                USBD_LL_Resume
 .text.USBD_LL_SOF
                0x08013c54       0x34 ./Middlewares/ST/STM32_USB_Device_Library/Core/Src/usbd_core.o
                0x08013c54                USBD_LL_SOF
 .text.USBD_StdDevReq
                0x08013c88       0xd4 ./Middlewares/ST/STM32_USB_Device_Library/Core/Src/usbd_ctlreq.o
                0x08013c88                USBD_StdDevReq
 .text.USBD_StdItfReq
                0x08013d5c       0x90 ./Middlewares/ST/STM32_USB_Device_Library/Core/Src/usbd_ctlreq.o
                0x08013d5c                USBD_StdItfReq
 .text.USBD_StdEPReq
                0x08013dec      0x2c6 ./Middlewares/ST/STM32_USB_Device_Library/Core/Src/usbd_ctlreq.o
                0x08013dec                USBD_StdEPReq
 *fill*         0x080140b2        0x2 
 .text.USBD_GetDescriptor
                0x080140b4      0x2d0 ./Middlewares/ST/STM32_USB_Device_Library/Core/Src/usbd_ctlreq.o
 .text.USBD_SetAddress
                0x08014384       0x86 ./Middlewares/ST/STM32_USB_Device_Library/Core/Src/usbd_ctlreq.o
 *fill*         0x0801440a        0x2 
 .text.USBD_SetConfig
                0x0801440c      0x11c ./Middlewares/ST/STM32_USB_Device_Library/Core/Src/usbd_ctlreq.o
 .text.USBD_GetConfig
                0x08014528       0x6a ./Middlewares/ST/STM32_USB_Device_Library/Core/Src/usbd_ctlreq.o
 .text.USBD_GetStatus
                0x08014592       0x66 ./Middlewares/ST/STM32_USB_Device_Library/Core/Src/usbd_ctlreq.o
 .text.USBD_SetFeature
                0x080145f8       0x28 ./Middlewares/ST/STM32_USB_Device_Library/Core/Src/usbd_ctlreq.o
 .text.USBD_ClrFeature
                0x08014620       0x42 ./Middlewares/ST/STM32_USB_Device_Library/Core/Src/usbd_ctlreq.o
 .text.USBD_ParseSetupRequest
                0x08014662       0x72 ./Middlewares/ST/STM32_USB_Device_Library/Core/Src/usbd_ctlreq.o
                0x08014662                USBD_ParseSetupRequest
 .text.USBD_CtlError
                0x080146d4       0x22 ./Middlewares/ST/STM32_USB_Device_Library/Core/Src/usbd_ctlreq.o
                0x080146d4                USBD_CtlError
 .text.USBD_GetString
                0x080146f6       0x84 ./Middlewares/ST/STM32_USB_Device_Library/Core/Src/usbd_ctlreq.o
                0x080146f6                USBD_GetString
 .text.USBD_GetLen
                0x0801477a       0x2e ./Middlewares/ST/STM32_USB_Device_Library/Core/Src/usbd_ctlreq.o
 .text.USBD_CtlSendData
                0x080147a8       0x38 ./Middlewares/ST/STM32_USB_Device_Library/Core/Src/usbd_ioreq.o
                0x080147a8                USBD_CtlSendData
 .text.USBD_CtlContinueSendData
                0x080147e0       0x24 ./Middlewares/ST/STM32_USB_Device_Library/Core/Src/usbd_ioreq.o
                0x080147e0                USBD_CtlContinueSendData
 .text.USBD_CtlContinueRx
                0x08014804       0x24 ./Middlewares/ST/STM32_USB_Device_Library/Core/Src/usbd_ioreq.o
                0x08014804                USBD_CtlContinueRx
 .text.USBD_CtlSendStatus
                0x08014828       0x26 ./Middlewares/ST/STM32_USB_Device_Library/Core/Src/usbd_ioreq.o
                0x08014828                USBD_CtlSendStatus
 .text.USBD_CtlReceiveStatus
                0x0801484e       0x26 ./Middlewares/ST/STM32_USB_Device_Library/Core/Src/usbd_ioreq.o
                0x0801484e                USBD_CtlReceiveStatus
 .text.MX_USB_DEVICE_Init
                0x08014874       0x4c ./USB_DEVICE/App/usb_device.o
                0x08014874                MX_USB_DEVICE_Init
 .text.USBD_FS_DeviceDescriptor
                0x080148c0       0x24 ./USB_DEVICE/App/usbd_desc.o
                0x080148c0                USBD_FS_DeviceDescriptor
 .text.USBD_FS_LangIDStrDescriptor
                0x080148e4       0x24 ./USB_DEVICE/App/usbd_desc.o
                0x080148e4                USBD_FS_LangIDStrDescriptor
 .text.USBD_FS_ProductStrDescriptor
                0x08014908       0x3c ./USB_DEVICE/App/usbd_desc.o
                0x08014908                USBD_FS_ProductStrDescriptor
 .text.USBD_FS_ManufacturerStrDescriptor
                0x08014944       0x28 ./USB_DEVICE/App/usbd_desc.o
                0x08014944                USBD_FS_ManufacturerStrDescriptor
 .text.USBD_FS_SerialStrDescriptor
                0x0801496c       0x24 ./USB_DEVICE/App/usbd_desc.o
                0x0801496c                USBD_FS_SerialStrDescriptor
 .text.USBD_FS_ConfigStrDescriptor
                0x08014990       0x3c ./USB_DEVICE/App/usbd_desc.o
                0x08014990                USBD_FS_ConfigStrDescriptor
 .text.USBD_FS_InterfaceStrDescriptor
                0x080149cc       0x3c ./USB_DEVICE/App/usbd_desc.o
                0x080149cc                USBD_FS_InterfaceStrDescriptor
 .text.Get_SerialNum
                0x08014a08       0x58 ./USB_DEVICE/App/usbd_desc.o
 .text.IntToUnicode
                0x08014a60       0x7c ./USB_DEVICE/App/usbd_desc.o
 .text.HAL_PCD_MspInit
                0x08014adc       0x4c ./USB_DEVICE/Target/usbd_conf.o
                0x08014adc                HAL_PCD_MspInit
 .text.HAL_PCD_SetupStageCallback
                0x08014b28       0x24 ./USB_DEVICE/Target/usbd_conf.o
                0x08014b28                HAL_PCD_SetupStageCallback
 .text.HAL_PCD_DataOutStageCallback
                0x08014b4c       0x36 ./USB_DEVICE/Target/usbd_conf.o
                0x08014b4c                HAL_PCD_DataOutStageCallback
 .text.HAL_PCD_DataInStageCallback
                0x08014b82       0x34 ./USB_DEVICE/Target/usbd_conf.o
                0x08014b82                HAL_PCD_DataInStageCallback
 .text.HAL_PCD_SOFCallback
                0x08014bb6       0x1c ./USB_DEVICE/Target/usbd_conf.o
                0x08014bb6                HAL_PCD_SOFCallback
 .text.HAL_PCD_ResetCallback
                0x08014bd2       0x3c ./USB_DEVICE/Target/usbd_conf.o
                0x08014bd2                HAL_PCD_ResetCallback
 *fill*         0x08014c0e        0x2 
 .text.HAL_PCD_SuspendCallback
                0x08014c10       0x34 ./USB_DEVICE/Target/usbd_conf.o
                0x08014c10                HAL_PCD_SuspendCallback
 .text.HAL_PCD_ResumeCallback
                0x08014c44       0x1c ./USB_DEVICE/Target/usbd_conf.o
                0x08014c44                HAL_PCD_ResumeCallback
 .text.USBD_LL_Init
                0x08014c60       0x90 ./USB_DEVICE/Target/usbd_conf.o
                0x08014c60                USBD_LL_Init
 .text.USBD_LL_Start
                0x08014cf0       0x36 ./USB_DEVICE/Target/usbd_conf.o
                0x08014cf0                USBD_LL_Start
 .text.USBD_LL_OpenEP
                0x08014d26       0x4c ./USB_DEVICE/Target/usbd_conf.o
                0x08014d26                USBD_LL_OpenEP
 .text.USBD_LL_CloseEP
                0x08014d72       0x3e ./USB_DEVICE/Target/usbd_conf.o
                0x08014d72                USBD_LL_CloseEP
 .text.USBD_LL_StallEP
                0x08014db0       0x3e ./USB_DEVICE/Target/usbd_conf.o
                0x08014db0                USBD_LL_StallEP
 .text.USBD_LL_ClearStallEP
                0x08014dee       0x3e ./USB_DEVICE/Target/usbd_conf.o
                0x08014dee                USBD_LL_ClearStallEP
 .text.USBD_LL_IsStallEP
                0x08014e2c       0x56 ./USB_DEVICE/Target/usbd_conf.o
                0x08014e2c                USBD_LL_IsStallEP
 .text.USBD_LL_SetUSBAddress
                0x08014e82       0x3e ./USB_DEVICE/Target/usbd_conf.o
                0x08014e82                USBD_LL_SetUSBAddress
 .text.USBD_LL_Transmit
                0x08014ec0       0x46 ./USB_DEVICE/Target/usbd_conf.o
                0x08014ec0                USBD_LL_Transmit
 .text.USBD_LL_PrepareReceive
                0x08014f06       0x46 ./USB_DEVICE/Target/usbd_conf.o
                0x08014f06                USBD_LL_PrepareReceive
 .text.USBD_static_malloc
                0x08014f4c       0x18 ./USB_DEVICE/Target/usbd_conf.o
                0x08014f4c                USBD_static_malloc
 .text.USBD_static_free
                0x08014f64       0x12 ./USB_DEVICE/Target/usbd_conf.o
                0x08014f64                USBD_static_free
 .text.HAL_PCDEx_SetConnectionState
                0x08014f76       0x16 ./USB_DEVICE/Target/usbd_conf.o
                0x08014f76                HAL_PCDEx_SetConnectionState
 .text.USBD_Get_USB_Status
                0x08014f8c       0x58 ./USB_DEVICE/Target/usbd_conf.o
 .text.memset   0x08014fe4       0x10 D:/Programs/Windows/Install_dir/ST/STM32CubeIDE_1.19.0/STM32CubeIDE/plugins/com.st.stm32cube.ide.mcu.externaltools.gnu-tools-for-stm32.13.3.rel1.win32_1.0.0.202411081344/tools/bin/../lib/gcc/arm-none-eabi/13.3.1/../../../../arm-none-eabi/lib/thumb/v7-m/nofp\libc_nano.a(libc_a-memset.o)
                0x08014fe4                memset
 .text.__libc_init_array
                0x08014ff4       0x48 D:/Programs/Windows/Install_dir/ST/STM32CubeIDE_1.19.0/STM32CubeIDE/plugins/com.st.stm32cube.ide.mcu.externaltools.gnu-tools-for-stm32.13.3.rel1.win32_1.0.0.202411081344/tools/bin/../lib/gcc/arm-none-eabi/13.3.1/../../../../arm-none-eabi/lib/thumb/v7-m/nofp\libc_nano.a(libc_a-init.o)
                0x08014ff4                __libc_init_array
 *(.glue_7)
 .glue_7        0x0801503c        0x0 linker stubs
 *(.glue_7t)
 .glue_7t       0x0801503c        0x0 linker stubs
 *(.eh_frame)
 .eh_frame      0x0801503c        0x0 D:/Programs/Windows/Install_dir/ST/STM32CubeIDE_1.19.0/STM32CubeIDE/plugins/com.st.stm32cube.ide.mcu.externaltools.gnu-tools-for-stm32.13.3.rel1.win32_1.0.0.202411081344/tools/bin/../lib/gcc/arm-none-eabi/13.3.1/thumb/v7-m/nofp/crtbegin.o
 *(.init)
 .init          0x0801503c        0x4 D:/Programs/Windows/Install_dir/ST/STM32CubeIDE_1.19.0/STM32CubeIDE/plugins/com.st.stm32cube.ide.mcu.externaltools.gnu-tools-for-stm32.13.3.rel1.win32_1.0.0.202411081344/tools/bin/../lib/gcc/arm-none-eabi/13.3.1/thumb/v7-m/nofp/crti.o
                0x0801503c                _init
 .init          0x08015040        0x8 D:/Programs/Windows/Install_dir/ST/STM32CubeIDE_1.19.0/STM32CubeIDE/plugins/com.st.stm32cube.ide.mcu.externaltools.gnu-tools-for-stm32.13.3.rel1.win32_1.0.0.202411081344/tools/bin/../lib/gcc/arm-none-eabi/13.3.1/thumb/v7-m/nofp/crtn.o
 *(.fini)
 .fini          0x08015048        0x4 D:/Programs/Windows/Install_dir/ST/STM32CubeIDE_1.19.0/STM32CubeIDE/plugins/com.st.stm32cube.ide.mcu.externaltools.gnu-tools-for-stm32.13.3.rel1.win32_1.0.0.202411081344/tools/bin/../lib/gcc/arm-none-eabi/13.3.1/thumb/v7-m/nofp/crti.o
                0x08015048                _fini
 .fini          0x0801504c        0x8 D:/Programs/Windows/Install_dir/ST/STM32CubeIDE_1.19.0/STM32CubeIDE/plugins/com.st.stm32cube.ide.mcu.externaltools.gnu-tools-for-stm32.13.3.rel1.win32_1.0.0.202411081344/tools/bin/../lib/gcc/arm-none-eabi/13.3.1/thumb/v7-m/nofp/crtn.o
                0x08015054                        . = ALIGN (0x4)
                0x08015054                        _etext = .

.vfp11_veneer   0x08015054        0x0
 .vfp11_veneer  0x08015054        0x0 linker stubs

.v4_bx          0x08015054        0x0
 .v4_bx         0x08015054        0x0 linker stubs

.iplt           0x08015054        0x0
 .iplt          0x08015054        0x0 D:/Programs/Windows/Install_dir/ST/STM32CubeIDE_1.19.0/STM32CubeIDE/plugins/com.st.stm32cube.ide.mcu.externaltools.gnu-tools-for-stm32.13.3.rel1.win32_1.0.0.202411081344/tools/bin/../lib/gcc/arm-none-eabi/13.3.1/thumb/v7-m/nofp/crtbegin.o

.rodata         0x08015054       0x54
                0x08015054                        . = ALIGN (0x4)
 *(.rodata)
 .rodata        0x08015054       0x2e ./USB_DEVICE/App/usbd_desc.o
 *(.rodata*)
 *fill*         0x08015082        0x2 
 .rodata.AHBPrescTable
                0x08015084       0x10 ./Core/Src/system_stm32f1xx.o
                0x08015084                AHBPrescTable
 .rodata.aPLLMULFactorTable.1
                0x08015094       0x10 ./Drivers/STM32F1xx_HAL_Driver/Src/stm32f1xx_hal_rcc.o
 .rodata.aPredivFactorTable.0
                0x080150a4        0x2 ./Drivers/STM32F1xx_HAL_Driver/Src/stm32f1xx_hal_rcc.o
                0x080150a8                        . = ALIGN (0x4)
 *fill*         0x080150a6        0x2 

.ARM.extab      0x080150a8        0x0
                0x080150a8                        . = ALIGN (0x4)
 *(.ARM.extab* .gnu.linkonce.armextab.*)
                0x080150a8                        . = ALIGN (0x4)

.ARM            0x080150a8        0x0
                0x080150a8                        . = ALIGN (0x4)
                0x080150a8                        __exidx_start = .
 *(.ARM.exidx*)
                0x080150a8                        __exidx_end = .
                0x080150a8                        . = ALIGN (0x4)

.preinit_array  0x080150a8        0x0
                0x080150a8                        . = ALIGN (0x4)
                0x080150a8                        PROVIDE (__preinit_array_start = .)
 *(.preinit_array*)
                0x080150a8                        PROVIDE (__preinit_array_end = .)
                0x080150a8                        . = ALIGN (0x4)

.init_array     0x080150a8        0x4
                0x080150a8                        . = ALIGN (0x4)
                0x080150a8                        PROVIDE (__init_array_start = .)
 *(SORT_BY_NAME(.init_array.*))
 *(.init_array*)
 .init_array    0x080150a8        0x4 D:/Programs/Windows/Install_dir/ST/STM32CubeIDE_1.19.0/STM32CubeIDE/plugins/com.st.stm32cube.ide.mcu.externaltools.gnu-tools-for-stm32.13.3.rel1.win32_1.0.0.202411081344/tools/bin/../lib/gcc/arm-none-eabi/13.3.1/thumb/v7-m/nofp/crtbegin.o
                0x080150ac                        PROVIDE (__init_array_end = .)
                0x080150ac                        . = ALIGN (0x4)

.fini_array     0x080150ac        0x4
                0x080150ac                        . = ALIGN (0x4)
                [!provide]                        PROVIDE (__fini_array_start = .)
 *(SORT_BY_NAME(.fini_array.*))
 *(.fini_array*)
 .fini_array    0x080150ac        0x4 D:/Programs/Windows/Install_dir/ST/STM32CubeIDE_1.19.0/STM32CubeIDE/plugins/com.st.stm32cube.ide.mcu.externaltools.gnu-tools-for-stm32.13.3.rel1.win32_1.0.0.202411081344/tools/bin/../lib/gcc/arm-none-eabi/13.3.1/thumb/v7-m/nofp/crtbegin.o
                [!provide]                        PROVIDE (__fini_array_end = .)
                0x080150b0                        . = ALIGN (0x4)
                0x080150b0                        _sidata = LOADADDR (.data)

.rel.dyn        0x080150b0        0x0
 .rel.iplt      0x080150b0        0x0 D:/Programs/Windows/Install_dir/ST/STM32CubeIDE_1.19.0/STM32CubeIDE/plugins/com.st.stm32cube.ide.mcu.externaltools.gnu-tools-for-stm32.13.3.rel1.win32_1.0.0.202411081344/tools/bin/../lib/gcc/arm-none-eabi/13.3.1/thumb/v7-m/nofp/crtbegin.o

.data           0x20000000      0x160 load address 0x080150b0
                0x20000000                        . = ALIGN (0x4)
                0x20000000                        _sdata = .
 *(.data)
 *(.data*)
 .data.SystemCoreClock
                0x20000000        0x4 ./Core/Src/system_stm32f1xx.o
                0x20000000                SystemCoreClock
 .data.uwTickPrio
                0x20000004        0x4 ./Drivers/STM32F1xx_HAL_Driver/Src/stm32f1xx_hal.o
                0x20000004                uwTickPrio
 .data.uwTickFreq
                0x20000008        0x1 ./Drivers/STM32F1xx_HAL_Driver/Src/stm32f1xx_hal.o
                0x20000008                uwTickFreq
 *fill*         0x20000009        0x3 
 .data.USBD_HID
                0x2000000c       0x38 ./Middlewares/ST/STM32_USB_Device_Library/Class/HID/Src/usbd_hid.o
                0x2000000c                USBD_HID
 .data.USBD_HID_CfgFSDesc
                0x20000044       0x22 ./Middlewares/ST/STM32_USB_Device_Library/Class/HID/Src/usbd_hid.o
 *fill*         0x20000066        0x2 
 .data.USBD_HID_CfgHSDesc
                0x20000068       0x22 ./Middlewares/ST/STM32_USB_Device_Library/Class/HID/Src/usbd_hid.o
 *fill*         0x2000008a        0x2 
 .data.USBD_HID_OtherSpeedCfgDesc
                0x2000008c       0x22 ./Middlewares/ST/STM32_USB_Device_Library/Class/HID/Src/usbd_hid.o
 *fill*         0x200000ae        0x2 
 .data.USBD_HID_Desc
                0x200000b0        0x9 ./Middlewares/ST/STM32_USB_Device_Library/Class/HID/Src/usbd_hid.o
 *fill*         0x200000b9        0x3 
 .data.USBD_HID_DeviceQualifierDesc
                0x200000bc        0xa ./Middlewares/ST/STM32_USB_Device_Library/Class/HID/Src/usbd_hid.o
 *fill*         0x200000c6        0x2 
 .data.HID_MOUSE_ReportDesc
                0x200000c8       0x48 ./Middlewares/ST/STM32_USB_Device_Library/Class/HID/Src/usbd_hid.o
 .data.FS_Desc  0x20000110       0x1c ./USB_DEVICE/App/usbd_desc.o
                0x20000110                FS_Desc
 .data.USBD_FS_DeviceDesc
                0x2000012c       0x12 ./USB_DEVICE/App/usbd_desc.o
                0x2000012c                USBD_FS_DeviceDesc
 *fill*         0x2000013e        0x2 
 .data.USBD_LangIDDesc
                0x20000140        0x4 ./USB_DEVICE/App/usbd_desc.o
                0x20000140                USBD_LangIDDesc
 .data.USBD_StringSerial
                0x20000144       0x1a ./USB_DEVICE/App/usbd_desc.o
                0x20000144                USBD_StringSerial
 *(.RamFunc)
 *(.RamFunc*)
                0x20000160                        . = ALIGN (0x4)
 *fill*         0x2000015e        0x2 
                0x20000160                        _edata = .

.igot.plt       0x20000160        0x0 load address 0x08015210
 .igot.plt      0x20000160        0x0 D:/Programs/Windows/Install_dir/ST/STM32CubeIDE_1.19.0/STM32CubeIDE/plugins/com.st.stm32cube.ide.mcu.externaltools.gnu-tools-for-stm32.13.3.rel1.win32_1.0.0.202411081344/tools/bin/../lib/gcc/arm-none-eabi/13.3.1/thumb/v7-m/nofp/crtbegin.o
                0x20000160                        . = ALIGN (0x4)

.bss            0x20000160      0x8c0 load address 0x08015210
                0x20000160                        _sbss = .
                0x20000160                        __bss_start__ = _sbss
 *(.bss)
 .bss           0x20000160       0x1c D:/Programs/Windows/Install_dir/ST/STM32CubeIDE_1.19.0/STM32CubeIDE/plugins/com.st.stm32cube.ide.mcu.externaltools.gnu-tools-for-stm32.13.3.rel1.win32_1.0.0.202411081344/tools/bin/../lib/gcc/arm-none-eabi/13.3.1/thumb/v7-m/nofp/crtbegin.o
 *(.bss*)
 .bss.hadc1     0x2000017c       0x30 ./Core/Src/main.o
                0x2000017c                hadc1
 .bss.hdma_adc1
                0x200001ac       0x44 ./Core/Src/main.o
                0x200001ac                hdma_adc1
 .bss.htim2     0x200001f0       0x48 ./Core/Src/main.o
                0x200001f0                htim2
 .bss.adcVal    0x20000238        0x8 ./Core/Src/main.o
                0x20000238                adcVal
 .bss.adcValueReady
                0x20000240        0x1 ./Core/Src/main.o
                0x20000240                adcValueReady
 *fill*         0x20000241        0x3 
 .bss.x         0x20000244        0x4 ./Core/Src/main.o
                0x20000244                x
 .bss.y         0x20000248        0x4 ./Core/Src/main.o
                0x20000248                y
 .bss.lx        0x2000024c        0x4 ./Core/Src/main.o
                0x2000024c                lx
 .bss.ly        0x20000250        0x4 ./Core/Src/main.o
                0x20000250                ly
 .bss.xRightStickValue_ADC
                0x20000254        0x2 ./Core/Src/main.o
                0x20000254                xRightStickValue_ADC
 .bss.yRightStickValue_ADC
                0x20000256        0x2 ./Core/Src/main.o
                0x20000256                yRightStickValue_ADC
 .bss.yLeftStickValue_ADC
                0x20000258        0x2 ./Core/Src/main.o
                0x20000258                yLeftStickValue_ADC
 .bss.xLeftStickValue_ADC
                0x2000025a        0x2 ./Core/Src/main.o
                0x2000025a                xLeftStickValue_ADC
 .bss.xRightCenter
                0x2000025c        0x2 ./Core/Src/main.o
                0x2000025c                xRightCenter
 .bss.yRightCenter
                0x2000025e        0x2 ./Core/Src/main.o
                0x2000025e                yRightCenter
 .bss.xLeftCenter
                0x20000260        0x2 ./Core/Src/main.o
                0x20000260                xLeftCenter
 .bss.yLeftCenter
                0x20000262        0x2 ./Core/Src/main.o
                0x20000262                yLeftCenter
 .bss.count     0x20000264        0x1 ./Core/Src/main.o
                0x20000264                count
 *fill*         0x20000265        0x3 
 .bss.uwTick    0x20000268        0x4 ./Drivers/STM32F1xx_HAL_Driver/Src/stm32f1xx_hal.o
                0x20000268                uwTick
 .bss.cfgidx.0  0x2000026c        0x1 ./Middlewares/ST/STM32_USB_Device_Library/Core/Src/usbd_ctlreq.o
 *fill*         0x2000026d        0x3 
 .bss.hUsbDeviceFS
                0x20000270      0x2c4 ./USB_DEVICE/App/usb_device.o
                0x20000270                hUsbDeviceFS
 .bss.USBD_StrDesc
                0x20000534      0x200 ./USB_DEVICE/App/usbd_desc.o
                0x20000534                USBD_StrDesc
 .bss.hpcd_USB_FS
                0x20000734      0x2d8 ./USB_DEVICE/Target/usbd_conf.o
                0x20000734                hpcd_USB_FS
 .bss.mem.0     0x20000a0c       0x14 ./USB_DEVICE/Target/usbd_conf.o
 *(COMMON)
                0x20000a20                        . = ALIGN (0x4)
                0x20000a20                        _ebss = .
                0x20000a20                        __bss_end__ = _ebss

._user_heap_stack
                0x20000a20      0x600 load address 0x08015210
                0x20000a20                        . = ALIGN (0x8)
                [!provide]                        PROVIDE (end = .)
                0x20000a20                        PROVIDE (_end = .)
                0x20000c20                        . = (. + _Min_Heap_Size)
 *fill*         0x20000a20      0x200 
                0x20001020                        . = (. + _Min_Stack_Size)
 *fill*         0x20000c20      0x400 
                0x20001020                        . = ALIGN (0x8)

/DISCARD/
 libc.a(*)
 libm.a(*)
 libgcc.a(*)

.ARM.attributes
                0x00000000       0x29
 *(.ARM.attributes)
 .ARM.attributes
                0x00000000       0x1d D:/Programs/Windows/Install_dir/ST/STM32CubeIDE_1.19.0/STM32CubeIDE/plugins/com.st.stm32cube.ide.mcu.externaltools.gnu-tools-for-stm32.13.3.rel1.win32_1.0.0.202411081344/tools/bin/../lib/gcc/arm-none-eabi/13.3.1/thumb/v7-m/nofp/crti.o
 .ARM.attributes
                0x0000001d       0x2d D:/Programs/Windows/Install_dir/ST/STM32CubeIDE_1.19.0/STM32CubeIDE/plugins/com.st.stm32cube.ide.mcu.externaltools.gnu-tools-for-stm32.13.3.rel1.win32_1.0.0.202411081344/tools/bin/../lib/gcc/arm-none-eabi/13.3.1/thumb/v7-m/nofp/crtbegin.o
 .ARM.attributes
                0x0000004a       0x2d ./Core/Src/main.o
 .ARM.attributes
                0x00000077       0x2d ./Core/Src/stm32f1xx_hal_msp.o
 .ARM.attributes
                0x000000a4       0x2d ./Core/Src/stm32f1xx_it.o
 .ARM.attributes
                0x000000d1       0x2d ./Core/Src/system_stm32f1xx.o
 .ARM.attributes
                0x000000fe       0x21 ./Core/Startup/startup_stm32f103c8tx.o
 .ARM.attributes
                0x0000011f       0x2d ./Drivers/STM32F1xx_HAL_Driver/Src/stm32f1xx_hal.o
 .ARM.attributes
                0x0000014c       0x2d ./Drivers/STM32F1xx_HAL_Driver/Src/stm32f1xx_hal_adc.o
 .ARM.attributes
                0x00000179       0x2d ./Drivers/STM32F1xx_HAL_Driver/Src/stm32f1xx_hal_adc_ex.o
 .ARM.attributes
                0x000001a6       0x2d ./Drivers/STM32F1xx_HAL_Driver/Src/stm32f1xx_hal_cortex.o
 .ARM.attributes
                0x000001d3       0x2d ./Drivers/STM32F1xx_HAL_Driver/Src/stm32f1xx_hal_dma.o
 .ARM.attributes
                0x00000200       0x2d ./Drivers/STM32F1xx_HAL_Driver/Src/stm32f1xx_hal_gpio.o
 .ARM.attributes
                0x0000022d       0x2d ./Drivers/STM32F1xx_HAL_Driver/Src/stm32f1xx_hal_pcd.o
 .ARM.attributes
                0x0000025a       0x2d ./Drivers/STM32F1xx_HAL_Driver/Src/stm32f1xx_hal_pcd_ex.o
 .ARM.attributes
                0x00000287       0x2d ./Drivers/STM32F1xx_HAL_Driver/Src/stm32f1xx_hal_rcc.o
 .ARM.attributes
                0x000002b4       0x2d ./Drivers/STM32F1xx_HAL_Driver/Src/stm32f1xx_hal_rcc_ex.o
 .ARM.attributes
                0x000002e1       0x2d ./Drivers/STM32F1xx_HAL_Driver/Src/stm32f1xx_hal_tim.o
 .ARM.attributes
                0x0000030e       0x2d ./Drivers/STM32F1xx_HAL_Driver/Src/stm32f1xx_hal_tim_ex.o
 .ARM.attributes
                0x0000033b       0x2d ./Drivers/STM32F1xx_HAL_Driver/Src/stm32f1xx_ll_usb.o
 .ARM.attributes
                0x00000368       0x2d ./Middlewares/ST/STM32_USB_Device_Library/Class/HID/Src/usbd_hid.o
 .ARM.attributes
                0x00000395       0x2d ./Middlewares/ST/STM32_USB_Device_Library/Core/Src/usbd_core.o
 .ARM.attributes
                0x000003c2       0x2d ./Middlewares/ST/STM32_USB_Device_Library/Core/Src/usbd_ctlreq.o
 .ARM.attributes
                0x000003ef       0x2d ./Middlewares/ST/STM32_USB_Device_Library/Core/Src/usbd_ioreq.o
 .ARM.attributes
                0x0000041c       0x2d ./USB_DEVICE/App/usb_device.o
 .ARM.attributes
                0x00000449       0x2d ./USB_DEVICE/App/usbd_desc.o
 .ARM.attributes
                0x00000476       0x2d ./USB_DEVICE/Target/usbd_conf.o
 .ARM.attributes
                0x000004a3       0x2d D:/Programs/Windows/Install_dir/ST/STM32CubeIDE_1.19.0/STM32CubeIDE/plugins/com.st.stm32cube.ide.mcu.externaltools.gnu-tools-for-stm32.13.3.rel1.win32_1.0.0.202411081344/tools/bin/../lib/gcc/arm-none-eabi/13.3.1/../../../../arm-none-eabi/lib/thumb/v7-m/nofp\libc_nano.a(libc_a-memset.o)
 .ARM.attributes
                0x000004d0       0x2d D:/Programs/Windows/Install_dir/ST/STM32CubeIDE_1.19.0/STM32CubeIDE/plugins/com.st.stm32cube.ide.mcu.externaltools.gnu-tools-for-stm32.13.3.rel1.win32_1.0.0.202411081344/tools/bin/../lib/gcc/arm-none-eabi/13.3.1/../../../../arm-none-eabi/lib/thumb/v7-m/nofp\libc_nano.a(libc_a-init.o)
 .ARM.attributes
                0x000004fd       0x1d D:/Programs/Windows/Install_dir/ST/STM32CubeIDE_1.19.0/STM32CubeIDE/plugins/com.st.stm32cube.ide.mcu.externaltools.gnu-tools-for-stm32.13.3.rel1.win32_1.0.0.202411081344/tools/bin/../lib/gcc/arm-none-eabi/13.3.1/thumb/v7-m/nofp/crtn.o
OUTPUT(blue pill dinput.elf elf32-littlearm)
LOAD linker stubs
LOAD D:/Programs/Windows/Install_dir/ST/STM32CubeIDE_1.19.0/STM32CubeIDE/plugins/com.st.stm32cube.ide.mcu.externaltools.gnu-tools-for-stm32.13.3.rel1.win32_1.0.0.202411081344/tools/bin/../lib/gcc/arm-none-eabi/13.3.1/../../../../arm-none-eabi/lib/thumb/v7-m/nofp\libc.a
LOAD D:/Programs/Windows/Install_dir/ST/STM32CubeIDE_1.19.0/STM32CubeIDE/plugins/com.st.stm32cube.ide.mcu.externaltools.gnu-tools-for-stm32.13.3.rel1.win32_1.0.0.202411081344/tools/bin/../lib/gcc/arm-none-eabi/13.3.1/../../../../arm-none-eabi/lib/thumb/v7-m/nofp\libm.a
LOAD D:/Programs/Windows/Install_dir/ST/STM32CubeIDE_1.19.0/STM32CubeIDE/plugins/com.st.stm32cube.ide.mcu.externaltools.gnu-tools-for-stm32.13.3.rel1.win32_1.0.0.202411081344/tools/bin/../lib/gcc/arm-none-eabi/13.3.1/thumb/v7-m/nofp\libgcc.a

.debug_info     0x00000000    0x12e25
 .debug_info    0x00000000     0x1848 ./Core/Src/main.o
 .debug_info    0x00001848      0xd4f ./Core/Src/stm32f1xx_hal_msp.o
 .debug_info    0x00002597      0xdf1 ./Core/Src/stm32f1xx_it.o
 .debug_info    0x00003388      0x222 ./Core/Src/system_stm32f1xx.o
 .debug_info    0x000035aa       0x30 ./Core/Startup/startup_stm32f103c8tx.o
 .debug_info    0x000035da      0x704 ./Drivers/STM32F1xx_HAL_Driver/Src/stm32f1xx_hal.o
 .debug_info    0x00003cde      0xc50 ./Drivers/STM32F1xx_HAL_Driver/Src/stm32f1xx_hal_adc.o
 .debug_info    0x0000492e      0xa10 ./Drivers/STM32F1xx_HAL_Driver/Src/stm32f1xx_hal_adc_ex.o
 .debug_info    0x0000533e      0xa87 ./Drivers/STM32F1xx_HAL_Driver/Src/stm32f1xx_hal_cortex.o
 .debug_info    0x00005dc5      0x6d2 ./Drivers/STM32F1xx_HAL_Driver/Src/stm32f1xx_hal_dma.o
 .debug_info    0x00006497      0x5ab ./Drivers/STM32F1xx_HAL_Driver/Src/stm32f1xx_hal_gpio.o
 .debug_info    0x00006a42     0x16dc ./Drivers/STM32F1xx_HAL_Driver/Src/stm32f1xx_hal_pcd.o
 .debug_info    0x0000811e      0x6c3 ./Drivers/STM32F1xx_HAL_Driver/Src/stm32f1xx_hal_pcd_ex.o
 .debug_info    0x000087e1      0x7d5 ./Drivers/STM32F1xx_HAL_Driver/Src/stm32f1xx_hal_rcc.o
 .debug_info    0x00008fb6      0x3c0 ./Drivers/STM32F1xx_HAL_Driver/Src/stm32f1xx_hal_rcc_ex.o
 .debug_info    0x00009376     0x2959 ./Drivers/STM32F1xx_HAL_Driver/Src/stm32f1xx_hal_tim.o
 .debug_info    0x0000bccf     0x149b ./Drivers/STM32F1xx_HAL_Driver/Src/stm32f1xx_hal_tim_ex.o
 .debug_info    0x0000d16a     0x17ae ./Drivers/STM32F1xx_HAL_Driver/Src/stm32f1xx_ll_usb.o
 .debug_info    0x0000e918      0x927 ./Middlewares/ST/STM32_USB_Device_Library/Class/HID/Src/usbd_hid.o
 .debug_info    0x0000f23f      0xa52 ./Middlewares/ST/STM32_USB_Device_Library/Core/Src/usbd_core.o
 .debug_info    0x0000fc91      0x91c ./Middlewares/ST/STM32_USB_Device_Library/Core/Src/usbd_ctlreq.o
 .debug_info    0x000105ad      0x6a0 ./Middlewares/ST/STM32_USB_Device_Library/Core/Src/usbd_ioreq.o
 .debug_info    0x00010c4d      0x53a ./USB_DEVICE/App/usb_device.o
 .debug_info    0x00011187      0x44a ./USB_DEVICE/App/usbd_desc.o
 .debug_info    0x000115d1     0x1854 ./USB_DEVICE/Target/usbd_conf.o

.debug_abbrev   0x00000000     0x34ef
 .debug_abbrev  0x00000000      0x3b5 ./Core/Src/main.o
 .debug_abbrev  0x000003b5      0x215 ./Core/Src/stm32f1xx_hal_msp.o
 .debug_abbrev  0x000005ca      0x1c6 ./Core/Src/stm32f1xx_it.o
 .debug_abbrev  0x00000790      0x13f ./Core/Src/system_stm32f1xx.o
 .debug_abbrev  0x000008cf       0x24 ./Core/Startup/startup_stm32f103c8tx.o
 .debug_abbrev  0x000008f3      0x201 ./Drivers/STM32F1xx_HAL_Driver/Src/stm32f1xx_hal.o
 .debug_abbrev  0x00000af4      0x225 ./Drivers/STM32F1xx_HAL_Driver/Src/stm32f1xx_hal_adc.o
 .debug_abbrev  0x00000d19      0x249 ./Drivers/STM32F1xx_HAL_Driver/Src/stm32f1xx_hal_adc_ex.o
 .debug_abbrev  0x00000f62      0x2f8 ./Drivers/STM32F1xx_HAL_Driver/Src/stm32f1xx_hal_cortex.o
 .debug_abbrev  0x0000125a      0x20b ./Drivers/STM32F1xx_HAL_Driver/Src/stm32f1xx_hal_dma.o
 .debug_abbrev  0x00001465      0x1ca ./Drivers/STM32F1xx_HAL_Driver/Src/stm32f1xx_hal_gpio.o
 .debug_abbrev  0x0000162f      0x2d6 ./Drivers/STM32F1xx_HAL_Driver/Src/stm32f1xx_hal_pcd.o
 .debug_abbrev  0x00001905      0x189 ./Drivers/STM32F1xx_HAL_Driver/Src/stm32f1xx_hal_pcd_ex.o
 .debug_abbrev  0x00001a8e      0x2b3 ./Drivers/STM32F1xx_HAL_Driver/Src/stm32f1xx_hal_rcc.o
 .debug_abbrev  0x00001d41      0x188 ./Drivers/STM32F1xx_HAL_Driver/Src/stm32f1xx_hal_rcc_ex.o
 .debug_abbrev  0x00001ec9      0x277 ./Drivers/STM32F1xx_HAL_Driver/Src/stm32f1xx_hal_tim.o
 .debug_abbrev  0x00002140      0x282 ./Drivers/STM32F1xx_HAL_Driver/Src/stm32f1xx_hal_tim_ex.o
 .debug_abbrev  0x000023c2      0x1de ./Drivers/STM32F1xx_HAL_Driver/Src/stm32f1xx_ll_usb.o
 .debug_abbrev  0x000025a0      0x26b ./Middlewares/ST/STM32_USB_Device_Library/Class/HID/Src/usbd_hid.o
 .debug_abbrev  0x0000280b      0x24a ./Middlewares/ST/STM32_USB_Device_Library/Core/Src/usbd_core.o
 .debug_abbrev  0x00002a55      0x26b ./Middlewares/ST/STM32_USB_Device_Library/Core/Src/usbd_ctlreq.o
 .debug_abbrev  0x00002cc0      0x192 ./Middlewares/ST/STM32_USB_Device_Library/Core/Src/usbd_ioreq.o
 .debug_abbrev  0x00002e52      0x188 ./USB_DEVICE/App/usb_device.o
 .debug_abbrev  0x00002fda      0x1ff ./USB_DEVICE/App/usbd_desc.o
 .debug_abbrev  0x000031d9      0x316 ./USB_DEVICE/Target/usbd_conf.o

.debug_aranges  0x00000000     0x11b0
 .debug_aranges
                0x00000000       0x80 ./Core/Src/main.o
 .debug_aranges
                0x00000080       0x40 ./Core/Src/stm32f1xx_hal_msp.o
 .debug_aranges
                0x000000c0       0x80 ./Core/Src/stm32f1xx_it.o
 .debug_aranges
                0x00000140       0x28 ./Core/Src/system_stm32f1xx.o
 .debug_aranges
                0x00000168       0x28 ./Core/Startup/startup_stm32f103c8tx.o
 .debug_aranges
                0x00000190       0xe0 ./Drivers/STM32F1xx_HAL_Driver/Src/stm32f1xx_hal.o
 .debug_aranges
                0x00000270       0xf0 ./Drivers/STM32F1xx_HAL_Driver/Src/stm32f1xx_hal_adc.o
 .debug_aranges
                0x00000360       0x80 ./Drivers/STM32F1xx_HAL_Driver/Src/stm32f1xx_hal_adc_ex.o
 .debug_aranges
                0x000003e0      0x100 ./Drivers/STM32F1xx_HAL_Driver/Src/stm32f1xx_hal_cortex.o
 .debug_aranges
                0x000004e0       0x80 ./Drivers/STM32F1xx_HAL_Driver/Src/stm32f1xx_hal_dma.o
 .debug_aranges
                0x00000560       0x58 ./Drivers/STM32F1xx_HAL_Driver/Src/stm32f1xx_hal_gpio.o
 .debug_aranges
                0x000005b8      0x140 ./Drivers/STM32F1xx_HAL_Driver/Src/stm32f1xx_hal_pcd.o
 .debug_aranges
                0x000006f8       0x38 ./Drivers/STM32F1xx_HAL_Driver/Src/stm32f1xx_hal_pcd_ex.o
 .debug_aranges
                0x00000730       0x90 ./Drivers/STM32F1xx_HAL_Driver/Src/stm32f1xx_hal_rcc.o
 .debug_aranges
                0x000007c0       0x30 ./Drivers/STM32F1xx_HAL_Driver/Src/stm32f1xx_hal_rcc_ex.o
 .debug_aranges
                0x000007f0      0x3d0 ./Drivers/STM32F1xx_HAL_Driver/Src/stm32f1xx_hal_tim.o
 .debug_aranges
                0x00000bc0      0x168 ./Drivers/STM32F1xx_HAL_Driver/Src/stm32f1xx_hal_tim_ex.o
 .debug_aranges
                0x00000d28       0xf8 ./Drivers/STM32F1xx_HAL_Driver/Src/stm32f1xx_ll_usb.o
 .debug_aranges
                0x00000e20       0x68 ./Middlewares/ST/STM32_USB_Device_Library/Class/HID/Src/usbd_hid.o
 .debug_aranges
                0x00000e88       0xb8 ./Middlewares/ST/STM32_USB_Device_Library/Core/Src/usbd_core.o
 .debug_aranges
                0x00000f40       0x88 ./Middlewares/ST/STM32_USB_Device_Library/Core/Src/usbd_ctlreq.o
 .debug_aranges
                0x00000fc8       0x50 ./Middlewares/ST/STM32_USB_Device_Library/Core/Src/usbd_ioreq.o
 .debug_aranges
                0x00001018       0x20 ./USB_DEVICE/App/usb_device.o
 .debug_aranges
                0x00001038       0x60 ./USB_DEVICE/App/usbd_desc.o
 .debug_aranges
                0x00001098      0x118 ./USB_DEVICE/Target/usbd_conf.o

.debug_rnglists
                0x00000000      0xd78
 .debug_rnglists
                0x00000000       0x63 ./Core/Src/main.o
 .debug_rnglists
                0x00000063       0x2c ./Core/Src/stm32f1xx_hal_msp.o
 .debug_rnglists
                0x0000008f       0x5b ./Core/Src/stm32f1xx_it.o
 .debug_rnglists
                0x000000ea       0x1a ./Core/Src/system_stm32f1xx.o
 .debug_rnglists
                0x00000104       0x19 ./Core/Startup/startup_stm32f103c8tx.o
 .debug_rnglists
                0x0000011d       0xa3 ./Drivers/STM32F1xx_HAL_Driver/Src/stm32f1xx_hal.o
 .debug_rnglists
                0x000001c0       0xbc ./Drivers/STM32F1xx_HAL_Driver/Src/stm32f1xx_hal_adc.o
 .debug_rnglists
                0x0000027c       0x65 ./Drivers/STM32F1xx_HAL_Driver/Src/stm32f1xx_hal_adc_ex.o
 .debug_rnglists
                0x000002e1       0xbb ./Drivers/STM32F1xx_HAL_Driver/Src/stm32f1xx_hal_cortex.o
 .debug_rnglists
                0x0000039c       0x64 ./Drivers/STM32F1xx_HAL_Driver/Src/stm32f1xx_hal_dma.o
 .debug_rnglists
                0x00000400       0x3f ./Drivers/STM32F1xx_HAL_Driver/Src/stm32f1xx_hal_gpio.o
 .debug_rnglists
                0x0000043f       0xf4 ./Drivers/STM32F1xx_HAL_Driver/Src/stm32f1xx_hal_pcd.o
 .debug_rnglists
                0x00000533       0x26 ./Drivers/STM32F1xx_HAL_Driver/Src/stm32f1xx_hal_pcd_ex.o
 .debug_rnglists
                0x00000559       0x6c ./Drivers/STM32F1xx_HAL_Driver/Src/stm32f1xx_hal_rcc.o
 .debug_rnglists
                0x000005c5       0x21 ./Drivers/STM32F1xx_HAL_Driver/Src/stm32f1xx_hal_rcc_ex.o
 .debug_rnglists
                0x000005e6      0x31a ./Drivers/STM32F1xx_HAL_Driver/Src/stm32f1xx_hal_tim.o
 .debug_rnglists
                0x00000900      0x125 ./Drivers/STM32F1xx_HAL_Driver/Src/stm32f1xx_hal_tim_ex.o
 .debug_rnglists
                0x00000a25       0xbd ./Drivers/STM32F1xx_HAL_Driver/Src/stm32f1xx_ll_usb.o
 .debug_rnglists
                0x00000ae2       0x4a ./Middlewares/ST/STM32_USB_Device_Library/Class/HID/Src/usbd_hid.o
 .debug_rnglists
                0x00000b2c       0x89 ./Middlewares/ST/STM32_USB_Device_Library/Core/Src/usbd_core.o
 .debug_rnglists
                0x00000bb5       0x68 ./Middlewares/ST/STM32_USB_Device_Library/Core/Src/usbd_ctlreq.o
 .debug_rnglists
                0x00000c1d       0x37 ./Middlewares/ST/STM32_USB_Device_Library/Core/Src/usbd_ioreq.o
 .debug_rnglists
                0x00000c54       0x13 ./USB_DEVICE/App/usb_device.o
 .debug_rnglists
                0x00000c67       0x43 ./USB_DEVICE/App/usbd_desc.o
 .debug_rnglists
                0x00000caa       0xce ./USB_DEVICE/Target/usbd_conf.o

.debug_macro    0x00000000    0x1a894
 .debug_macro   0x00000000      0x37a ./Core/Src/main.o
 .debug_macro   0x0000037a      0xacc ./Core/Src/main.o
 .debug_macro   0x00000e46      0x227 ./Core/Src/main.o
 .debug_macro   0x0000106d       0x2e ./Core/Src/main.o
 .debug_macro   0x0000109b       0x22 ./Core/Src/main.o
 .debug_macro   0x000010bd       0x22 ./Core/Src/main.o
 .debug_macro   0x000010df       0x8e ./Core/Src/main.o
 .debug_macro   0x0000116d       0x51 ./Core/Src/main.o
 .debug_macro   0x000011be      0x103 ./Core/Src/main.o
 .debug_macro   0x000012c1       0x6a ./Core/Src/main.o
 .debug_macro   0x0000132b      0x1df ./Core/Src/main.o
 .debug_macro   0x0000150a       0x1c ./Core/Src/main.o
 .debug_macro   0x00001526       0x22 ./Core/Src/main.o
 .debug_macro   0x00001548       0xbd ./Core/Src/main.o
 .debug_macro   0x00001605      0xd23 ./Core/Src/main.o
 .debug_macro   0x00002328     0xe09e ./Core/Src/main.o
 .debug_macro   0x000103c6       0x6d ./Core/Src/main.o
 .debug_macro   0x00010433     0x34a2 ./Core/Src/main.o
 .debug_macro   0x000138d5      0x190 ./Core/Src/main.o
 .debug_macro   0x00013a65       0x5c ./Core/Src/main.o
 .debug_macro   0x00013ac1      0x5bc ./Core/Src/main.o
 .debug_macro   0x0001407d      0x289 ./Core/Src/main.o
 .debug_macro   0x00014306      0x1cb ./Core/Src/main.o
 .debug_macro   0x000144d1      0x114 ./Core/Src/main.o
 .debug_macro   0x000145e5      0x1b2 ./Core/Src/main.o
 .debug_macro   0x00014797       0x27 ./Core/Src/main.o
 .debug_macro   0x000147be      0x136 ./Core/Src/main.o
 .debug_macro   0x000148f4      0x1bc ./Core/Src/main.o
 .debug_macro   0x00014ab0       0x34 ./Core/Src/main.o
 .debug_macro   0x00014ae4       0x3c ./Core/Src/main.o
 .debug_macro   0x00014b20       0x57 ./Core/Src/main.o
 .debug_macro   0x00014b77      0x46a ./Core/Src/main.o
 .debug_macro   0x00014fe1      0x1b5 ./Core/Src/main.o
 .debug_macro   0x00015196       0x87 ./Core/Src/main.o
 .debug_macro   0x0001521d      0x240 ./Core/Src/main.o
 .debug_macro   0x0001545d      0x140 ./Core/Src/main.o
 .debug_macro   0x0001559d      0x8ed ./Core/Src/main.o
 .debug_macro   0x00015e8a       0xb7 ./Core/Src/main.o
 .debug_macro   0x00015f41      0x242 ./Core/Src/main.o
 .debug_macro   0x00016183       0x83 ./Core/Src/main.o
 .debug_macro   0x00016206       0x61 ./Core/Src/main.o
 .debug_macro   0x00016267       0x24 ./Core/Src/main.o
 .debug_macro   0x0001628b       0x43 ./Core/Src/main.o
 .debug_macro   0x000162ce       0x34 ./Core/Src/main.o
 .debug_macro   0x00016302       0x16 ./Core/Src/main.o
 .debug_macro   0x00016318       0x3c ./Core/Src/main.o
 .debug_macro   0x00016354      0x370 ./Core/Src/main.o
 .debug_macro   0x000166c4       0x10 ./Core/Src/main.o
 .debug_macro   0x000166d4       0x16 ./Core/Src/main.o
 .debug_macro   0x000166ea       0x4a ./Core/Src/main.o
 .debug_macro   0x00016734       0x34 ./Core/Src/main.o
 .debug_macro   0x00016768       0x10 ./Core/Src/main.o
 .debug_macro   0x00016778       0x58 ./Core/Src/main.o
 .debug_macro   0x000167d0       0x8e ./Core/Src/main.o
 .debug_macro   0x0001685e       0x1c ./Core/Src/main.o
 .debug_macro   0x0001687a      0x185 ./Core/Src/main.o
 .debug_macro   0x000169ff       0x16 ./Core/Src/main.o
 .debug_macro   0x00016a15       0x16 ./Core/Src/main.o
 .debug_macro   0x00016a2b      0x146 ./Core/Src/main.o
 .debug_macro   0x00016b71       0x16 ./Core/Src/main.o
 .debug_macro   0x00016b87       0x16 ./Core/Src/main.o
 .debug_macro   0x00016b9d       0x29 ./Core/Src/main.o
 .debug_macro   0x00016bc6       0x16 ./Core/Src/main.o
 .debug_macro   0x00016bdc       0x20 ./Core/Src/main.o
 .debug_macro   0x00016bfc       0x5f ./Core/Src/main.o
 .debug_macro   0x00016c5b      0x1c8 ./Core/Src/main.o
 .debug_macro   0x00016e23       0x5e ./Core/Src/main.o
 .debug_macro   0x00016e81      0x1db ./Core/Src/stm32f1xx_hal_msp.o
 .debug_macro   0x0001705c      0x1e5 ./Core/Src/stm32f1xx_it.o
 .debug_macro   0x00017241      0x1d1 ./Core/Src/system_stm32f1xx.o
 .debug_macro   0x00017412      0x1f5 ./Drivers/STM32F1xx_HAL_Driver/Src/stm32f1xx_hal.o
 .debug_macro   0x00017607      0x1ee ./Drivers/STM32F1xx_HAL_Driver/Src/stm32f1xx_hal_adc.o
 .debug_macro   0x000177f5      0x1e3 ./Drivers/STM32F1xx_HAL_Driver/Src/stm32f1xx_hal_adc_ex.o
 .debug_macro   0x000179d8      0x1d1 ./Drivers/STM32F1xx_HAL_Driver/Src/stm32f1xx_hal_cortex.o
 .debug_macro   0x00017ba9      0x1d1 ./Drivers/STM32F1xx_HAL_Driver/Src/stm32f1xx_hal_dma.o
 .debug_macro   0x00017d7a      0x23c ./Drivers/STM32F1xx_HAL_Driver/Src/stm32f1xx_hal_gpio.o
 .debug_macro   0x00017fb6      0x1dd ./Drivers/STM32F1xx_HAL_Driver/Src/stm32f1xx_hal_pcd.o
 .debug_macro   0x00018193      0x1d1 ./Drivers/STM32F1xx_HAL_Driver/Src/stm32f1xx_hal_pcd_ex.o
 .debug_macro   0x00018364      0x1e3 ./Drivers/STM32F1xx_HAL_Driver/Src/stm32f1xx_hal_rcc.o
 .debug_macro   0x00018547      0x1d1 ./Drivers/STM32F1xx_HAL_Driver/Src/stm32f1xx_hal_rcc_ex.o
 .debug_macro   0x00018718      0x1d2 ./Drivers/STM32F1xx_HAL_Driver/Src/stm32f1xx_hal_tim.o
 .debug_macro   0x000188ea      0x1d1 ./Drivers/STM32F1xx_HAL_Driver/Src/stm32f1xx_hal_tim_ex.o
 .debug_macro   0x00018abb      0x1d1 ./Drivers/STM32F1xx_HAL_Driver/Src/stm32f1xx_ll_usb.o
 .debug_macro   0x00018c8c      0x36a ./Middlewares/ST/STM32_USB_Device_Library/Class/HID/Src/usbd_hid.o
 .debug_macro   0x00018ff6       0x9e ./Middlewares/ST/STM32_USB_Device_Library/Class/HID/Src/usbd_hid.o
 .debug_macro   0x00019094      0x112 ./Middlewares/ST/STM32_USB_Device_Library/Class/HID/Src/usbd_hid.o
 .debug_macro   0x000191a6       0x56 ./Middlewares/ST/STM32_USB_Device_Library/Class/HID/Src/usbd_hid.o
 .debug_macro   0x000191fc      0x351 ./Middlewares/ST/STM32_USB_Device_Library/Core/Src/usbd_core.o
 .debug_macro   0x0001954d      0x1ce ./Middlewares/ST/STM32_USB_Device_Library/Core/Src/usbd_core.o
 .debug_macro   0x0001971b      0x35b ./Middlewares/ST/STM32_USB_Device_Library/Core/Src/usbd_ctlreq.o
 .debug_macro   0x00019a76      0x357 ./Middlewares/ST/STM32_USB_Device_Library/Core/Src/usbd_ioreq.o
 .debug_macro   0x00019dcd      0x387 ./USB_DEVICE/App/usb_device.o
 .debug_macro   0x0001a154       0x22 ./USB_DEVICE/App/usb_device.o
 .debug_macro   0x0001a176      0x38e ./USB_DEVICE/App/usbd_desc.o
 .debug_macro   0x0001a504       0x1c ./USB_DEVICE/App/usbd_desc.o
 .debug_macro   0x0001a520      0x374 ./USB_DEVICE/Target/usbd_conf.o

.debug_line     0x00000000    0x15d3f
 .debug_line    0x00000000      0xfff ./Core/Src/main.o
 .debug_line    0x00000fff      0x7ed ./Core/Src/stm32f1xx_hal_msp.o
 .debug_line    0x000017ec      0x84f ./Core/Src/stm32f1xx_it.o
 .debug_line    0x0000203b      0x7bf ./Core/Src/system_stm32f1xx.o
 .debug_line    0x000027fa       0x78 ./Core/Startup/startup_stm32f103c8tx.o
 .debug_line    0x00002872      0x9f0 ./Drivers/STM32F1xx_HAL_Driver/Src/stm32f1xx_hal.o
 .debug_line    0x00003262     0x1015 ./Drivers/STM32F1xx_HAL_Driver/Src/stm32f1xx_hal_adc.o
 .debug_line    0x00004277      0xd37 ./Drivers/STM32F1xx_HAL_Driver/Src/stm32f1xx_hal_adc_ex.o
 .debug_line    0x00004fae      0xbba ./Drivers/STM32F1xx_HAL_Driver/Src/stm32f1xx_hal_cortex.o
 .debug_line    0x00005b68      0xdfa ./Drivers/STM32F1xx_HAL_Driver/Src/stm32f1xx_hal_dma.o
 .debug_line    0x00006962      0xa4d ./Drivers/STM32F1xx_HAL_Driver/Src/stm32f1xx_hal_gpio.o
 .debug_line    0x000073af     0x1375 ./Drivers/STM32F1xx_HAL_Driver/Src/stm32f1xx_hal_pcd.o
 .debug_line    0x00008724      0x7ba ./Drivers/STM32F1xx_HAL_Driver/Src/stm32f1xx_hal_pcd_ex.o
 .debug_line    0x00008ede      0xea9 ./Drivers/STM32F1xx_HAL_Driver/Src/stm32f1xx_hal_rcc.o
 .debug_line    0x00009d87      0x95a ./Drivers/STM32F1xx_HAL_Driver/Src/stm32f1xx_hal_rcc_ex.o
 .debug_line    0x0000a6e1     0x34de ./Drivers/STM32F1xx_HAL_Driver/Src/stm32f1xx_hal_tim.o
 .debug_line    0x0000dbbf     0x18b4 ./Drivers/STM32F1xx_HAL_Driver/Src/stm32f1xx_hal_tim_ex.o
 .debug_line    0x0000f473     0x1160 ./Drivers/STM32F1xx_HAL_Driver/Src/stm32f1xx_ll_usb.o
 .debug_line    0x000105d3      0xc1e ./Middlewares/ST/STM32_USB_Device_Library/Class/HID/Src/usbd_hid.o
 .debug_line    0x000111f1      0xdbb ./Middlewares/ST/STM32_USB_Device_Library/Core/Src/usbd_core.o
 .debug_line    0x00011fac     0x1005 ./Middlewares/ST/STM32_USB_Device_Library/Core/Src/usbd_ctlreq.o
 .debug_line    0x00012fb1      0xa71 ./Middlewares/ST/STM32_USB_Device_Library/Core/Src/usbd_ioreq.o
 .debug_line    0x00013a22      0xa22 ./USB_DEVICE/App/usb_device.o
 .debug_line    0x00014444      0xaea ./USB_DEVICE/App/usbd_desc.o
 .debug_line    0x00014f2e      0xe11 ./USB_DEVICE/Target/usbd_conf.o

.debug_str      0x00000000    0x91e4e
 .debug_str     0x00000000    0x91e4e ./Core/Src/main.o
                              0x8e61b (size before relaxing)
 .debug_str     0x00091e4e    0x89964 ./Core/Src/stm32f1xx_hal_msp.o
 .debug_str     0x00091e4e    0x89929 ./Core/Src/stm32f1xx_it.o
 .debug_str     0x00091e4e    0x88f55 ./Core/Src/system_stm32f1xx.o
 .debug_str     0x00091e4e       0x97 ./Core/Startup/startup_stm32f103c8tx.o
 .debug_str     0x00091e4e    0x89688 ./Drivers/STM32F1xx_HAL_Driver/Src/stm32f1xx_hal.o
 .debug_str     0x00091e4e    0x89639 ./Drivers/STM32F1xx_HAL_Driver/Src/stm32f1xx_hal_adc.o
 .debug_str     0x00091e4e    0x89609 ./Drivers/STM32F1xx_HAL_Driver/Src/stm32f1xx_hal_adc_ex.o
 .debug_str     0x00091e4e    0x895d4 ./Drivers/STM32F1xx_HAL_Driver/Src/stm32f1xx_hal_cortex.o
 .debug_str     0x00091e4e    0x892fe ./Drivers/STM32F1xx_HAL_Driver/Src/stm32f1xx_hal_dma.o
 .debug_str     0x00091e4e    0x892db ./Drivers/STM32F1xx_HAL_Driver/Src/stm32f1xx_hal_gpio.o
 .debug_str     0x00091e4e    0x89872 ./Drivers/STM32F1xx_HAL_Driver/Src/stm32f1xx_hal_pcd.o
 .debug_str     0x00091e4e    0x893d4 ./Drivers/STM32F1xx_HAL_Driver/Src/stm32f1xx_hal_pcd_ex.o
 .debug_str     0x00091e4e    0x89384 ./Drivers/STM32F1xx_HAL_Driver/Src/stm32f1xx_hal_rcc.o
 .debug_str     0x00091e4e    0x890d4 ./Drivers/STM32F1xx_HAL_Driver/Src/stm32f1xx_hal_rcc_ex.o
 .debug_str     0x00091e4e    0x8a386 ./Drivers/STM32F1xx_HAL_Driver/Src/stm32f1xx_hal_tim.o
 .debug_str     0x00091e4e    0x89b92 ./Drivers/STM32F1xx_HAL_Driver/Src/stm32f1xx_hal_tim_ex.o
 .debug_str     0x00091e4e    0x89426 ./Drivers/STM32F1xx_HAL_Driver/Src/stm32f1xx_ll_usb.o
 .debug_str     0x00091e4e    0x8d951 ./Middlewares/ST/STM32_USB_Device_Library/Class/HID/Src/usbd_hid.o
 .debug_str     0x00091e4e    0x8d7ec ./Middlewares/ST/STM32_USB_Device_Library/Core/Src/usbd_core.o
 .debug_str     0x00091e4e    0x8d706 ./Middlewares/ST/STM32_USB_Device_Library/Core/Src/usbd_ctlreq.o
 .debug_str     0x00091e4e    0x8d633 ./Middlewares/ST/STM32_USB_Device_Library/Core/Src/usbd_ioreq.o
 .debug_str     0x00091e4e    0x8d7a8 ./USB_DEVICE/App/usb_device.o
 .debug_str     0x00091e4e    0x8d55a ./USB_DEVICE/App/usbd_desc.o
 .debug_str     0x00091e4e    0x8e2e6 ./USB_DEVICE/Target/usbd_conf.o

.comment        0x00000000       0x43
 .comment       0x00000000       0x43 ./Core/Src/main.o
                                 0x44 (size before relaxing)
 .comment       0x00000043       0x44 ./Core/Src/stm32f1xx_hal_msp.o
 .comment       0x00000043       0x44 ./Core/Src/stm32f1xx_it.o
 .comment       0x00000043       0x44 ./Core/Src/system_stm32f1xx.o
 .comment       0x00000043       0x44 ./Drivers/STM32F1xx_HAL_Driver/Src/stm32f1xx_hal.o
 .comment       0x00000043       0x44 ./Drivers/STM32F1xx_HAL_Driver/Src/stm32f1xx_hal_adc.o
 .comment       0x00000043       0x44 ./Drivers/STM32F1xx_HAL_Driver/Src/stm32f1xx_hal_adc_ex.o
 .comment       0x00000043       0x44 ./Drivers/STM32F1xx_HAL_Driver/Src/stm32f1xx_hal_cortex.o
 .comment       0x00000043       0x44 ./Drivers/STM32F1xx_HAL_Driver/Src/stm32f1xx_hal_dma.o
 .comment       0x00000043       0x44 ./Drivers/STM32F1xx_HAL_Driver/Src/stm32f1xx_hal_gpio.o
 .comment       0x00000043       0x44 ./Drivers/STM32F1xx_HAL_Driver/Src/stm32f1xx_hal_pcd.o
 .comment       0x00000043       0x44 ./Drivers/STM32F1xx_HAL_Driver/Src/stm32f1xx_hal_pcd_ex.o
 .comment       0x00000043       0x44 ./Drivers/STM32F1xx_HAL_Driver/Src/stm32f1xx_hal_rcc.o
 .comment       0x00000043       0x44 ./Drivers/STM32F1xx_HAL_Driver/Src/stm32f1xx_hal_rcc_ex.o
 .comment       0x00000043       0x44 ./Drivers/STM32F1xx_HAL_Driver/Src/stm32f1xx_hal_tim.o
 .comment       0x00000043       0x44 ./Drivers/STM32F1xx_HAL_Driver/Src/stm32f1xx_hal_tim_ex.o
 .comment       0x00000043       0x44 ./Drivers/STM32F1xx_HAL_Driver/Src/stm32f1xx_ll_usb.o
 .comment       0x00000043       0x44 ./Middlewares/ST/STM32_USB_Device_Library/Class/HID/Src/usbd_hid.o
 .comment       0x00000043       0x44 ./Middlewares/ST/STM32_USB_Device_Library/Core/Src/usbd_core.o
 .comment       0x00000043       0x44 ./Middlewares/ST/STM32_USB_Device_Library/Core/Src/usbd_ctlreq.o
 .comment       0x00000043       0x44 ./Middlewares/ST/STM32_USB_Device_Library/Core/Src/usbd_ioreq.o
 .comment       0x00000043       0x44 ./USB_DEVICE/App/usb_device.o
 .comment       0x00000043       0x44 ./USB_DEVICE/App/usbd_desc.o
 .comment       0x00000043       0x44 ./USB_DEVICE/Target/usbd_conf.o

.debug_frame    0x00000000     0x489c
 .debug_frame   0x00000000      0x1e0 ./Core/Src/main.o
 .debug_frame   0x000001e0       0xc8 ./Core/Src/stm32f1xx_hal_msp.o
 .debug_frame   0x000002a8      0x174 ./Core/Src/stm32f1xx_it.o
 .debug_frame   0x0000041c       0x58 ./Core/Src/system_stm32f1xx.o
 .debug_frame   0x00000474      0x334 ./Drivers/STM32F1xx_HAL_Driver/Src/stm32f1xx_hal.o
 .debug_frame   0x000007a8      0x40c ./Drivers/STM32F1xx_HAL_Driver/Src/stm32f1xx_hal_adc.o
 .debug_frame   0x00000bb4      0x200 ./Drivers/STM32F1xx_HAL_Driver/Src/stm32f1xx_hal_adc_ex.o
 .debug_frame   0x00000db4      0x428 ./Drivers/STM32F1xx_HAL_Driver/Src/stm32f1xx_hal_cortex.o
 .debug_frame   0x000011dc      0x208 ./Drivers/STM32F1xx_HAL_Driver/Src/stm32f1xx_hal_dma.o
 .debug_frame   0x000013e4      0x14c ./Drivers/STM32F1xx_HAL_Driver/Src/stm32f1xx_hal_gpio.o
 .debug_frame   0x00001530      0x594 ./Drivers/STM32F1xx_HAL_Driver/Src/stm32f1xx_hal_pcd.o
 .debug_frame   0x00001ac4       0xb0 ./Drivers/STM32F1xx_HAL_Driver/Src/stm32f1xx_hal_pcd_ex.o
 .debug_frame   0x00001b74      0x218 ./Drivers/STM32F1xx_HAL_Driver/Src/stm32f1xx_hal_rcc.o
 .debug_frame   0x00001d8c       0x80 ./Drivers/STM32F1xx_HAL_Driver/Src/stm32f1xx_hal_rcc_ex.o
 .debug_frame   0x00001e0c     0x11b8 ./Drivers/STM32F1xx_HAL_Driver/Src/stm32f1xx_hal_tim.o
 .debug_frame   0x00002fc4      0x638 ./Drivers/STM32F1xx_HAL_Driver/Src/stm32f1xx_hal_tim_ex.o
 .debug_frame   0x000035fc      0x470 ./Drivers/STM32F1xx_HAL_Driver/Src/stm32f1xx_ll_usb.o
 .debug_frame   0x00003a6c      0x190 ./Middlewares/ST/STM32_USB_Device_Library/Class/HID/Src/usbd_hid.o
 .debug_frame   0x00003bfc      0x300 ./Middlewares/ST/STM32_USB_Device_Library/Core/Src/usbd_core.o
 .debug_frame   0x00003efc      0x218 ./Middlewares/ST/STM32_USB_Device_Library/Core/Src/usbd_ctlreq.o
 .debug_frame   0x00004114      0x10c ./Middlewares/ST/STM32_USB_Device_Library/Core/Src/usbd_ioreq.o
 .debug_frame   0x00004220       0x2c ./USB_DEVICE/App/usb_device.o
 .debug_frame   0x0000424c      0x160 ./USB_DEVICE/App/usbd_desc.o
 .debug_frame   0x000043ac      0x4a4 ./USB_DEVICE/Target/usbd_conf.o
 .debug_frame   0x00004850       0x20 D:/Programs/Windows/Install_dir/ST/STM32CubeIDE_1.19.0/STM32CubeIDE/plugins/com.st.stm32cube.ide.mcu.externaltools.gnu-tools-for-stm32.13.3.rel1.win32_1.0.0.202411081344/tools/bin/../lib/gcc/arm-none-eabi/13.3.1/../../../../arm-none-eabi/lib/thumb/v7-m/nofp\libc_nano.a(libc_a-memset.o)
 .debug_frame   0x00004870       0x2c D:/Programs/Windows/Install_dir/ST/STM32CubeIDE_1.19.0/STM32CubeIDE/plugins/com.st.stm32cube.ide.mcu.externaltools.gnu-tools-for-stm32.13.3.rel1.win32_1.0.0.202411081344/tools/bin/../lib/gcc/arm-none-eabi/13.3.1/../../../../arm-none-eabi/lib/thumb/v7-m/nofp\libc_nano.a(libc_a-init.o)

.debug_line_str
                0x00000000       0x7b
 .debug_line_str
                0x00000000       0x7b ./Core/Startup/startup_stm32f103c8tx.o
