Archive member included to satisfy reference by file (symbol)

D:/Programs/Windows/Install_dir/ST/STM32CubeIDE_1.19.0/STM32CubeIDE/plugins/com.st.stm32cube.ide.mcu.externaltools.gnu-tools-for-stm32.13.3.rel1.win32_1.0.0.202411081344/tools/bin/../lib/gcc/arm-none-eabi/13.3.1/../../../../arm-none-eabi/lib/thumb/v7-m/nofp\libc_nano.a(libc_a-exit.o)
                              D:/Programs/Windows/Install_dir/ST/STM32CubeIDE_1.19.0/STM32CubeIDE/plugins/com.st.stm32cube.ide.mcu.externaltools.gnu-tools-for-stm32.13.3.rel1.win32_1.0.0.202411081344/tools/bin/../lib/gcc/arm-none-eabi/13.3.1/../../../../arm-none-eabi/lib/thumb/v7-m/nofp/crt0.o (exit)
D:/Programs/Windows/Install_dir/ST/STM32CubeIDE_1.19.0/STM32CubeIDE/plugins/com.st.stm32cube.ide.mcu.externaltools.gnu-tools-for-stm32.13.3.rel1.win32_1.0.0.202411081344/tools/bin/../lib/gcc/arm-none-eabi/13.3.1/../../../../arm-none-eabi/lib/thumb/v7-m/nofp\libc_nano.a(libc_a-findfp.o)
                              D:/Programs/Windows/Install_dir/ST/STM32CubeIDE_1.19.0/STM32CubeIDE/plugins/com.st.stm32cube.ide.mcu.externaltools.gnu-tools-for-stm32.13.3.rel1.win32_1.0.0.202411081344/tools/bin/../lib/gcc/arm-none-eabi/13.3.1/../../../../arm-none-eabi/lib/thumb/v7-m/nofp\libc_nano.a(libc_a-exit.o) (__stdio_exit_handler)
D:/Programs/Windows/Install_dir/ST/STM32CubeIDE_1.19.0/STM32CubeIDE/plugins/com.st.stm32cube.ide.mcu.externaltools.gnu-tools-for-stm32.13.3.rel1.win32_1.0.0.202411081344/tools/bin/../lib/gcc/arm-none-eabi/13.3.1/../../../../arm-none-eabi/lib/thumb/v7-m/nofp\libc_nano.a(libc_a-fwalk.o)
                              D:/Programs/Windows/Install_dir/ST/STM32CubeIDE_1.19.0/STM32CubeIDE/plugins/com.st.stm32cube.ide.mcu.externaltools.gnu-tools-for-stm32.13.3.rel1.win32_1.0.0.202411081344/tools/bin/../lib/gcc/arm-none-eabi/13.3.1/../../../../arm-none-eabi/lib/thumb/v7-m/nofp\libc_nano.a(libc_a-findfp.o) (_fwalk_sglue)
D:/Programs/Windows/Install_dir/ST/STM32CubeIDE_1.19.0/STM32CubeIDE/plugins/com.st.stm32cube.ide.mcu.externaltools.gnu-tools-for-stm32.13.3.rel1.win32_1.0.0.202411081344/tools/bin/../lib/gcc/arm-none-eabi/13.3.1/../../../../arm-none-eabi/lib/thumb/v7-m/nofp\libc_nano.a(libc_a-stdio.o)
                              D:/Programs/Windows/Install_dir/ST/STM32CubeIDE_1.19.0/STM32CubeIDE/plugins/com.st.stm32cube.ide.mcu.externaltools.gnu-tools-for-stm32.13.3.rel1.win32_1.0.0.202411081344/tools/bin/../lib/gcc/arm-none-eabi/13.3.1/../../../../arm-none-eabi/lib/thumb/v7-m/nofp\libc_nano.a(libc_a-findfp.o) (__sread)
D:/Programs/Windows/Install_dir/ST/STM32CubeIDE_1.19.0/STM32CubeIDE/plugins/com.st.stm32cube.ide.mcu.externaltools.gnu-tools-for-stm32.13.3.rel1.win32_1.0.0.202411081344/tools/bin/../lib/gcc/arm-none-eabi/13.3.1/../../../../arm-none-eabi/lib/thumb/v7-m/nofp\libc_nano.a(libc_a-memset.o)
                              D:/Programs/Windows/Install_dir/ST/STM32CubeIDE_1.19.0/STM32CubeIDE/plugins/com.st.stm32cube.ide.mcu.externaltools.gnu-tools-for-stm32.13.3.rel1.win32_1.0.0.202411081344/tools/bin/../lib/gcc/arm-none-eabi/13.3.1/../../../../arm-none-eabi/lib/thumb/v7-m/nofp/crt0.o (memset)
D:/Programs/Windows/Install_dir/ST/STM32CubeIDE_1.19.0/STM32CubeIDE/plugins/com.st.stm32cube.ide.mcu.externaltools.gnu-tools-for-stm32.13.3.rel1.win32_1.0.0.202411081344/tools/bin/../lib/gcc/arm-none-eabi/13.3.1/../../../../arm-none-eabi/lib/thumb/v7-m/nofp\libc_nano.a(libc_a-closer.o)
                              D:/Programs/Windows/Install_dir/ST/STM32CubeIDE_1.19.0/STM32CubeIDE/plugins/com.st.stm32cube.ide.mcu.externaltools.gnu-tools-for-stm32.13.3.rel1.win32_1.0.0.202411081344/tools/bin/../lib/gcc/arm-none-eabi/13.3.1/../../../../arm-none-eabi/lib/thumb/v7-m/nofp\libc_nano.a(libc_a-stdio.o) (_close_r)
D:/Programs/Windows/Install_dir/ST/STM32CubeIDE_1.19.0/STM32CubeIDE/plugins/com.st.stm32cube.ide.mcu.externaltools.gnu-tools-for-stm32.13.3.rel1.win32_1.0.0.202411081344/tools/bin/../lib/gcc/arm-none-eabi/13.3.1/../../../../arm-none-eabi/lib/thumb/v7-m/nofp\libc_nano.a(libc_a-reent.o)
                              D:/Programs/Windows/Install_dir/ST/STM32CubeIDE_1.19.0/STM32CubeIDE/plugins/com.st.stm32cube.ide.mcu.externaltools.gnu-tools-for-stm32.13.3.rel1.win32_1.0.0.202411081344/tools/bin/../lib/gcc/arm-none-eabi/13.3.1/../../../../arm-none-eabi/lib/thumb/v7-m/nofp\libc_nano.a(libc_a-closer.o) (errno)
D:/Programs/Windows/Install_dir/ST/STM32CubeIDE_1.19.0/STM32CubeIDE/plugins/com.st.stm32cube.ide.mcu.externaltools.gnu-tools-for-stm32.13.3.rel1.win32_1.0.0.202411081344/tools/bin/../lib/gcc/arm-none-eabi/13.3.1/../../../../arm-none-eabi/lib/thumb/v7-m/nofp\libc_nano.a(libc_a-impure.o)
                              D:/Programs/Windows/Install_dir/ST/STM32CubeIDE_1.19.0/STM32CubeIDE/plugins/com.st.stm32cube.ide.mcu.externaltools.gnu-tools-for-stm32.13.3.rel1.win32_1.0.0.202411081344/tools/bin/../lib/gcc/arm-none-eabi/13.3.1/../../../../arm-none-eabi/lib/thumb/v7-m/nofp\libc_nano.a(libc_a-reent.o) (_impure_ptr)
[...]
Memory Configuration

Name             Origin             Length             Attributes
RAM              0x20000000         0x00005000         xrw
FLASH            0x08002000         0x0000a000         xr
*default*        0x00000000         0xffffffff

Linker script and memory map

LOAD D:/Programs/Windows/Install_dir/ST/STM32CubeIDE_1.19.0/STM32CubeIDE/plugins/com.st.stm32cube.ide.mcu.externaltools.gnu-tools-for-stm32.13.3.rel1.win32_1.0.0.202411081344/tools/bin/../lib/gcc/arm-none-eabi/13.3.1/thumb/v7-m/nofp/crti.o
LOAD D:/Programs/Windows/Install_dir/ST/STM32CubeIDE_1.19.0/STM32CubeIDE/plugins/com.st.stm32cube.ide.mcu.externaltools.gnu-tools-for-stm32.13.3.rel1.win32_1.0.0.202411081344/tools/bin/../lib/gcc/arm-none-eabi/13.3.1/thumb/v7-m/nofp/crtbegin.o
LOAD D:/Programs/Windows/Install_dir/ST/STM32CubeIDE_1.19.0/STM32CubeIDE/plugins/com.st.stm32cube.ide.mcu.externaltools.gnu-tools-for-stm32.13.3.rel1.win32_1.0.0.202411081344/tools/bin/../lib/gcc/arm-none-eabi/13.3.1/../../../../arm-none-eabi/lib/thumb/v7-m/nofp/crt0.o
LOAD ./Core/Src/main.o
LOAD ./Core/Src/stm32f1xx_hal_msp.o
LOAD ./Core/Src/stm32f1xx_it.o
LOAD ./Core/Src/syscalls.o
LOAD ./Core/Src/sysmem.o
LOAD ./Core/Src/system_stm32f1xx.o
LOAD ./Core/Src/usb_device.o
LOAD ./Core/Src/usbd_conf.o
LOAD ./Core/Src/usbd_custom_hid_if.o
LOAD ./Core/Src/usbd_desc.o
LOAD ./Core/Src/stm32_xinput/stm32_xinput.o
LOAD ./Core/Src/stm32_xinput/usb_xinput.o
LOAD ./Core/Src/stm32_xinput/xinput.o
LOAD ./Core/Startup/startup_stm32f103c8tx.o
LOAD ./Drivers/STM32F1xx_HAL_Driver/Src/stm32f1xx_hal.o
LOAD ./Drivers/STM32F1xx_HAL_Driver/Src/stm32f1xx_hal_adc.o
LOAD ./Drivers/STM32F1xx_HAL_Driver/Src/stm32f1xx_hal_adc_ex.o
LOAD ./Drivers/STM32F1xx_HAL_Driver/Src/stm32f1xx_hal_cortex.o
LOAD ./Drivers/STM32F1xx_HAL_Driver/Src/stm32f1xx_hal_dma.o
LOAD ./Drivers/STM32F1xx_HAL_Driver/Src/stm32f1xx_hal_exti.o
LOAD ./Drivers/STM32F1xx_HAL_Driver/Src/stm32f1xx_hal_flash.o
LOAD ./Drivers/STM32F1xx_HAL_Driver/Src/stm32f1xx_hal_flash_ex.o
LOAD ./Drivers/STM32F1xx_HAL_Driver/Src/stm32f1xx_hal_gpio.o
LOAD ./Drivers/STM32F1xx_HAL_Driver/Src/stm32f1xx_hal_gpio_ex.o
LOAD ./Drivers/STM32F1xx_HAL_Driver/Src/stm32f1xx_hal_pcd.o
LOAD ./Drivers/STM32F1xx_HAL_Driver/Src/stm32f1xx_hal_pcd_ex.o
LOAD ./Drivers/STM32F1xx_HAL_Driver/Src/stm32f1xx_hal_pwr.o
LOAD ./Drivers/STM32F1xx_HAL_Driver/Src/stm32f1xx_hal_rcc.o
LOAD ./Drivers/STM32F1xx_HAL_Driver/Src/stm32f1xx_hal_rcc_ex.o
LOAD ./Drivers/STM32F1xx_HAL_Driver/Src/stm32f1xx_hal_tim.o
LOAD ./Drivers/STM32F1xx_HAL_Driver/Src/stm32f1xx_hal_tim_ex.o
LOAD ./Drivers/STM32F1xx_HAL_Driver/Src/stm32f1xx_ll_usb.o
LOAD ./Middlewares/ST/STM32_USB_Device_Library/Class/CustomHID/Src/usbd_customhid.o
LOAD ./Middlewares/ST/STM32_USB_Device_Library/Core/Src/usbd_core.o
LOAD ./Middlewares/ST/STM32_USB_Device_Library/Core/Src/usbd_ctlreq.o
LOAD ./Middlewares/ST/STM32_USB_Device_Library/Core/Src/usbd_ioreq.o
START GROUP
LOAD D:/Programs/Windows/Install_dir/ST/STM32CubeIDE_1.19.0/STM32CubeIDE/plugins/com.st.stm32cube.ide.mcu.externaltools.gnu-tools-for-stm32.13.3.rel1.win32_1.0.0.202411081344/tools/bin/../lib/gcc/arm-none-eabi/13.3.1/../../../../arm-none-eabi/lib/thumb/v7-m/nofp\libc_nano.a
LOAD D:/Programs/Windows/Install_dir/ST/STM32CubeIDE_1.19.0/STM32CubeIDE/plugins/com.st.stm32cube.ide.mcu.externaltools.gnu-tools-for-stm32.13.3.rel1.win32_1.0.0.202411081344/tools/bin/../lib/gcc/arm-none-eabi/13.3.1/../../../../arm-none-eabi/lib/thumb/v7-m/nofp\libm.a
END GROUP
START GROUP
LOAD D:/Programs/Windows/Install_dir/ST/STM32CubeIDE_1.19.0/STM32CubeIDE/plugins/com.st.stm32cube.ide.mcu.externaltools.gnu-tools-for-stm32.13.3.rel1.win32_1.0.0.202411081344/tools/bin/../lib/gcc/arm-none-eabi/13.3.1/thumb/v7-m/nofp\libgcc.a
LOAD D:/Programs/Windows/Install_dir/ST/STM32CubeIDE_1.19.0/STM32CubeIDE/plugins/com.st.stm32cube.ide.mcu.externaltools.gnu-tools-for-stm32.13.3.rel1.win32_1.0.0.202411081344/tools/bin/../lib/gcc/arm-none-eabi/13.3.1/../../../../arm-none-eabi/lib/thumb/v7-m/nofp\libc_nano.a
END GROUP
START GROUP
LOAD D:/Programs/Windows/Install_dir/ST/STM32CubeIDE_1.19.0/STM32CubeIDE/plugins/com.st.stm32cube.ide.mcu.externaltools.gnu-tools-for-stm32.13.3.rel1.win32_1.0.0.202411081344/tools/bin/../lib/gcc/arm-none-eabi/13.3.1/thumb/v7-m/nofp\libgcc.a
LOAD D:/Programs/Windows/Install_dir/ST/STM32CubeIDE_1.19.0/STM32CubeIDE/plugins/com.st.stm32cube.ide.mcu.externaltools.gnu-tools-for-stm32.13.3.rel1.win32_1.0.0.202411081344/tools/bin/../lib/gcc/arm-none-eabi/13.3.1/../../../../arm-none-eabi/lib/thumb/v7-m/nofp\libc_nano.a
LOAD D:/Programs/Windows/Install_dir/ST/STM32CubeIDE_1.19.0/STM32CubeIDE/plugins/com.st.stm32cube.ide.mcu.externaltools.gnu-tools-for-stm32.13.3.rel1.win32_1.0.0.202411081344/tools/bin/../lib/gcc/arm-none-eabi/13.3.1/../../../../arm-none-eabi/lib/thumb/v7-m/nofp\libnosys.a
END GROUP
START GROUP
LOAD D:/Programs/Windows/Install_dir/ST/STM32CubeIDE_1.19.0/STM32CubeIDE/plugins/com.st.stm32cube.ide.mcu.externaltools.gnu-tools-for-stm32.13.3.rel1.win32_1.0.0.202411081344/tools/bin/../lib/gcc/arm-none-eabi/13.3.1/thumb/v7-m/nofp\libgcc.a
LOAD D:/Programs/Windows/Install_dir/ST/STM32CubeIDE_1.19.0/STM32CubeIDE/plugins/com.st.stm32cube.ide.mcu.externaltools.gnu-tools-for-stm32.13.3.rel1.win32_1.0.0.202411081344/tools/bin/../lib/gcc/arm-none-eabi/13.3.1/../../../../arm-none-eabi/lib/thumb/v7-m/nofp\libc_nano.a
LOAD D:/Programs/Windows/Install_dir/ST/STM32CubeIDE_1.19.0/STM32CubeIDE/plugins/com.st.stm32cube.ide.mcu.externaltools.gnu-tools-for-stm32.13.3.rel1.win32_1.0.0.202411081344/tools/bin/../lib/gcc/arm-none-eabi/13.3.1/../../../../arm-none-eabi/lib/thumb/v7-m/nofp\libnosys.a
END GROUP
LOAD D:/Programs/Windows/Install_dir/ST/STM32CubeIDE_1.19.0/STM32CubeIDE/plugins/com.st.stm32cube.ide.mcu.externaltools.gnu-tools-for-stm32.13.3.rel1.win32_1.0.0.202411081344/tools/bin/../lib/gcc/arm-none-eabi/13.3.1/thumb/v7-m/nofp/crtend.o
LOAD D:/Programs/Windows/Install_dir/ST/STM32CubeIDE_1.19.0/STM32CubeIDE/plugins/com.st.stm32cube.ide.mcu.externaltools.gnu-tools-for-stm32.13.3.rel1.win32_1.0.0.202411081344/tools/bin/../lib/gcc/arm-none-eabi/13.3.1/thumb/v7-m/nofp/crtn.o
                0x20005000                        _estack = (ORIGIN (RAM) + LENGTH (RAM))
                0x00000200                        _Min_Heap_Size = 0x200
                0x00000400                        _Min_Stack_Size = 0x400

.isr_vector     0x08002000      0x10c
                0x08002000                        . = ALIGN (0x4)
 *(.isr_vector)
 .isr_vector    0x08002000      0x10c ./Core/Startup/startup_stm32f103c8tx.o
                0x08002000                g_pfnVectors
                0x0800210c                        . = ALIGN (0x4)

.text           0x0800210c     0x9220
                0x0800210c                        . = ALIGN (0x4)
 *(.text)
 .text          0x0800210c       0x40 D:/Programs/Windows/Install_dir/ST/STM32CubeIDE_1.19.0/STM32CubeIDE/plugins/com.st.stm32cube.ide.mcu.externaltools.gnu-tools-for-stm32.13.3.rel1.win32_1.0.0.202411081344/tools/bin/../lib/gcc/arm-none-eabi/13.3.1/thumb/v7-m/nofp/crtbegin.o
 *(.text*)
 .text.send_xinput_report
                0x0800214c       0x2c ./Core/Src/main.o
                0x0800214c                send_xinput_report
 .text.main     0x08002178       0xc0 ./Core/Src/main.o
                0x08002178                main
 .text.SystemClock_Config
                0x08002238       0xbc ./Core/Src/main.o
                0x08002238                SystemClock_Config
 .text.MX_ADC1_Init
                0x080022f4       0xd4 ./Core/Src/main.o
 .text.MX_TIM2_Init
                0x080023c8       0x9c ./Core/Src/main.o
 .text.HAL_TIM_PeriodElapsedCallback
                0x08002464       0x28 ./Core/Src/main.o
                0x08002464                HAL_TIM_PeriodElapsedCallback
 .text.MX_DMA_Init
                0x0800248c       0x3c ./Core/Src/main.o
 .text.MX_GPIO_Init
                0x080024c8       0xf8 ./Core/Src/main.o
 .text.Error_Handler
                0x080025c0        0xc ./Core/Src/main.o
                0x080025c0                Error_Handler
 .text.HAL_ADC_ConvCpltCallback
                0x080025cc      0x114 ./Core/Src/main.o
                0x080025cc                HAL_ADC_ConvCpltCallback
 .text.HAL_MspInit
                0x080026e0       0x64 ./Core/Src/stm32f1xx_hal_msp.o
                0x080026e0                HAL_MspInit
 .text.HAL_ADC_MspInit
                0x08002744       0xe4 ./Core/Src/stm32f1xx_hal_msp.o
                0x08002744                HAL_ADC_MspInit
 .text.HAL_TIM_Base_MspInit
                0x08002828       0x48 ./Core/Src/stm32f1xx_hal_msp.o
                0x08002828                HAL_TIM_Base_MspInit
 .text.NMI_Handler
                0x08002870        0x8 ./Core/Src/stm32f1xx_it.o
                0x08002870                NMI_Handler
 .text.HardFault_Handler
                0x08002878        0x8 ./Core/Src/stm32f1xx_it.o
                0x08002878                HardFault_Handler
 .text.MemManage_Handler
                0x08002880        0x8 ./Core/Src/stm32f1xx_it.o
                0x08002880                MemManage_Handler
 .text.BusFault_Handler
                0x08002888        0x8 ./Core/Src/stm32f1xx_it.o
                0x08002888                BusFault_Handler
 .text.UsageFault_Handler
                0x08002890        0x8 ./Core/Src/stm32f1xx_it.o
                0x08002890                UsageFault_Handler
 .text.SVC_Handler
                0x08002898        0xc ./Core/Src/stm32f1xx_it.o
                0x08002898                SVC_Handler
 .text.DebugMon_Handler
                0x080028a4        0xc ./Core/Src/stm32f1xx_it.o
                0x080028a4                DebugMon_Handler
 .text.PendSV_Handler
                0x080028b0        0xc ./Core/Src/stm32f1xx_it.o
                0x080028b0                PendSV_Handler
 .text.SysTick_Handler
                0x080028bc        0xc ./Core/Src/stm32f1xx_it.o
                0x080028bc                SysTick_Handler
 .text.DMA1_Channel1_IRQHandler
                0x080028c8       0x14 ./Core/Src/stm32f1xx_it.o
                0x080028c8                DMA1_Channel1_IRQHandler
 .text.ADC1_2_IRQHandler
                0x080028dc       0x14 ./Core/Src/stm32f1xx_it.o
                0x080028dc                ADC1_2_IRQHandler
 .text.USB_HP_CAN1_TX_IRQHandler
                0x080028f0       0x14 ./Core/Src/stm32f1xx_it.o
                0x080028f0                USB_HP_CAN1_TX_IRQHandler
 .text.USB_LP_CAN1_RX0_IRQHandler
                0x08002904       0x14 ./Core/Src/stm32f1xx_it.o
                0x08002904                USB_LP_CAN1_RX0_IRQHandler
 .text.TIM2_IRQHandler
                0x08002918       0x14 ./Core/Src/stm32f1xx_it.o
                0x08002918                TIM2_IRQHandler
 .text.SystemInit
                0x0800292c        0xc ./Core/Src/system_stm32f1xx.o
                0x0800292c                SystemInit
 .text.MX_USB_DEVICE_Init
                0x08002938       0x48 ./Core/Src/usb_device.o
                0x08002938                MX_USB_DEVICE_Init
 .text.HAL_PCD_MspInit
                0x08002980       0x4c ./Core/Src/usbd_conf.o
                0x08002980                HAL_PCD_MspInit
 .text.HAL_PCD_SetupStageCallback
                0x080029cc       0x24 ./Core/Src/usbd_conf.o
                0x080029cc                HAL_PCD_SetupStageCallback
 .text.HAL_PCD_DataOutStageCallback
                0x080029f0       0x36 ./Core/Src/usbd_conf.o
                0x080029f0                HAL_PCD_DataOutStageCallback
 .text.HAL_PCD_DataInStageCallback
                0x08002a26       0x34 ./Core/Src/usbd_conf.o
                0x08002a26                HAL_PCD_DataInStageCallback
 .text.HAL_PCD_SOFCallback
                0x08002a5a       0x1c ./Core/Src/usbd_conf.o
                0x08002a5a                HAL_PCD_SOFCallback
 .text.HAL_PCD_ResetCallback
                0x08002a76       0x44 ./Core/Src/usbd_conf.o
                0x08002a76                HAL_PCD_ResetCallback
 *fill*         0x08002aba        0x2 
 .text.HAL_PCD_SuspendCallback
                0x08002abc       0x34 ./Core/Src/usbd_conf.o
                0x08002abc                HAL_PCD_SuspendCallback
 .text.HAL_PCD_ResumeCallback
                0x08002af0       0x1c ./Core/Src/usbd_conf.o
                0x08002af0                HAL_PCD_ResumeCallback
 .text.USBD_LL_Init
                0x08002b0c      0x108 ./Core/Src/usbd_conf.o
                0x08002b0c                USBD_LL_Init
 .text.USBD_LL_Start
                0x08002c14       0x1e ./Core/Src/usbd_conf.o
                0x08002c14                USBD_LL_Start
 .text.USBD_LL_OpenEP
                0x08002c32       0x34 ./Core/Src/usbd_conf.o
                0x08002c32                USBD_LL_OpenEP
 .text.USBD_LL_CloseEP
                0x08002c66       0x26 ./Core/Src/usbd_conf.o
                0x08002c66                USBD_LL_CloseEP
 .text.USBD_LL_StallEP
                0x08002c8c       0x26 ./Core/Src/usbd_conf.o
                0x08002c8c                USBD_LL_StallEP
 .text.USBD_LL_ClearStallEP
                0x08002cb2       0x26 ./Core/Src/usbd_conf.o
                0x08002cb2                USBD_LL_ClearStallEP
 .text.USBD_LL_IsStallEP
                0x08002cd8       0x56 ./Core/Src/usbd_conf.o
                0x08002cd8                USBD_LL_IsStallEP
 .text.USBD_LL_SetUSBAddress
                0x08002d2e       0x26 ./Core/Src/usbd_conf.o
                0x08002d2e                USBD_LL_SetUSBAddress
 .text.USBD_LL_Transmit
                0x08002d54       0x2e ./Core/Src/usbd_conf.o
                0x08002d54                USBD_LL_Transmit
 .text.USBD_LL_PrepareReceive
                0x08002d82       0x2e ./Core/Src/usbd_conf.o
                0x08002d82                USBD_LL_PrepareReceive
 .text.USBD_static_malloc
                0x08002db0       0x18 ./Core/Src/usbd_conf.o
                0x08002db0                USBD_static_malloc
 .text.USBD_static_free
                0x08002dc8       0x12 ./Core/Src/usbd_conf.o
                0x08002dc8                USBD_static_free
 .text.HAL_PCDEx_SetConnectionState
                0x08002dda       0x16 ./Core/Src/usbd_conf.o
                0x08002dda                HAL_PCDEx_SetConnectionState
 .text.CUSTOM_HID_Init_FS
                0x08002df0       0x1c ./Core/Src/usbd_custom_hid_if.o
 .text.CUSTOM_HID_DeInit_FS
                0x08002e0c        0xe ./Core/Src/usbd_custom_hid_if.o
 *fill*         0x08002e1a        0x2 
 .text.CUSTOM_HID_OutEvent_FS
                0x08002e1c       0x4c ./Core/Src/usbd_custom_hid_if.o
 .text.USBD_FS_DeviceDescriptor
                0x08002e68       0x24 ./Core/Src/usbd_desc.o
                0x08002e68                USBD_FS_DeviceDescriptor
 .text.USBD_FS_LangIDStrDescriptor
                0x08002e8c       0x24 ./Core/Src/usbd_desc.o
                0x08002e8c                USBD_FS_LangIDStrDescriptor
 .text.USBD_FS_ProductStrDescriptor
                0x08002eb0       0x3c ./Core/Src/usbd_desc.o
                0x08002eb0                USBD_FS_ProductStrDescriptor
 .text.USBD_FS_ManufacturerStrDescriptor
                0x08002eec       0x28 ./Core/Src/usbd_desc.o
                0x08002eec                USBD_FS_ManufacturerStrDescriptor
 .text.USBD_FS_SerialStrDescriptor
                0x08002f14       0x3c ./Core/Src/usbd_desc.o
                0x08002f14                USBD_FS_SerialStrDescriptor
 .text.USBD_FS_ConfigStrDescriptor
                0x08002f50       0x3c ./Core/Src/usbd_desc.o
                0x08002f50                USBD_FS_ConfigStrDescriptor
 .text.USBD_FS_InterfaceStrDescriptor
                0x08002f8c       0x3c ./Core/Src/usbd_desc.o
                0x08002f8c                USBD_FS_InterfaceStrDescriptor
 .text.declareButtonPins
                0x08002fc8      0x15c ./Core/Src/stm32_xinput/stm32_xinput.o
                0x08002fc8                declareButtonPins
 .text.declareAnalogPins
                0x08003124       0x84 ./Core/Src/stm32_xinput/stm32_xinput.o
                0x08003124                declareAnalogPins
 .text.declareEncoderPins
                0x080031a8       0x34 ./Core/Src/stm32_xinput/stm32_xinput.o
                0x080031a8                declareEncoderPins
 .text.readButtons
                0x080031dc      0x114 ./Core/Src/stm32_xinput/stm32_xinput.o
                0x080031dc                readButtons
 .text.readAdcValues
                0x080032f0      0x22c ./Core/Src/stm32_xinput/stm32_xinput.o
                0x080032f0                readAdcValues
 .text.updateTriggers
                0x0800351c       0x28 ./Core/Src/stm32_xinput/stm32_xinput.o
                0x0800351c                updateTriggers
 .text.updateSticks
                0x08003544       0x40 ./Core/Src/stm32_xinput/stm32_xinput.o
                0x08003544                updateSticks
 .text.map      0x08003584       0x36 ./Core/Src/stm32_xinput/stm32_xinput.o
                0x08003584                map
 *fill*         0x080035ba        0x2 
 .text.XINPUT_buttonArrayUpdate
                0x080035bc      0x1cc ./Core/Src/stm32_xinput/xinput.o
                0x080035bc                XINPUT_buttonArrayUpdate
 .text.XINPUT_dpadUpdate
                0x08003788       0x9c ./Core/Src/stm32_xinput/xinput.o
                0x08003788                XINPUT_dpadUpdate
 .text.XINPUT_triggerUpdate
                0x08003824       0x2c ./Core/Src/stm32_xinput/xinput.o
                0x08003824                XINPUT_triggerUpdate
 .text.XINPUT_stickUpdate
                0x08003850       0x80 ./Core/Src/stm32_xinput/xinput.o
                0x08003850                XINPUT_stickUpdate
 .text.Reset_Handler
                0x080038d0       0x48 ./Core/Startup/startup_stm32f103c8tx.o
                0x080038d0                Reset_Handler
 .text.Default_Handler
                0x08003918        0x2 ./Core/Startup/startup_stm32f103c8tx.o
                0x08003918                RTC_Alarm_IRQHandler
                0x08003918                EXTI2_IRQHandler
                0x08003918                TIM1_CC_IRQHandler
                0x08003918                PVD_IRQHandler
                0x08003918                EXTI3_IRQHandler
                0x08003918                EXTI0_IRQHandler
                0x08003918                I2C2_EV_IRQHandler
                0x08003918                SPI1_IRQHandler
                0x08003918                TAMPER_IRQHandler
                0x08003918                DMA1_Channel4_IRQHandler
                0x08003918                USART3_IRQHandler
                0x08003918                RTC_IRQHandler
                0x08003918                DMA1_Channel7_IRQHandler
                0x08003918                CAN1_RX1_IRQHandler
                0x08003918                TIM4_IRQHandler
                0x08003918                I2C1_EV_IRQHandler
                0x08003918                DMA1_Channel6_IRQHandler
                0x08003918                TIM3_IRQHandler
                0x08003918                RCC_IRQHandler
                0x08003918                TIM1_TRG_COM_IRQHandler
                0x08003918                Default_Handler
                0x08003918                EXTI15_10_IRQHandler
                0x08003918                EXTI9_5_IRQHandler
                0x08003918                SPI2_IRQHandler
                0x08003918                DMA1_Channel5_IRQHandler
                0x08003918                EXTI4_IRQHandler
                0x08003918                DMA1_Channel3_IRQHandler
                0x08003918                TIM1_UP_IRQHandler
                0x08003918                WWDG_IRQHandler
                0x08003918                TIM1_BRK_IRQHandler
                0x08003918                EXTI1_IRQHandler
                0x08003918                USART2_IRQHandler
                0x08003918                I2C2_ER_IRQHandler
                0x08003918                DMA1_Channel2_IRQHandler
                0x08003918                CAN1_SCE_IRQHandler
                0x08003918                FLASH_IRQHandler
                0x08003918                USART1_IRQHandler
                0x08003918                I2C1_ER_IRQHandler
                0x08003918                USBWakeUp_IRQHandler
 *fill*         0x0800391a        0x2 
 .text.HAL_Init
                0x0800391c       0x2c ./Drivers/STM32F1xx_HAL_Driver/Src/stm32f1xx_hal.o
                0x0800391c                HAL_Init
 .text.HAL_InitTick
                0x08003948       0x60 ./Drivers/STM32F1xx_HAL_Driver/Src/stm32f1xx_hal.o
                0x08003948                HAL_InitTick
 .text.HAL_IncTick
                0x080039a8       0x24 ./Drivers/STM32F1xx_HAL_Driver/Src/stm32f1xx_hal.o
                0x080039a8                HAL_IncTick
 .text.HAL_GetTick
                0x080039cc       0x14 ./Drivers/STM32F1xx_HAL_Driver/Src/stm32f1xx_hal.o
                0x080039cc                HAL_GetTick
 .text.HAL_ADC_Init
                0x080039e0      0x1b0 ./Drivers/STM32F1xx_HAL_Driver/Src/stm32f1xx_hal_adc.o
                0x080039e0                HAL_ADC_Init
 .text.HAL_ADC_Start_IT
                0x08003b90      0x16c ./Drivers/STM32F1xx_HAL_Driver/Src/stm32f1xx_hal_adc.o
                0x08003b90                HAL_ADC_Start_IT
 .text.HAL_ADC_Start_DMA
                0x08003cfc      0x1bc ./Drivers/STM32F1xx_HAL_Driver/Src/stm32f1xx_hal_adc.o
                0x08003cfc                HAL_ADC_Start_DMA
 .text.HAL_ADC_IRQHandler
                0x08003eb8      0x17e ./Drivers/STM32F1xx_HAL_Driver/Src/stm32f1xx_hal_adc.o
                0x08003eb8                HAL_ADC_IRQHandler
 .text.HAL_ADC_ConvHalfCpltCallback
                0x08004036       0x12 ./Drivers/STM32F1xx_HAL_Driver/Src/stm32f1xx_hal_adc.o
                0x08004036                HAL_ADC_ConvHalfCpltCallback
 .text.HAL_ADC_LevelOutOfWindowCallback
                0x08004048       0x12 ./Drivers/STM32F1xx_HAL_Driver/Src/stm32f1xx_hal_adc.o
                0x08004048                HAL_ADC_LevelOutOfWindowCallback
 .text.HAL_ADC_ErrorCallback
                0x0800405a       0x12 ./Drivers/STM32F1xx_HAL_Driver/Src/stm32f1xx_hal_adc.o
                0x0800405a                HAL_ADC_ErrorCallback
 .text.HAL_ADC_ConfigChannel
                0x0800406c      0x1f0 ./Drivers/STM32F1xx_HAL_Driver/Src/stm32f1xx_hal_adc.o
                0x0800406c                HAL_ADC_ConfigChannel
 .text.ADC_Enable
                0x0800425c       0xb4 ./Drivers/STM32F1xx_HAL_Driver/Src/stm32f1xx_hal_adc.o
                0x0800425c                ADC_Enable
 .text.ADC_ConversionStop_Disable
                0x08004310       0x82 ./Drivers/STM32F1xx_HAL_Driver/Src/stm32f1xx_hal_adc.o
                0x08004310                ADC_ConversionStop_Disable
 .text.ADC_DMAConvCplt
                0x08004392       0x7c ./Drivers/STM32F1xx_HAL_Driver/Src/stm32f1xx_hal_adc.o
                0x08004392                ADC_DMAConvCplt
 .text.ADC_DMAHalfConvCplt
                0x0800440e       0x1c ./Drivers/STM32F1xx_HAL_Driver/Src/stm32f1xx_hal_adc.o
                0x0800440e                ADC_DMAHalfConvCplt
 .text.ADC_DMAError
                0x0800442a       0x34 ./Drivers/STM32F1xx_HAL_Driver/Src/stm32f1xx_hal_adc.o
                0x0800442a                ADC_DMAError
 .text.HAL_ADCEx_InjectedConvCpltCallback
                0x0800445e       0x12 ./Drivers/STM32F1xx_HAL_Driver/Src/stm32f1xx_hal_adc_ex.o
                0x0800445e                HAL_ADCEx_InjectedConvCpltCallback
 .text.__NVIC_SetPriorityGrouping
                0x08004470       0x48 ./Drivers/STM32F1xx_HAL_Driver/Src/stm32f1xx_hal_cortex.o
 .text.__NVIC_GetPriorityGrouping
                0x080044b8       0x1c ./Drivers/STM32F1xx_HAL_Driver/Src/stm32f1xx_hal_cortex.o
 .text.__NVIC_EnableIRQ
                0x080044d4       0x38 ./Drivers/STM32F1xx_HAL_Driver/Src/stm32f1xx_hal_cortex.o
 .text.__NVIC_SetPriority
                0x0800450c       0x54 ./Drivers/STM32F1xx_HAL_Driver/Src/stm32f1xx_hal_cortex.o
 .text.NVIC_EncodePriority
                0x08004560       0x64 ./Drivers/STM32F1xx_HAL_Driver/Src/stm32f1xx_hal_cortex.o
 .text.SysTick_Config
                0x080045c4       0x44 ./Drivers/STM32F1xx_HAL_Driver/Src/stm32f1xx_hal_cortex.o
 .text.HAL_NVIC_SetPriorityGrouping
                0x08004608       0x16 ./Drivers/STM32F1xx_HAL_Driver/Src/stm32f1xx_hal_cortex.o
                0x08004608                HAL_NVIC_SetPriorityGrouping
 .text.HAL_NVIC_SetPriority
                0x0800461e       0x38 ./Drivers/STM32F1xx_HAL_Driver/Src/stm32f1xx_hal_cortex.o
                0x0800461e                HAL_NVIC_SetPriority
 .text.HAL_NVIC_EnableIRQ
                0x08004656       0x1c ./Drivers/STM32F1xx_HAL_Driver/Src/stm32f1xx_hal_cortex.o
                0x08004656                HAL_NVIC_EnableIRQ
 .text.HAL_SYSTICK_Config
                0x08004672       0x18 ./Drivers/STM32F1xx_HAL_Driver/Src/stm32f1xx_hal_cortex.o
                0x08004672                HAL_SYSTICK_Config
 *fill*         0x0800468a        0x2 
 .text.HAL_DMA_Init
                0x0800468c       0xb4 ./Drivers/STM32F1xx_HAL_Driver/Src/stm32f1xx_hal_dma.o
                0x0800468c                HAL_DMA_Init
 .text.HAL_DMA_Start_IT
                0x08004740       0xc0 ./Drivers/STM32F1xx_HAL_Driver/Src/stm32f1xx_hal_dma.o
                0x08004740                HAL_DMA_Start_IT
 .text.HAL_DMA_IRQHandler
                0x08004800      0x20c ./Drivers/STM32F1xx_HAL_Driver/Src/stm32f1xx_hal_dma.o
                0x08004800                HAL_DMA_IRQHandler
 .text.DMA_SetConfig
                0x08004a0c       0x5a ./Drivers/STM32F1xx_HAL_Driver/Src/stm32f1xx_hal_dma.o
 *fill*         0x08004a66        0x2 
 .text.HAL_GPIO_Init
                0x08004a68      0x308 ./Drivers/STM32F1xx_HAL_Driver/Src/stm32f1xx_hal_gpio.o
                0x08004a68                HAL_GPIO_Init
 .text.HAL_GPIO_ReadPin
                0x08004d70       0x2e ./Drivers/STM32F1xx_HAL_Driver/Src/stm32f1xx_hal_gpio.o
                0x08004d70                HAL_GPIO_ReadPin
 .text.HAL_GPIO_WritePin
                0x08004d9e       0x30 ./Drivers/STM32F1xx_HAL_Driver/Src/stm32f1xx_hal_gpio.o
                0x08004d9e                HAL_GPIO_WritePin
 .text.HAL_GPIO_TogglePin
                0x08004dce       0x32 ./Drivers/STM32F1xx_HAL_Driver/Src/stm32f1xx_hal_gpio.o
                0x08004dce                HAL_GPIO_TogglePin
 .text.HAL_PCD_Init
                0x08004e00      0x1ec ./Drivers/STM32F1xx_HAL_Driver/Src/stm32f1xx_hal_pcd.o
                0x08004e00                HAL_PCD_Init
 .text.HAL_PCD_Start
                0x08004fec       0x4c ./Drivers/STM32F1xx_HAL_Driver/Src/stm32f1xx_hal_pcd.o
                0x08004fec                HAL_PCD_Start
 .text.HAL_PCD_IRQHandler
                0x08005038      0x260 ./Drivers/STM32F1xx_HAL_Driver/Src/stm32f1xx_hal_pcd.o
                0x08005038                HAL_PCD_IRQHandler
 .text.HAL_PCD_SetAddress
                0x08005298       0x48 ./Drivers/STM32F1xx_HAL_Driver/Src/stm32f1xx_hal_pcd.o
                0x08005298                HAL_PCD_SetAddress
 .text.HAL_PCD_EP_Open
                0x080052e0       0xba ./Drivers/STM32F1xx_HAL_Driver/Src/stm32f1xx_hal_pcd.o
                0x080052e0                HAL_PCD_EP_Open
 .text.HAL_PCD_EP_Close
                0x0800539a       0x90 ./Drivers/STM32F1xx_HAL_Driver/Src/stm32f1xx_hal_pcd.o
                0x0800539a                HAL_PCD_EP_Close
 .text.HAL_PCD_EP_Receive
                0x0800542a       0x62 ./Drivers/STM32F1xx_HAL_Driver/Src/stm32f1xx_hal_pcd.o
                0x0800542a                HAL_PCD_EP_Receive
 .text.HAL_PCD_EP_Transmit
                0x0800548c       0x6e ./Drivers/STM32F1xx_HAL_Driver/Src/stm32f1xx_hal_pcd.o
                0x0800548c                HAL_PCD_EP_Transmit
 .text.HAL_PCD_EP_SetStall
                0x080054fa       0xc0 ./Drivers/STM32F1xx_HAL_Driver/Src/stm32f1xx_hal_pcd.o
                0x080054fa                HAL_PCD_EP_SetStall
 .text.HAL_PCD_EP_ClrStall
                0x080055ba       0xa8 ./Drivers/STM32F1xx_HAL_Driver/Src/stm32f1xx_hal_pcd.o
                0x080055ba                HAL_PCD_EP_ClrStall
 .text.PCD_EP_ISR_Handler
                0x08005662      0x79e ./Drivers/STM32F1xx_HAL_Driver/Src/stm32f1xx_hal_pcd.o
 .text.HAL_PCD_EP_DB_Receive
                0x08005e00      0x21a ./Drivers/STM32F1xx_HAL_Driver/Src/stm32f1xx_hal_pcd.o
 .text.HAL_PCD_EP_DB_Transmit
                0x0800601a      0x7f4 ./Drivers/STM32F1xx_HAL_Driver/Src/stm32f1xx_hal_pcd.o
 .text.HAL_PCDEx_PMAConfig
                0x0800680e       0x84 ./Drivers/STM32F1xx_HAL_Driver/Src/stm32f1xx_hal_pcd_ex.o
                0x0800680e                HAL_PCDEx_PMAConfig
 *fill*         0x08006892        0x2 
 .text.HAL_RCC_OscConfig
                0x08006894      0x504 ./Drivers/STM32F1xx_HAL_Driver/Src/stm32f1xx_hal_rcc.o
                0x08006894                HAL_RCC_OscConfig
 .text.HAL_RCC_ClockConfig
                0x08006d98      0x1d4 ./Drivers/STM32F1xx_HAL_Driver/Src/stm32f1xx_hal_rcc.o
                0x08006d98                HAL_RCC_ClockConfig
 .text.HAL_RCC_GetSysClockFreq
                0x08006f6c       0xa8 ./Drivers/STM32F1xx_HAL_Driver/Src/stm32f1xx_hal_rcc.o
                0x08006f6c                HAL_RCC_GetSysClockFreq
 .text.RCC_Delay
                0x08007014       0x3c ./Drivers/STM32F1xx_HAL_Driver/Src/stm32f1xx_hal_rcc.o
 .text.HAL_RCCEx_PeriphCLKConfig
                0x08007050      0x16c ./Drivers/STM32F1xx_HAL_Driver/Src/stm32f1xx_hal_rcc_ex.o
                0x08007050                HAL_RCCEx_PeriphCLKConfig
 .text.HAL_TIM_Base_Init
                0x080071bc       0x9e ./Drivers/STM32F1xx_HAL_Driver/Src/stm32f1xx_hal_tim.o
                0x080071bc                HAL_TIM_Base_Init
 *fill*         0x0800725a        0x2 
 .text.HAL_TIM_Base_Start_IT
                0x0800725c       0xa4 ./Drivers/STM32F1xx_HAL_Driver/Src/stm32f1xx_hal_tim.o
                0x0800725c                HAL_TIM_Base_Start_IT
 .text.HAL_TIM_IRQHandler
                0x08007300      0x1e0 ./Drivers/STM32F1xx_HAL_Driver/Src/stm32f1xx_hal_tim.o
                0x08007300                HAL_TIM_IRQHandler
 .text.HAL_TIM_ConfigClockSource
                0x080074e0      0x18e ./Drivers/STM32F1xx_HAL_Driver/Src/stm32f1xx_hal_tim.o
                0x080074e0                HAL_TIM_ConfigClockSource
 .text.HAL_TIM_OC_DelayElapsedCallback
                0x0800766e       0x12 ./Drivers/STM32F1xx_HAL_Driver/Src/stm32f1xx_hal_tim.o
                0x0800766e                HAL_TIM_OC_DelayElapsedCallback
 .text.HAL_TIM_IC_CaptureCallback
                0x08007680       0x12 ./Drivers/STM32F1xx_HAL_Driver/Src/stm32f1xx_hal_tim.o
                0x08007680                HAL_TIM_IC_CaptureCallback
 .text.HAL_TIM_PWM_PulseFinishedCallback
                0x08007692       0x12 ./Drivers/STM32F1xx_HAL_Driver/Src/stm32f1xx_hal_tim.o
                0x08007692                HAL_TIM_PWM_PulseFinishedCallback
 .text.HAL_TIM_TriggerCallback
                0x080076a4       0x12 ./Drivers/STM32F1xx_HAL_Driver/Src/stm32f1xx_hal_tim.o
                0x080076a4                HAL_TIM_TriggerCallback
 *fill*         0x080076b6        0x2 
 .text.TIM_Base_SetConfig
                0x080076b8       0xdc ./Drivers/STM32F1xx_HAL_Driver/Src/stm32f1xx_hal_tim.o
                0x080076b8                TIM_Base_SetConfig
 .text.TIM_TI1_ConfigInputStage
                0x08007794       0x5c ./Drivers/STM32F1xx_HAL_Driver/Src/stm32f1xx_hal_tim.o
 .text.TIM_TI2_ConfigInputStage
                0x080077f0       0x5e ./Drivers/STM32F1xx_HAL_Driver/Src/stm32f1xx_hal_tim.o
 .text.TIM_ITRx_SetConfig
                0x0800784e       0x34 ./Drivers/STM32F1xx_HAL_Driver/Src/stm32f1xx_hal_tim.o
 .text.TIM_ETR_SetConfig
                0x08007882       0x3e ./Drivers/STM32F1xx_HAL_Driver/Src/stm32f1xx_hal_tim.o
                0x08007882                TIM_ETR_SetConfig
 .text.HAL_TIMEx_MasterConfigSynchronization
                0x080078c0       0xbc ./Drivers/STM32F1xx_HAL_Driver/Src/stm32f1xx_hal_tim_ex.o
                0x080078c0                HAL_TIMEx_MasterConfigSynchronization
 .text.HAL_TIMEx_CommutCallback
                0x0800797c       0x12 ./Drivers/STM32F1xx_HAL_Driver/Src/stm32f1xx_hal_tim_ex.o
                0x0800797c                HAL_TIMEx_CommutCallback
 .text.HAL_TIMEx_BreakCallback
                0x0800798e       0x12 ./Drivers/STM32F1xx_HAL_Driver/Src/stm32f1xx_hal_tim_ex.o
                0x0800798e                HAL_TIMEx_BreakCallback
 .text.USB_CoreInit
                0x080079a0       0x1a ./Drivers/STM32F1xx_HAL_Driver/Src/stm32f1xx_ll_usb.o
                0x080079a0                USB_CoreInit
 .text.USB_EnableGlobalInt
                0x080079ba       0x2c ./Drivers/STM32F1xx_HAL_Driver/Src/stm32f1xx_ll_usb.o
                0x080079ba                USB_EnableGlobalInt
 .text.USB_DisableGlobalInt
                0x080079e6       0x34 ./Drivers/STM32F1xx_HAL_Driver/Src/stm32f1xx_ll_usb.o
                0x080079e6                USB_DisableGlobalInt
 .text.USB_SetCurrentMode
                0x08007a1a       0x18 ./Drivers/STM32F1xx_HAL_Driver/Src/stm32f1xx_ll_usb.o
                0x08007a1a                USB_SetCurrentMode
 .text.USB_DevInit
                0x08007a32       0x3a ./Drivers/STM32F1xx_HAL_Driver/Src/stm32f1xx_ll_usb.o
                0x08007a32                USB_DevInit
 .text.USB_ActivateEndpoint
                0x08007a6c      0x780 ./Drivers/STM32F1xx_HAL_Driver/Src/stm32f1xx_ll_usb.o
                0x08007a6c                USB_ActivateEndpoint
 .text.USB_DeactivateEndpoint
                0x080081ec      0x3d8 ./Drivers/STM32F1xx_HAL_Driver/Src/stm32f1xx_ll_usb.o
                0x080081ec                USB_DeactivateEndpoint
 .text.USB_EPStartXfer
                0x080085c4     0x1762 ./Drivers/STM32F1xx_HAL_Driver/Src/stm32f1xx_ll_usb.o
                0x080085c4                USB_EPStartXfer
 .text.USB_EPSetStall
                0x08009d26       0xa0 ./Drivers/STM32F1xx_HAL_Driver/Src/stm32f1xx_ll_usb.o
                0x08009d26                USB_EPSetStall
 .text.USB_EPClearStall
                0x08009dc6      0x15a ./Drivers/STM32F1xx_HAL_Driver/Src/stm32f1xx_ll_usb.o
                0x08009dc6                USB_EPClearStall
 .text.USB_SetDevAddress
                0x08009f20       0x26 ./Drivers/STM32F1xx_HAL_Driver/Src/stm32f1xx_ll_usb.o
                0x08009f20                USB_SetDevAddress
 .text.USB_DevConnect
                0x08009f46       0x14 ./Drivers/STM32F1xx_HAL_Driver/Src/stm32f1xx_ll_usb.o
                0x08009f46                USB_DevConnect
 .text.USB_DevDisconnect
                0x08009f5a       0x14 ./Drivers/STM32F1xx_HAL_Driver/Src/stm32f1xx_ll_usb.o
                0x08009f5a                USB_DevDisconnect
 .text.USB_ReadInterrupts
                0x08009f6e       0x1e ./Drivers/STM32F1xx_HAL_Driver/Src/stm32f1xx_ll_usb.o
                0x08009f6e                USB_ReadInterrupts
 .text.USB_EP0_OutStart
                0x08009f8c       0x16 ./Drivers/STM32F1xx_HAL_Driver/Src/stm32f1xx_ll_usb.o
                0x08009f8c                USB_EP0_OutStart
 .text.USB_WritePMA
                0x08009fa2       0x8c ./Drivers/STM32F1xx_HAL_Driver/Src/stm32f1xx_ll_usb.o
                0x08009fa2                USB_WritePMA
 .text.USB_ReadPMA
                0x0800a02e       0x9e ./Drivers/STM32F1xx_HAL_Driver/Src/stm32f1xx_ll_usb.o
                0x0800a02e                USB_ReadPMA
 .text.USBD_CUSTOM_HID_Init
                0x0800a0cc       0x98 ./Middlewares/ST/STM32_USB_Device_Library/Class/CustomHID/Src/usbd_customhid.o
 .text.USBD_CUSTOM_HID_DeInit
                0x0800a164       0x4e ./Middlewares/ST/STM32_USB_Device_Library/Class/CustomHID/Src/usbd_customhid.o
 *fill*         0x0800a1b2        0x2 
 .text.USBD_CUSTOM_HID_Setup
                0x0800a1b4      0x15c ./Middlewares/ST/STM32_USB_Device_Library/Class/CustomHID/Src/usbd_customhid.o
 .text.USBD_CUSTOM_HID_SendReport
                0x0800a310       0x44 ./Middlewares/ST/STM32_USB_Device_Library/Class/CustomHID/Src/usbd_customhid.o
                0x0800a310                USBD_CUSTOM_HID_SendReport
 .text.USBD_CUSTOM_HID_GetCfgDesc
                0x0800a354       0x20 ./Middlewares/ST/STM32_USB_Device_Library/Class/CustomHID/Src/usbd_customhid.o
 .text.USBD_CUSTOM_HID_DataIn
                0x0800a374       0x22 ./Middlewares/ST/STM32_USB_Device_Library/Class/CustomHID/Src/usbd_customhid.o
 *fill*         0x0800a396        0x2 
 .text.USBD_CUSTOM_HID_DataOut
                0x0800a398       0x44 ./Middlewares/ST/STM32_USB_Device_Library/Class/CustomHID/Src/usbd_customhid.o
 .text.USBD_CUSTOM_HID_EP0_RxReady
                0x0800a3dc       0x3c ./Middlewares/ST/STM32_USB_Device_Library/Class/CustomHID/Src/usbd_customhid.o
 .text.USBD_CUSTOM_HID_GetDeviceQualifierDesc
                0x0800a418       0x20 ./Middlewares/ST/STM32_USB_Device_Library/Class/CustomHID/Src/usbd_customhid.o
 .text.USBD_CUSTOM_HID_RegisterInterface
                0x0800a438       0x2c ./Middlewares/ST/STM32_USB_Device_Library/Class/CustomHID/Src/usbd_customhid.o
                0x0800a438                USBD_CUSTOM_HID_RegisterInterface
 .text.USBD_Init
                0x0800a464       0x56 ./Middlewares/ST/STM32_USB_Device_Library/Core/Src/usbd_core.o
                0x0800a464                USBD_Init
 .text.USBD_RegisterClass
                0x0800a4ba       0x32 ./Middlewares/ST/STM32_USB_Device_Library/Core/Src/usbd_core.o
                0x0800a4ba                USBD_RegisterClass
 .text.USBD_Start
                0x0800a4ec       0x18 ./Middlewares/ST/STM32_USB_Device_Library/Core/Src/usbd_core.o
                0x0800a4ec                USBD_Start
 .text.USBD_RunTestMode
                0x0800a504       0x14 ./Middlewares/ST/STM32_USB_Device_Library/Core/Src/usbd_core.o
                0x0800a504                USBD_RunTestMode
 .text.USBD_SetClassConfig
                0x0800a518       0x3e ./Middlewares/ST/STM32_USB_Device_Library/Core/Src/usbd_core.o
                0x0800a518                USBD_SetClassConfig
 .text.USBD_ClrClassConfig
                0x0800a556       0x26 ./Middlewares/ST/STM32_USB_Device_Library/Core/Src/usbd_core.o
                0x0800a556                USBD_ClrClassConfig
 .text.USBD_LL_SetupStage
                0x0800a57c       0x9a ./Middlewares/ST/STM32_USB_Device_Library/Core/Src/usbd_core.o
                0x0800a57c                USBD_LL_SetupStage
 .text.USBD_LL_DataOutStage
                0x0800a616       0xb6 ./Middlewares/ST/STM32_USB_Device_Library/Core/Src/usbd_core.o
                0x0800a616                USBD_LL_DataOutStage
 .text.USBD_LL_DataInStage
                0x0800a6cc      0x11e ./Middlewares/ST/STM32_USB_Device_Library/Core/Src/usbd_core.o
                0x0800a6cc                USBD_LL_DataInStage
 .text.USBD_LL_Reset
                0x0800a7ea       0x5e ./Middlewares/ST/STM32_USB_Device_Library/Core/Src/usbd_core.o
                0x0800a7ea                USBD_LL_Reset
 .text.USBD_LL_SetSpeed
                0x0800a848       0x1e ./Middlewares/ST/STM32_USB_Device_Library/Core/Src/usbd_core.o
                0x0800a848                USBD_LL_SetSpeed
 .text.USBD_LL_Suspend
                0x0800a866       0x28 ./Middlewares/ST/STM32_USB_Device_Library/Core/Src/usbd_core.o
                0x0800a866                USBD_LL_Suspend
 .text.USBD_LL_Resume
                0x0800a88e       0x20 ./Middlewares/ST/STM32_USB_Device_Library/Core/Src/usbd_core.o
                0x0800a88e                USBD_LL_Resume
 .text.USBD_LL_SOF
                0x0800a8ae       0x34 ./Middlewares/ST/STM32_USB_Device_Library/Core/Src/usbd_core.o
                0x0800a8ae                USBD_LL_SOF
 *fill*         0x0800a8e2        0x2 
 .text.USBD_StdDevReq
                0x0800a8e4       0xa0 ./Middlewares/ST/STM32_USB_Device_Library/Core/Src/usbd_ctlreq.o
                0x0800a8e4                USBD_StdDevReq
 .text.USBD_StdItfReq
                0x0800a984       0x66 ./Middlewares/ST/STM32_USB_Device_Library/Core/Src/usbd_ctlreq.o
                0x0800a984                USBD_StdItfReq
 .text.USBD_StdEPReq
                0x0800a9ea      0x1b8 ./Middlewares/ST/STM32_USB_Device_Library/Core/Src/usbd_ctlreq.o
                0x0800a9ea                USBD_StdEPReq
 *fill*         0x0800aba2        0x2 
 .text.USBD_GetDescriptor
                0x0800aba4      0x1f8 ./Middlewares/ST/STM32_USB_Device_Library/Core/Src/usbd_ctlreq.o
 .text.USBD_SetAddress
                0x0800ad9c       0x7e ./Middlewares/ST/STM32_USB_Device_Library/Core/Src/usbd_ctlreq.o
 *fill*         0x0800ae1a        0x2 
 .text.USBD_SetConfig
                0x0800ae1c      0x110 ./Middlewares/ST/STM32_USB_Device_Library/Core/Src/usbd_ctlreq.o
 .text.USBD_GetConfig
                0x0800af2c       0x64 ./Middlewares/ST/STM32_USB_Device_Library/Core/Src/usbd_ctlreq.o
 .text.USBD_GetStatus
                0x0800af90       0x54 ./Middlewares/ST/STM32_USB_Device_Library/Core/Src/usbd_ctlreq.o
 .text.USBD_SetFeature
                0x0800afe4       0x36 ./Middlewares/ST/STM32_USB_Device_Library/Core/Src/usbd_ctlreq.o
 .text.USBD_ClrFeature
                0x0800b01a       0x50 ./Middlewares/ST/STM32_USB_Device_Library/Core/Src/usbd_ctlreq.o
 .text.USBD_ParseSetupRequest
                0x0800b06a       0x72 ./Middlewares/ST/STM32_USB_Device_Library/Core/Src/usbd_ctlreq.o
                0x0800b06a                USBD_ParseSetupRequest
 .text.USBD_CtlError
                0x0800b0dc       0x22 ./Middlewares/ST/STM32_USB_Device_Library/Core/Src/usbd_ctlreq.o
                0x0800b0dc                USBD_CtlError
 .text.USBD_GetString
                0x0800b0fe       0x86 ./Middlewares/ST/STM32_USB_Device_Library/Core/Src/usbd_ctlreq.o
                0x0800b0fe                USBD_GetString
 .text.USBD_GetLen
                0x0800b184       0x2e ./Middlewares/ST/STM32_USB_Device_Library/Core/Src/usbd_ctlreq.o
 .text.USBD_CtlSendData
                0x0800b1b2       0x38 ./Middlewares/ST/STM32_USB_Device_Library/Core/Src/usbd_ioreq.o
                0x0800b1b2                USBD_CtlSendData
 .text.USBD_CtlContinueSendData
                0x0800b1ea       0x24 ./Middlewares/ST/STM32_USB_Device_Library/Core/Src/usbd_ioreq.o
                0x0800b1ea                USBD_CtlContinueSendData
 .text.USBD_CtlPrepareRx
                0x0800b20e       0x3c ./Middlewares/ST/STM32_USB_Device_Library/Core/Src/usbd_ioreq.o
                0x0800b20e                USBD_CtlPrepareRx
 .text.USBD_CtlContinueRx
                0x0800b24a       0x24 ./Middlewares/ST/STM32_USB_Device_Library/Core/Src/usbd_ioreq.o
                0x0800b24a                USBD_CtlContinueRx
 .text.USBD_CtlSendStatus
                0x0800b26e       0x26 ./Middlewares/ST/STM32_USB_Device_Library/Core/Src/usbd_ioreq.o
                0x0800b26e                USBD_CtlSendStatus
 .text.USBD_CtlReceiveStatus
                0x0800b294       0x26 ./Middlewares/ST/STM32_USB_Device_Library/Core/Src/usbd_ioreq.o
                0x0800b294                USBD_CtlReceiveStatus
 .text.memset   0x0800b2ba       0x10 D:/Programs/Windows/Install_dir/ST/STM32CubeIDE_1.19.0/STM32CubeIDE/plugins/com.st.stm32cube.ide.mcu.externaltools.gnu-tools-for-stm32.13.3.rel1.win32_1.0.0.202411081344/tools/bin/../lib/gcc/arm-none-eabi/13.3.1/../../../../arm-none-eabi/lib/thumb/v7-m/nofp\libc_nano.a(libc_a-memset.o)
                0x0800b2ba                memset
 *fill*         0x0800b2ca        0x2 
 .text.__libc_init_array
                0x0800b2cc       0x48 D:/Programs/Windows/Install_dir/ST/STM32CubeIDE_1.19.0/STM32CubeIDE/plugins/com.st.stm32cube.ide.mcu.externaltools.gnu-tools-for-stm32.13.3.rel1.win32_1.0.0.202411081344/tools/bin/../lib/gcc/arm-none-eabi/13.3.1/../../../../arm-none-eabi/lib/thumb/v7-m/nofp\libc_nano.a(libc_a-init.o)
                0x0800b2cc                __libc_init_array
 *(.glue_7)
 .glue_7        0x0800b314        0x0 linker stubs
 *(.glue_7t)
 .glue_7t       0x0800b314        0x0 linker stubs
 *(.eh_frame)
 .eh_frame      0x0800b314        0x0 D:/Programs/Windows/Install_dir/ST/STM32CubeIDE_1.19.0/STM32CubeIDE/plugins/com.st.stm32cube.ide.mcu.externaltools.gnu-tools-for-stm32.13.3.rel1.win32_1.0.0.202411081344/tools/bin/../lib/gcc/arm-none-eabi/13.3.1/thumb/v7-m/nofp/crtbegin.o
 *(.init)
 .init          0x0800b314        0x4 D:/Programs/Windows/Install_dir/ST/STM32CubeIDE_1.19.0/STM32CubeIDE/plugins/com.st.stm32cube.ide.mcu.externaltools.gnu-tools-for-stm32.13.3.rel1.win32_1.0.0.202411081344/tools/bin/../lib/gcc/arm-none-eabi/13.3.1/thumb/v7-m/nofp/crti.o
                0x0800b314                _init
 .init          0x0800b318        0x8 D:/Programs/Windows/Install_dir/ST/STM32CubeIDE_1.19.0/STM32CubeIDE/plugins/com.st.stm32cube.ide.mcu.externaltools.gnu-tools-for-stm32.13.3.rel1.win32_1.0.0.202411081344/tools/bin/../lib/gcc/arm-none-eabi/13.3.1/thumb/v7-m/nofp/crtn.o
 *(.fini)
 .fini          0x0800b320        0x4 D:/Programs/Windows/Install_dir/ST/STM32CubeIDE_1.19.0/STM32CubeIDE/plugins/com.st.stm32cube.ide.mcu.externaltools.gnu-tools-for-stm32.13.3.rel1.win32_1.0.0.202411081344/tools/bin/../lib/gcc/arm-none-eabi/13.3.1/thumb/v7-m/nofp/crti.o
                0x0800b320                _fini
 .fini          0x0800b324        0x8 D:/Programs/Windows/Install_dir/ST/STM32CubeIDE_1.19.0/STM32CubeIDE/plugins/com.st.stm32cube.ide.mcu.externaltools.gnu-tools-for-stm32.13.3.rel1.win32_1.0.0.202411081344/tools/bin/../lib/gcc/arm-none-eabi/13.3.1/thumb/v7-m/nofp/crtn.o
                0x0800b32c                        . = ALIGN (0x4)
                0x0800b32c                        _etext = .

.vfp11_veneer   0x0800b32c        0x0
 .vfp11_veneer  0x0800b32c        0x0 linker stubs

.v4_bx          0x0800b32c        0x0
 .v4_bx         0x0800b32c        0x0 linker stubs

.iplt           0x0800b32c        0x0
 .iplt          0x0800b32c        0x0 D:/Programs/Windows/Install_dir/ST/STM32CubeIDE_1.19.0/STM32CubeIDE/plugins/com.st.stm32cube.ide.mcu.externaltools.gnu-tools-for-stm32.13.3.rel1.win32_1.0.0.202411081344/tools/bin/../lib/gcc/arm-none-eabi/13.3.1/thumb/v7-m/nofp/crtbegin.o

.rodata         0x0800b32c      0x114
                0x0800b32c                        . = ALIGN (0x4)
 *(.rodata)
 .rodata        0x0800b32c       0xef ./Core/Src/usbd_desc.o
 *(.rodata*)
 *fill*         0x0800b41b        0x1 
 .rodata.AHBPrescTable
                0x0800b41c       0x10 ./Core/Src/system_stm32f1xx.o
                0x0800b41c                AHBPrescTable
 .rodata.aPLLMULFactorTable.1
                0x0800b42c       0x10 ./Drivers/STM32F1xx_HAL_Driver/Src/stm32f1xx_hal_rcc.o
 .rodata.aPredivFactorTable.0
                0x0800b43c        0x2 ./Drivers/STM32F1xx_HAL_Driver/Src/stm32f1xx_hal_rcc.o
                0x0800b440                        . = ALIGN (0x4)
 *fill*         0x0800b43e        0x2 

.ARM.extab      0x0800b440        0x0
                0x0800b440                        . = ALIGN (0x4)
 *(.ARM.extab* .gnu.linkonce.armextab.*)
                0x0800b440                        . = ALIGN (0x4)

.ARM            0x0800b440        0x0
                0x0800b440                        . = ALIGN (0x4)
                0x0800b440                        __exidx_start = .
 *(.ARM.exidx*)
                0x0800b440                        __exidx_end = .
                0x0800b440                        . = ALIGN (0x4)

.preinit_array  0x0800b440        0x0
                0x0800b440                        . = ALIGN (0x4)
                0x0800b440                        PROVIDE (__preinit_array_start = .)
 *(.preinit_array*)
                0x0800b440                        PROVIDE (__preinit_array_end = .)
                0x0800b440                        . = ALIGN (0x4)

.init_array     0x0800b440        0x4
                0x0800b440                        . = ALIGN (0x4)
                0x0800b440                        PROVIDE (__init_array_start = .)
 *(SORT_BY_NAME(.init_array.*))
 *(.init_array*)
 .init_array    0x0800b440        0x4 D:/Programs/Windows/Install_dir/ST/STM32CubeIDE_1.19.0/STM32CubeIDE/plugins/com.st.stm32cube.ide.mcu.externaltools.gnu-tools-for-stm32.13.3.rel1.win32_1.0.0.202411081344/tools/bin/../lib/gcc/arm-none-eabi/13.3.1/thumb/v7-m/nofp/crtbegin.o
                0x0800b444                        PROVIDE (__init_array_end = .)
                0x0800b444                        . = ALIGN (0x4)

.fini_array     0x0800b444        0x4
                0x0800b444                        . = ALIGN (0x4)
                [!provide]                        PROVIDE (__fini_array_start = .)
 *(SORT_BY_NAME(.fini_array.*))
 *(.fini_array*)
 .fini_array    0x0800b444        0x4 D:/Programs/Windows/Install_dir/ST/STM32CubeIDE_1.19.0/STM32CubeIDE/plugins/com.st.stm32cube.ide.mcu.externaltools.gnu-tools-for-stm32.13.3.rel1.win32_1.0.0.202411081344/tools/bin/../lib/gcc/arm-none-eabi/13.3.1/thumb/v7-m/nofp/crtbegin.o
                [!provide]                        PROVIDE (__fini_array_end = .)
                0x0800b448                        . = ALIGN (0x4)
                0x0800b448                        _sidata = LOADADDR (.data)

.rel.dyn        0x0800b448        0x0
 .rel.iplt      0x0800b448        0x0 D:/Programs/Windows/Install_dir/ST/STM32CubeIDE_1.19.0/STM32CubeIDE/plugins/com.st.stm32cube.ide.mcu.externaltools.gnu-tools-for-stm32.13.3.rel1.win32_1.0.0.202411081344/tools/bin/../lib/gcc/arm-none-eabi/13.3.1/thumb/v7-m/nofp/crtbegin.o

.data           0x20000000      0x158 load address 0x0800b448
                0x20000000                        . = ALIGN (0x4)
                0x20000000                        _sdata = .
 *(.data)
 *(.data*)
 .data.SystemCoreClock
                0x20000000        0x4 ./Core/Src/system_stm32f1xx.o
                0x20000000                SystemCoreClock
 .data.CUSTOM_HID_ReportDesc_FS
                0x20000004        0x2 ./Core/Src/usbd_custom_hid_if.o
 *fill*         0x20000006        0x2 
 .data.USBD_CustomHID_fops_FS
                0x20000008       0x10 ./Core/Src/usbd_custom_hid_if.o
                0x20000008                USBD_CustomHID_fops_FS
 .data.FS_Desc  0x20000018       0x1c ./Core/Src/usbd_desc.o
                0x20000018                FS_Desc
 .data.USBD_FS_DeviceDesc
                0x20000034       0x12 ./Core/Src/usbd_desc.o
                0x20000034                USBD_FS_DeviceDesc
 *fill*         0x20000046        0x2 
 .data.USBD_LangIDDesc
                0x20000048        0x4 ./Core/Src/usbd_desc.o
                0x20000048                USBD_LangIDDesc
 .data.TXData   0x2000004c       0x14 ./Core/Src/stm32_xinput/xinput.o
                0x2000004c                TXData
 .data.uwTickPrio
                0x20000060        0x4 ./Drivers/STM32F1xx_HAL_Driver/Src/stm32f1xx_hal.o
                0x20000060                uwTickPrio
 .data.uwTickFreq
                0x20000064        0x1 ./Drivers/STM32F1xx_HAL_Driver/Src/stm32f1xx_hal.o
                0x20000064                uwTickFreq
 *fill*         0x20000065        0x3 
 .data.USBD_CUSTOM_HID
                0x20000068       0x3c ./Middlewares/ST/STM32_USB_Device_Library/Class/CustomHID/Src/usbd_customhid.o
                0x20000068                USBD_CUSTOM_HID
 .data.USBD_CUSTOM_HID_CfgDesc
                0x200000a4       0x99 ./Middlewares/ST/STM32_USB_Device_Library/Class/CustomHID/Src/usbd_customhid.o
 *fill*         0x2000013d        0x3 
 .data.USBD_CUSTOM_HID_Desc
                0x20000140        0x9 ./Middlewares/ST/STM32_USB_Device_Library/Class/CustomHID/Src/usbd_customhid.o
 *fill*         0x20000149        0x3 
 .data.USBD_CUSTOM_HID_DeviceQualifierDesc
                0x2000014c        0xa ./Middlewares/ST/STM32_USB_Device_Library/Class/CustomHID/Src/usbd_customhid.o
 *(.RamFunc)
 *(.RamFunc*)
                0x20000158                        . = ALIGN (0x4)
 *fill*         0x20000156        0x2 
                0x20000158                        _edata = .

.igot.plt       0x20000158        0x0 load address 0x0800b5a0
 .igot.plt      0x20000158        0x0 D:/Programs/Windows/Install_dir/ST/STM32CubeIDE_1.19.0/STM32CubeIDE/plugins/com.st.stm32cube.ide.mcu.externaltools.gnu-tools-for-stm32.13.3.rel1.win32_1.0.0.202411081344/tools/bin/../lib/gcc/arm-none-eabi/13.3.1/thumb/v7-m/nofp/crtbegin.o
                0x20000158                        . = ALIGN (0x4)

.bss            0x20000158      0x900 load address 0x0800b5a0
                0x20000158                        _sbss = .
                0x20000158                        __bss_start__ = _sbss
 *(.bss)
 .bss           0x20000158       0x1c D:/Programs/Windows/Install_dir/ST/STM32CubeIDE_1.19.0/STM32CubeIDE/plugins/com.st.stm32cube.ide.mcu.externaltools.gnu-tools-for-stm32.13.3.rel1.win32_1.0.0.202411081344/tools/bin/../lib/gcc/arm-none-eabi/13.3.1/thumb/v7-m/nofp/crtbegin.o
 *(.bss*)
 .bss.hadc1     0x20000174       0x30 ./Core/Src/main.o
                0x20000174                hadc1
 .bss.hdma_adc1
                0x200001a4       0x44 ./Core/Src/main.o
                0x200001a4                hdma_adc1
 .bss.htim2     0x200001e8       0x48 ./Core/Src/main.o
                0x200001e8                htim2
 .bss.ADC_buffer
                0x20000230        0x8 ./Core/Src/main.o
                0x20000230                ADC_buffer
 .bss.x         0x20000238        0x4 ./Core/Src/main.o
                0x20000238                x
 .bss.y         0x2000023c        0x4 ./Core/Src/main.o
                0x2000023c                y
 .bss.lx        0x20000240        0x4 ./Core/Src/main.o
                0x20000240                lx
 .bss.ly        0x20000244        0x4 ./Core/Src/main.o
                0x20000244                ly
 .bss.count     0x20000248        0x1 ./Core/Src/main.o
                0x20000248                count
 *fill*         0x20000249        0x3 
 .bss.USB_RX_Buffer
                0x2000024c        0x8 ./Core/Src/main.o
                0x2000024c                USB_RX_Buffer
 .bss.hUsbDeviceFS
                0x20000254      0x224 ./Core/Src/usb_device.o
                0x20000254                hUsbDeviceFS
 .bss.hpcd_USB_FS
                0x20000478      0x2d8 ./Core/Src/usbd_conf.o
                0x20000478                hpcd_USB_FS
 .bss.mem.0     0x20000750       0x1c ./Core/Src/usbd_conf.o
 .bss.hUsbDevice_0
                0x2000076c        0x4 ./Core/Src/usbd_custom_hid_if.o
                0x2000076c                hUsbDevice_0
 .bss.USBD_StrDesc
                0x20000770      0x200 ./Core/Src/usbd_desc.o
                0x20000770                USBD_StrDesc
 .bss.xLeftStickValue_ADC
                0x20000970        0x2 ./Core/Src/stm32_xinput/stm32_xinput.o
                0x20000970                xLeftStickValue_ADC
 .bss.yLeftStickValue_ADC
                0x20000972        0x2 ./Core/Src/stm32_xinput/stm32_xinput.o
                0x20000972                yLeftStickValue_ADC
 .bss.xRightStickValue_ADC
                0x20000974        0x2 ./Core/Src/stm32_xinput/stm32_xinput.o
                0x20000974                xRightStickValue_ADC
 .bss.yRightStickValue_ADC
                0x20000976        0x2 ./Core/Src/stm32_xinput/stm32_xinput.o
                0x20000976                yRightStickValue_ADC
 .bss.adcValueReady
                0x20000978        0x1 ./Core/Src/stm32_xinput/stm32_xinput.o
                0x20000978                adcValueReady
 *fill*         0x20000979        0x1 
 .bss.leftTriggerValue
                0x2000097a        0x2 ./Core/Src/stm32_xinput/stm32_xinput.o
                0x2000097a                leftTriggerValue
 .bss.rightTriggerValue
                0x2000097c        0x2 ./Core/Src/stm32_xinput/stm32_xinput.o
                0x2000097c                rightTriggerValue
 .bss.xLeftStickValue
                0x2000097e        0x2 ./Core/Src/stm32_xinput/stm32_xinput.o
                0x2000097e                xLeftStickValue
 .bss.yLeftStickValue
                0x20000980        0x2 ./Core/Src/stm32_xinput/stm32_xinput.o
                0x20000980                yLeftStickValue
 .bss.xRightStickValue
                0x20000982        0x2 ./Core/Src/stm32_xinput/stm32_xinput.o
                0x20000982                xRightStickValue
 .bss.yRightStickValue
                0x20000984        0x2 ./Core/Src/stm32_xinput/stm32_xinput.o
                0x20000984                yRightStickValue
 .bss.xRightCenter
                0x20000986        0x2 ./Core/Src/stm32_xinput/stm32_xinput.o
                0x20000986                xRightCenter
 .bss.yRightCenter
                0x20000988        0x2 ./Core/Src/stm32_xinput/stm32_xinput.o
                0x20000988                yRightCenter
 .bss.xLeftCenter
                0x2000098a        0x2 ./Core/Src/stm32_xinput/stm32_xinput.o
                0x2000098a                xLeftCenter
 .bss.yLeftCenter
                0x2000098c        0x2 ./Core/Src/stm32_xinput/stm32_xinput.o
                0x2000098c                yLeftCenter
 *fill*         0x2000098e        0x2 
 .bss.digitalArray
                0x20000990       0x78 ./Core/Src/stm32_xinput/stm32_xinput.o
                0x20000990                digitalArray
 .bss.analogArray
                0x20000a08       0x38 ./Core/Src/stm32_xinput/stm32_xinput.o
                0x20000a08                analogArray
 .bss.encoderPins
                0x20000a40       0x10 ./Core/Src/stm32_xinput/stm32_xinput.o
                0x20000a40                encoderPins
 .bss.uwTick    0x20000a50        0x4 ./Drivers/STM32F1xx_HAL_Driver/Src/stm32f1xx_hal.o
                0x20000a50                uwTick
 .bss.cfgidx.0  0x20000a54        0x1 ./Middlewares/ST/STM32_USB_Device_Library/Core/Src/usbd_ctlreq.o
 *(COMMON)
                0x20000a58                        . = ALIGN (0x4)
 *fill*         0x20000a55        0x3 
                0x20000a58                        _ebss = .
                0x20000a58                        __bss_end__ = _ebss

._user_heap_stack
                0x20000a58      0x600 load address 0x0800b5a0
                0x20000a58                        . = ALIGN (0x8)
                [!provide]                        PROVIDE (end = .)
                0x20000a58                        PROVIDE (_end = .)
                0x20000c58                        . = (. + _Min_Heap_Size)
 *fill*         0x20000a58      0x200 
                0x20001058                        . = (. + _Min_Stack_Size)
 *fill*         0x20000c58      0x400 
                0x20001058                        . = ALIGN (0x8)

/DISCARD/
 libc.a(*)
 libm.a(*)
 libgcc.a(*)

.ARM.attributes
                0x00000000       0x29
 *(.ARM.attributes)
 .ARM.attributes
                0x00000000       0x1d D:/Programs/Windows/Install_dir/ST/STM32CubeIDE_1.19.0/STM32CubeIDE/plugins/com.st.stm32cube.ide.mcu.externaltools.gnu-tools-for-stm32.13.3.rel1.win32_1.0.0.202411081344/tools/bin/../lib/gcc/arm-none-eabi/13.3.1/thumb/v7-m/nofp/crti.o
 .ARM.attributes
                0x0000001d       0x2d D:/Programs/Windows/Install_dir/ST/STM32CubeIDE_1.19.0/STM32CubeIDE/plugins/com.st.stm32cube.ide.mcu.externaltools.gnu-tools-for-stm32.13.3.rel1.win32_1.0.0.202411081344/tools/bin/../lib/gcc/arm-none-eabi/13.3.1/thumb/v7-m/nofp/crtbegin.o
 .ARM.attributes
                0x0000004a       0x2d ./Core/Src/main.o
 .ARM.attributes
                0x00000077       0x2d ./Core/Src/stm32f1xx_hal_msp.o
 .ARM.attributes
                0x000000a4       0x2d ./Core/Src/stm32f1xx_it.o
 .ARM.attributes
                0x000000d1       0x2d ./Core/Src/system_stm32f1xx.o
 .ARM.attributes
                0x000000fe       0x2d ./Core/Src/usb_device.o
 .ARM.attributes
                0x0000012b       0x2d ./Core/Src/usbd_conf.o
 .ARM.attributes
                0x00000158       0x2d ./Core/Src/usbd_custom_hid_if.o
 .ARM.attributes
                0x00000185       0x2d ./Core/Src/usbd_desc.o
 .ARM.attributes
                0x000001b2       0x2d ./Core/Src/stm32_xinput/stm32_xinput.o
 .ARM.attributes
                0x000001df       0x2d ./Core/Src/stm32_xinput/xinput.o
 .ARM.attributes
                0x0000020c       0x21 ./Core/Startup/startup_stm32f103c8tx.o
 .ARM.attributes
                0x0000022d       0x2d ./Drivers/STM32F1xx_HAL_Driver/Src/stm32f1xx_hal.o
 .ARM.attributes
                0x0000025a       0x2d ./Drivers/STM32F1xx_HAL_Driver/Src/stm32f1xx_hal_adc.o
 .ARM.attributes
                0x00000287       0x2d ./Drivers/STM32F1xx_HAL_Driver/Src/stm32f1xx_hal_adc_ex.o
 .ARM.attributes
                0x000002b4       0x2d ./Drivers/STM32F1xx_HAL_Driver/Src/stm32f1xx_hal_cortex.o
 .ARM.attributes
                0x000002e1       0x2d ./Drivers/STM32F1xx_HAL_Driver/Src/stm32f1xx_hal_dma.o
 .ARM.attributes
                0x0000030e       0x2d ./Drivers/STM32F1xx_HAL_Driver/Src/stm32f1xx_hal_gpio.o
 .ARM.attributes
                0x0000033b       0x2d ./Drivers/STM32F1xx_HAL_Driver/Src/stm32f1xx_hal_pcd.o
 .ARM.attributes
                0x00000368       0x2d ./Drivers/STM32F1xx_HAL_Driver/Src/stm32f1xx_hal_pcd_ex.o
 .ARM.attributes
                0x00000395       0x2d ./Drivers/STM32F1xx_HAL_Driver/Src/stm32f1xx_hal_rcc.o
 .ARM.attributes
                0x000003c2       0x2d ./Drivers/STM32F1xx_HAL_Driver/Src/stm32f1xx_hal_rcc_ex.o
 .ARM.attributes
                0x000003ef       0x2d ./Drivers/STM32F1xx_HAL_Driver/Src/stm32f1xx_hal_tim.o
 .ARM.attributes
                0x0000041c       0x2d ./Drivers/STM32F1xx_HAL_Driver/Src/stm32f1xx_hal_tim_ex.o
 .ARM.attributes
                0x00000449       0x2d ./Drivers/STM32F1xx_HAL_Driver/Src/stm32f1xx_ll_usb.o
 .ARM.attributes
                0x00000476       0x2d ./Middlewares/ST/STM32_USB_Device_Library/Class/CustomHID/Src/usbd_customhid.o
 .ARM.attributes
                0x000004a3       0x2d ./Middlewares/ST/STM32_USB_Device_Library/Core/Src/usbd_core.o
 .ARM.attributes
                0x000004d0       0x2d ./Middlewares/ST/STM32_USB_Device_Library/Core/Src/usbd_ctlreq.o
 .ARM.attributes
                0x000004fd       0x2d ./Middlewares/ST/STM32_USB_Device_Library/Core/Src/usbd_ioreq.o
 .ARM.attributes
                0x0000052a       0x2d D:/Programs/Windows/Install_dir/ST/STM32CubeIDE_1.19.0/STM32CubeIDE/plugins/com.st.stm32cube.ide.mcu.externaltools.gnu-tools-for-stm32.13.3.rel1.win32_1.0.0.202411081344/tools/bin/../lib/gcc/arm-none-eabi/13.3.1/../../../../arm-none-eabi/lib/thumb/v7-m/nofp\libc_nano.a(libc_a-memset.o)
 .ARM.attributes
                0x00000557       0x2d D:/Programs/Windows/Install_dir/ST/STM32CubeIDE_1.19.0/STM32CubeIDE/plugins/com.st.stm32cube.ide.mcu.externaltools.gnu-tools-for-stm32.13.3.rel1.win32_1.0.0.202411081344/tools/bin/../lib/gcc/arm-none-eabi/13.3.1/../../../../arm-none-eabi/lib/thumb/v7-m/nofp\libc_nano.a(libc_a-init.o)
 .ARM.attributes
                0x00000584       0x1d D:/Programs/Windows/Install_dir/ST/STM32CubeIDE_1.19.0/STM32CubeIDE/plugins/com.st.stm32cube.ide.mcu.externaltools.gnu-tools-for-stm32.13.3.rel1.win32_1.0.0.202411081344/tools/bin/../lib/gcc/arm-none-eabi/13.3.1/thumb/v7-m/nofp/crtn.o
OUTPUT(blue pill xinput.elf elf32-littlearm)
LOAD linker stubs
LOAD D:/Programs/Windows/Install_dir/ST/STM32CubeIDE_1.19.0/STM32CubeIDE/plugins/com.st.stm32cube.ide.mcu.externaltools.gnu-tools-for-stm32.13.3.rel1.win32_1.0.0.202411081344/tools/bin/../lib/gcc/arm-none-eabi/13.3.1/../../../../arm-none-eabi/lib/thumb/v7-m/nofp\libc.a
LOAD D:/Programs/Windows/Install_dir/ST/STM32CubeIDE_1.19.0/STM32CubeIDE/plugins/com.st.stm32cube.ide.mcu.externaltools.gnu-tools-for-stm32.13.3.rel1.win32_1.0.0.202411081344/tools/bin/../lib/gcc/arm-none-eabi/13.3.1/../../../../arm-none-eabi/lib/thumb/v7-m/nofp\libm.a
LOAD D:/Programs/Windows/Install_dir/ST/STM32CubeIDE_1.19.0/STM32CubeIDE/plugins/com.st.stm32cube.ide.mcu.externaltools.gnu-tools-for-stm32.13.3.rel1.win32_1.0.0.202411081344/tools/bin/../lib/gcc/arm-none-eabi/13.3.1/thumb/v7-m/nofp\libgcc.a

.debug_info     0x00000000    0x14111
 .debug_info    0x00000000     0x176b ./Core/Src/main.o
 .debug_info    0x0000176b      0xd4f ./Core/Src/stm32f1xx_hal_msp.o
 .debug_info    0x000024ba      0xe04 ./Core/Src/stm32f1xx_it.o
 .debug_info    0x000032be      0x222 ./Core/Src/system_stm32f1xx.o
 .debug_info    0x000034e0      0x6f8 ./Core/Src/usb_device.o
 .debug_info    0x00003bd8     0x1701 ./Core/Src/usbd_conf.o
 .debug_info    0x000052d9      0x6e2 ./Core/Src/usbd_custom_hid_if.o
 .debug_info    0x000059bb      0x372 ./Core/Src/usbd_desc.o
 .debug_info    0x00005d2d      0x644 ./Core/Src/stm32_xinput/stm32_xinput.o
 .debug_info    0x00006371      0x55f ./Core/Src/stm32_xinput/xinput.o
 .debug_info    0x000068d0       0x30 ./Core/Startup/startup_stm32f103c8tx.o
 .debug_info    0x00006900      0x704 ./Drivers/STM32F1xx_HAL_Driver/Src/stm32f1xx_hal.o
 .debug_info    0x00007004      0xc50 ./Drivers/STM32F1xx_HAL_Driver/Src/stm32f1xx_hal_adc.o
 .debug_info    0x00007c54      0xa10 ./Drivers/STM32F1xx_HAL_Driver/Src/stm32f1xx_hal_adc_ex.o
 .debug_info    0x00008664      0xa87 ./Drivers/STM32F1xx_HAL_Driver/Src/stm32f1xx_hal_cortex.o
 .debug_info    0x000090eb      0x6d2 ./Drivers/STM32F1xx_HAL_Driver/Src/stm32f1xx_hal_dma.o
 .debug_info    0x000097bd      0x5ab ./Drivers/STM32F1xx_HAL_Driver/Src/stm32f1xx_hal_gpio.o
 .debug_info    0x00009d68     0x16dc ./Drivers/STM32F1xx_HAL_Driver/Src/stm32f1xx_hal_pcd.o
 .debug_info    0x0000b444      0x6c3 ./Drivers/STM32F1xx_HAL_Driver/Src/stm32f1xx_hal_pcd_ex.o
 .debug_info    0x0000bb07      0x7d5 ./Drivers/STM32F1xx_HAL_Driver/Src/stm32f1xx_hal_rcc.o
 .debug_info    0x0000c2dc      0x3c0 ./Drivers/STM32F1xx_HAL_Driver/Src/stm32f1xx_hal_rcc_ex.o
 .debug_info    0x0000c69c     0x2959 ./Drivers/STM32F1xx_HAL_Driver/Src/stm32f1xx_hal_tim.o
 .debug_info    0x0000eff5     0x149b ./Drivers/STM32F1xx_HAL_Driver/Src/stm32f1xx_hal_tim_ex.o
 .debug_info    0x00010490     0x17ae ./Drivers/STM32F1xx_HAL_Driver/Src/stm32f1xx_ll_usb.o
 .debug_info    0x00011c3e      0xa83 ./Middlewares/ST/STM32_USB_Device_Library/Class/CustomHID/Src/usbd_customhid.o
 .debug_info    0x000126c1      0xa51 ./Middlewares/ST/STM32_USB_Device_Library/Core/Src/usbd_core.o
 .debug_info    0x00013112      0x936 ./Middlewares/ST/STM32_USB_Device_Library/Core/Src/usbd_ctlreq.o
 .debug_info    0x00013a48      0x6c9 ./Middlewares/ST/STM32_USB_Device_Library/Core/Src/usbd_ioreq.o

.debug_abbrev   0x00000000     0x3961
 .debug_abbrev  0x00000000      0x36e ./Core/Src/main.o
 .debug_abbrev  0x0000036e      0x215 ./Core/Src/stm32f1xx_hal_msp.o
 .debug_abbrev  0x00000583      0x1df ./Core/Src/stm32f1xx_it.o
 .debug_abbrev  0x00000762      0x13f ./Core/Src/system_stm32f1xx.o
 .debug_abbrev  0x000008a1      0x163 ./Core/Src/usb_device.o
 .debug_abbrev  0x00000a04      0x2ee ./Core/Src/usbd_conf.o
 .debug_abbrev  0x00000cf2      0x1bb ./Core/Src/usbd_custom_hid_if.o
 .debug_abbrev  0x00000ead      0x19a ./Core/Src/usbd_desc.o
 .debug_abbrev  0x00001047      0x215 ./Core/Src/stm32_xinput/stm32_xinput.o
 .debug_abbrev  0x0000125c      0x1f2 ./Core/Src/stm32_xinput/xinput.o
 .debug_abbrev  0x0000144e       0x24 ./Core/Startup/startup_stm32f103c8tx.o
 .debug_abbrev  0x00001472      0x201 ./Drivers/STM32F1xx_HAL_Driver/Src/stm32f1xx_hal.o
 .debug_abbrev  0x00001673      0x225 ./Drivers/STM32F1xx_HAL_Driver/Src/stm32f1xx_hal_adc.o
 .debug_abbrev  0x00001898      0x249 ./Drivers/STM32F1xx_HAL_Driver/Src/stm32f1xx_hal_adc_ex.o
 .debug_abbrev  0x00001ae1      0x2f8 ./Drivers/STM32F1xx_HAL_Driver/Src/stm32f1xx_hal_cortex.o
 .debug_abbrev  0x00001dd9      0x20b ./Drivers/STM32F1xx_HAL_Driver/Src/stm32f1xx_hal_dma.o
 .debug_abbrev  0x00001fe4      0x1ca ./Drivers/STM32F1xx_HAL_Driver/Src/stm32f1xx_hal_gpio.o
 .debug_abbrev  0x000021ae      0x2d6 ./Drivers/STM32F1xx_HAL_Driver/Src/stm32f1xx_hal_pcd.o
 .debug_abbrev  0x00002484      0x189 ./Drivers/STM32F1xx_HAL_Driver/Src/stm32f1xx_hal_pcd_ex.o
 .debug_abbrev  0x0000260d      0x2b3 ./Drivers/STM32F1xx_HAL_Driver/Src/stm32f1xx_hal_rcc.o
 .debug_abbrev  0x000028c0      0x188 ./Drivers/STM32F1xx_HAL_Driver/Src/stm32f1xx_hal_rcc_ex.o
 .debug_abbrev  0x00002a48      0x277 ./Drivers/STM32F1xx_HAL_Driver/Src/stm32f1xx_hal_tim.o
 .debug_abbrev  0x00002cbf      0x282 ./Drivers/STM32F1xx_HAL_Driver/Src/stm32f1xx_hal_tim_ex.o
 .debug_abbrev  0x00002f41      0x1de ./Drivers/STM32F1xx_HAL_Driver/Src/stm32f1xx_ll_usb.o
 .debug_abbrev  0x0000311f      0x267 ./Middlewares/ST/STM32_USB_Device_Library/Class/CustomHID/Src/usbd_customhid.o
 .debug_abbrev  0x00003386      0x226 ./Middlewares/ST/STM32_USB_Device_Library/Core/Src/usbd_core.o
 .debug_abbrev  0x000035ac      0x247 ./Middlewares/ST/STM32_USB_Device_Library/Core/Src/usbd_ctlreq.o
 .debug_abbrev  0x000037f3      0x16e ./Middlewares/ST/STM32_USB_Device_Library/Core/Src/usbd_ioreq.o

.debug_aranges  0x00000000     0x1298
 .debug_aranges
                0x00000000       0x70 ./Core/Src/main.o
 .debug_aranges
                0x00000070       0x40 ./Core/Src/stm32f1xx_hal_msp.o
 .debug_aranges
                0x000000b0       0x88 ./Core/Src/stm32f1xx_it.o
 .debug_aranges
                0x00000138       0x28 ./Core/Src/system_stm32f1xx.o
 .debug_aranges
                0x00000160       0x20 ./Core/Src/usb_device.o
 .debug_aranges
                0x00000180      0x110 ./Core/Src/usbd_conf.o
 .debug_aranges
                0x00000290       0x30 ./Core/Src/usbd_custom_hid_if.o
 .debug_aranges
                0x000002c0       0x50 ./Core/Src/usbd_desc.o
 .debug_aranges
                0x00000310       0x60 ./Core/Src/stm32_xinput/stm32_xinput.o
 .debug_aranges
                0x00000370       0x78 ./Core/Src/stm32_xinput/xinput.o
 .debug_aranges
                0x000003e8       0x28 ./Core/Startup/startup_stm32f103c8tx.o
 .debug_aranges
                0x00000410       0xe0 ./Drivers/STM32F1xx_HAL_Driver/Src/stm32f1xx_hal.o
 .debug_aranges
                0x000004f0       0xf0 ./Drivers/STM32F1xx_HAL_Driver/Src/stm32f1xx_hal_adc.o
 .debug_aranges
                0x000005e0       0x80 ./Drivers/STM32F1xx_HAL_Driver/Src/stm32f1xx_hal_adc_ex.o
 .debug_aranges
                0x00000660      0x100 ./Drivers/STM32F1xx_HAL_Driver/Src/stm32f1xx_hal_cortex.o
 .debug_aranges
                0x00000760       0x80 ./Drivers/STM32F1xx_HAL_Driver/Src/stm32f1xx_hal_dma.o
 .debug_aranges
                0x000007e0       0x58 ./Drivers/STM32F1xx_HAL_Driver/Src/stm32f1xx_hal_gpio.o
 .debug_aranges
                0x00000838      0x140 ./Drivers/STM32F1xx_HAL_Driver/Src/stm32f1xx_hal_pcd.o
 .debug_aranges
                0x00000978       0x38 ./Drivers/STM32F1xx_HAL_Driver/Src/stm32f1xx_hal_pcd_ex.o
 .debug_aranges
                0x000009b0       0x90 ./Drivers/STM32F1xx_HAL_Driver/Src/stm32f1xx_hal_rcc.o
 .debug_aranges
                0x00000a40       0x30 ./Drivers/STM32F1xx_HAL_Driver/Src/stm32f1xx_hal_rcc_ex.o
 .debug_aranges
                0x00000a70      0x3d0 ./Drivers/STM32F1xx_HAL_Driver/Src/stm32f1xx_hal_tim.o
 .debug_aranges
                0x00000e40      0x168 ./Drivers/STM32F1xx_HAL_Driver/Src/stm32f1xx_hal_tim_ex.o
 .debug_aranges
                0x00000fa8       0xf8 ./Drivers/STM32F1xx_HAL_Driver/Src/stm32f1xx_ll_usb.o
 .debug_aranges
                0x000010a0       0x68 ./Middlewares/ST/STM32_USB_Device_Library/Class/CustomHID/Src/usbd_customhid.o
 .debug_aranges
                0x00001108       0xb8 ./Middlewares/ST/STM32_USB_Device_Library/Core/Src/usbd_core.o
 .debug_aranges
                0x000011c0       0x88 ./Middlewares/ST/STM32_USB_Device_Library/Core/Src/usbd_ctlreq.o
 .debug_aranges
                0x00001248       0x50 ./Middlewares/ST/STM32_USB_Device_Library/Core/Src/usbd_ioreq.o

.debug_rnglists
                0x00000000      0xe1c
 .debug_rnglists
                0x00000000       0x55 ./Core/Src/main.o
 .debug_rnglists
                0x00000055       0x2c ./Core/Src/stm32f1xx_hal_msp.o
 .debug_rnglists
                0x00000081       0x61 ./Core/Src/stm32f1xx_it.o
 .debug_rnglists
                0x000000e2       0x1a ./Core/Src/system_stm32f1xx.o
 .debug_rnglists
                0x000000fc       0x13 ./Core/Src/usb_device.o
 .debug_rnglists
                0x0000010f       0xc8 ./Core/Src/usbd_conf.o
 .debug_rnglists
                0x000001d7       0x1f ./Core/Src/usbd_custom_hid_if.o
 .debug_rnglists
                0x000001f6       0x37 ./Core/Src/usbd_desc.o
 .debug_rnglists
                0x0000022d       0x47 ./Core/Src/stm32_xinput/stm32_xinput.o
 .debug_rnglists
                0x00000274       0x5a ./Core/Src/stm32_xinput/xinput.o
 .debug_rnglists
                0x000002ce       0x19 ./Core/Startup/startup_stm32f103c8tx.o
 .debug_rnglists
                0x000002e7       0xa3 ./Drivers/STM32F1xx_HAL_Driver/Src/stm32f1xx_hal.o
 .debug_rnglists
                0x0000038a       0xbc ./Drivers/STM32F1xx_HAL_Driver/Src/stm32f1xx_hal_adc.o
 .debug_rnglists
                0x00000446       0x65 ./Drivers/STM32F1xx_HAL_Driver/Src/stm32f1xx_hal_adc_ex.o
 .debug_rnglists
                0x000004ab       0xbb ./Drivers/STM32F1xx_HAL_Driver/Src/stm32f1xx_hal_cortex.o
 .debug_rnglists
                0x00000566       0x64 ./Drivers/STM32F1xx_HAL_Driver/Src/stm32f1xx_hal_dma.o
 .debug_rnglists
                0x000005ca       0x3f ./Drivers/STM32F1xx_HAL_Driver/Src/stm32f1xx_hal_gpio.o
 .debug_rnglists
                0x00000609       0xf4 ./Drivers/STM32F1xx_HAL_Driver/Src/stm32f1xx_hal_pcd.o
 .debug_rnglists
                0x000006fd       0x26 ./Drivers/STM32F1xx_HAL_Driver/Src/stm32f1xx_hal_pcd_ex.o
 .debug_rnglists
                0x00000723       0x6c ./Drivers/STM32F1xx_HAL_Driver/Src/stm32f1xx_hal_rcc.o
 .debug_rnglists
                0x0000078f       0x21 ./Drivers/STM32F1xx_HAL_Driver/Src/stm32f1xx_hal_rcc_ex.o
 .debug_rnglists
                0x000007b0      0x31a ./Drivers/STM32F1xx_HAL_Driver/Src/stm32f1xx_hal_tim.o
 .debug_rnglists
                0x00000aca      0x125 ./Drivers/STM32F1xx_HAL_Driver/Src/stm32f1xx_hal_tim_ex.o
 .debug_rnglists
                0x00000bef       0xbd ./Drivers/STM32F1xx_HAL_Driver/Src/stm32f1xx_ll_usb.o
 .debug_rnglists
                0x00000cac       0x4b ./Middlewares/ST/STM32_USB_Device_Library/Class/CustomHID/Src/usbd_customhid.o
 .debug_rnglists
                0x00000cf7       0x88 ./Middlewares/ST/STM32_USB_Device_Library/Core/Src/usbd_core.o
 .debug_rnglists
                0x00000d7f       0x66 ./Middlewares/ST/STM32_USB_Device_Library/Core/Src/usbd_ctlreq.o
 .debug_rnglists
                0x00000de5       0x37 ./Middlewares/ST/STM32_USB_Device_Library/Core/Src/usbd_ioreq.o

.debug_macro    0x00000000    0x1b8cf
 .debug_macro   0x00000000      0x38d ./Core/Src/main.o
 .debug_macro   0x0000038d      0xacc ./Core/Src/main.o
 .debug_macro   0x00000e59      0x227 ./Core/Src/main.o
 .debug_macro   0x00001080       0x2e ./Core/Src/main.o
 .debug_macro   0x000010ae       0x22 ./Core/Src/main.o
 .debug_macro   0x000010d0       0x22 ./Core/Src/main.o
 .debug_macro   0x000010f2       0x8e ./Core/Src/main.o
 .debug_macro   0x00001180       0x51 ./Core/Src/main.o
 .debug_macro   0x000011d1      0x103 ./Core/Src/main.o
 .debug_macro   0x000012d4       0x6a ./Core/Src/main.o
 .debug_macro   0x0000133e      0x1df ./Core/Src/main.o
 .debug_macro   0x0000151d       0x1c ./Core/Src/main.o
 .debug_macro   0x00001539       0x22 ./Core/Src/main.o
 .debug_macro   0x0000155b       0xbd ./Core/Src/main.o
 .debug_macro   0x00001618      0xd23 ./Core/Src/main.o
 .debug_macro   0x0000233b     0xe09e ./Core/Src/main.o
 .debug_macro   0x000103d9       0x6d ./Core/Src/main.o
 .debug_macro   0x00010446     0x34a2 ./Core/Src/main.o
 .debug_macro   0x000138e8      0x190 ./Core/Src/main.o
 .debug_macro   0x00013a78       0x5c ./Core/Src/main.o
 .debug_macro   0x00013ad4      0x5bc ./Core/Src/main.o
 .debug_macro   0x00014090      0x289 ./Core/Src/main.o
 .debug_macro   0x00014319      0x1cb ./Core/Src/main.o
 .debug_macro   0x000144e4      0x114 ./Core/Src/main.o
 .debug_macro   0x000145f8      0x1b2 ./Core/Src/main.o
 .debug_macro   0x000147aa       0x27 ./Core/Src/main.o
 .debug_macro   0x000147d1      0x136 ./Core/Src/main.o
 .debug_macro   0x00014907      0x1bc ./Core/Src/main.o
 .debug_macro   0x00014ac3       0x34 ./Core/Src/main.o
 .debug_macro   0x00014af7       0x3c ./Core/Src/main.o
 .debug_macro   0x00014b33       0x57 ./Core/Src/main.o
 .debug_macro   0x00014b8a      0x46a ./Core/Src/main.o
 .debug_macro   0x00014ff4      0x1b5 ./Core/Src/main.o
 .debug_macro   0x000151a9       0x87 ./Core/Src/main.o
 .debug_macro   0x00015230      0x240 ./Core/Src/main.o
 .debug_macro   0x00015470      0x140 ./Core/Src/main.o
 .debug_macro   0x000155b0      0x8ed ./Core/Src/main.o
 .debug_macro   0x00015e9d       0xb7 ./Core/Src/main.o
 .debug_macro   0x00015f54      0x242 ./Core/Src/main.o
 .debug_macro   0x00016196       0x83 ./Core/Src/main.o
 .debug_macro   0x00016219       0x61 ./Core/Src/main.o
 .debug_macro   0x0001627a       0x24 ./Core/Src/main.o
 .debug_macro   0x0001629e       0x43 ./Core/Src/main.o
 .debug_macro   0x000162e1       0x34 ./Core/Src/main.o
 .debug_macro   0x00016315       0x16 ./Core/Src/main.o
 .debug_macro   0x0001632b       0x3c ./Core/Src/main.o
 .debug_macro   0x00016367      0x370 ./Core/Src/main.o
 .debug_macro   0x000166d7       0x10 ./Core/Src/main.o
 .debug_macro   0x000166e7       0x16 ./Core/Src/main.o
 .debug_macro   0x000166fd       0x4a ./Core/Src/main.o
 .debug_macro   0x00016747       0x34 ./Core/Src/main.o
 .debug_macro   0x0001677b       0x10 ./Core/Src/main.o
 .debug_macro   0x0001678b       0x58 ./Core/Src/main.o
 .debug_macro   0x000167e3       0x8e ./Core/Src/main.o
 .debug_macro   0x00016871       0x1c ./Core/Src/main.o
 .debug_macro   0x0001688d      0x185 ./Core/Src/main.o
 .debug_macro   0x00016a12       0x16 ./Core/Src/main.o
 .debug_macro   0x00016a28       0x16 ./Core/Src/main.o
 .debug_macro   0x00016a3e      0x146 ./Core/Src/main.o
 .debug_macro   0x00016b84       0x16 ./Core/Src/main.o
 .debug_macro   0x00016b9a       0x16 ./Core/Src/main.o
 .debug_macro   0x00016bb0       0x29 ./Core/Src/main.o
 .debug_macro   0x00016bd9       0x16 ./Core/Src/main.o
 .debug_macro   0x00016bef       0x20 ./Core/Src/main.o
 .debug_macro   0x00016c0f       0x6a ./Core/Src/main.o
 .debug_macro   0x00016c79      0x1c3 ./Core/Src/main.o
 .debug_macro   0x00016e3c       0xca ./Core/Src/main.o
 .debug_macro   0x00016f06       0x10 ./Core/Src/main.o
 .debug_macro   0x00016f16      0x460 ./Core/Src/main.o
 .debug_macro   0x00017376       0x46 ./Core/Src/main.o
 .debug_macro   0x000173bc      0x1e9 ./Core/Src/main.o
 .debug_macro   0x000175a5      0x1db ./Core/Src/stm32f1xx_hal_msp.o
 .debug_macro   0x00017780      0x1e5 ./Core/Src/stm32f1xx_it.o
 .debug_macro   0x00017965      0x1d1 ./Core/Src/system_stm32f1xx.o
 .debug_macro   0x00017b36      0x38b ./Core/Src/usb_device.o
 .debug_macro   0x00017ec1       0x5e ./Core/Src/usb_device.o
 .debug_macro   0x00017f1f      0x377 ./Core/Src/usbd_conf.o
 .debug_macro   0x00018296      0x377 ./Core/Src/usbd_custom_hid_if.o
 .debug_macro   0x0001860d       0x9e ./Core/Src/usbd_custom_hid_if.o
 .debug_macro   0x000186ab      0x112 ./Core/Src/usbd_custom_hid_if.o
 .debug_macro   0x000187bd       0x56 ./Core/Src/usbd_custom_hid_if.o
 .debug_macro   0x00018813      0x38e ./Core/Src/usbd_desc.o
 .debug_macro   0x00018ba1      0x369 ./Core/Src/stm32_xinput/stm32_xinput.o
 .debug_macro   0x00018f0a       0x40 ./Core/Src/stm32_xinput/stm32_xinput.o
 .debug_macro   0x00018f4a       0x3a ./Core/Src/stm32_xinput/stm32_xinput.o
 .debug_macro   0x00018f84      0x369 ./Core/Src/stm32_xinput/xinput.o
 .debug_macro   0x000192ed      0x1f5 ./Drivers/STM32F1xx_HAL_Driver/Src/stm32f1xx_hal.o
 .debug_macro   0x000194e2      0x1ee ./Drivers/STM32F1xx_HAL_Driver/Src/stm32f1xx_hal_adc.o
 .debug_macro   0x000196d0      0x1e3 ./Drivers/STM32F1xx_HAL_Driver/Src/stm32f1xx_hal_adc_ex.o
 .debug_macro   0x000198b3      0x1d1 ./Drivers/STM32F1xx_HAL_Driver/Src/stm32f1xx_hal_cortex.o
 .debug_macro   0x00019a84      0x1d1 ./Drivers/STM32F1xx_HAL_Driver/Src/stm32f1xx_hal_dma.o
 .debug_macro   0x00019c55      0x23c ./Drivers/STM32F1xx_HAL_Driver/Src/stm32f1xx_hal_gpio.o
 .debug_macro   0x00019e91      0x1dd ./Drivers/STM32F1xx_HAL_Driver/Src/stm32f1xx_hal_pcd.o
 .debug_macro   0x0001a06e      0x1d1 ./Drivers/STM32F1xx_HAL_Driver/Src/stm32f1xx_hal_pcd_ex.o
 .debug_macro   0x0001a23f      0x1e3 ./Drivers/STM32F1xx_HAL_Driver/Src/stm32f1xx_hal_rcc.o
 .debug_macro   0x0001a422      0x1d1 ./Drivers/STM32F1xx_HAL_Driver/Src/stm32f1xx_hal_rcc_ex.o
 .debug_macro   0x0001a5f3      0x1d2 ./Drivers/STM32F1xx_HAL_Driver/Src/stm32f1xx_hal_tim.o
 .debug_macro   0x0001a7c5      0x1d1 ./Drivers/STM32F1xx_HAL_Driver/Src/stm32f1xx_hal_tim_ex.o
 .debug_macro   0x0001a996      0x1d1 ./Drivers/STM32F1xx_HAL_Driver/Src/stm32f1xx_ll_usb.o
 .debug_macro   0x0001ab67      0x36d ./Middlewares/ST/STM32_USB_Device_Library/Class/CustomHID/Src/usbd_customhid.o
 .debug_macro   0x0001aed4      0x355 ./Middlewares/ST/STM32_USB_Device_Library/Core/Src/usbd_core.o
 .debug_macro   0x0001b229      0x355 ./Middlewares/ST/STM32_USB_Device_Library/Core/Src/usbd_ctlreq.o
 .debug_macro   0x0001b57e      0x351 ./Middlewares/ST/STM32_USB_Device_Library/Core/Src/usbd_ioreq.o

.debug_line     0x00000000    0x17c0f
 .debug_line    0x00000000      0xc6c ./Core/Src/main.o
 .debug_line    0x00000c6c      0x7ed ./Core/Src/stm32f1xx_hal_msp.o
 .debug_line    0x00001459      0x867 ./Core/Src/stm32f1xx_it.o
 .debug_line    0x00001cc0      0x7bf ./Core/Src/system_stm32f1xx.o
 .debug_line    0x0000247f      0xa05 ./Core/Src/usb_device.o
 .debug_line    0x00002e84      0xda3 ./Core/Src/usbd_conf.o
 .debug_line    0x00003c27      0xa4f ./Core/Src/usbd_custom_hid_if.o
 .debug_line    0x00004676      0xa2f ./Core/Src/usbd_desc.o
 .debug_line    0x000050a5      0xcae ./Core/Src/stm32_xinput/stm32_xinput.o
 .debug_line    0x00005d53      0xe46 ./Core/Src/stm32_xinput/xinput.o
 .debug_line    0x00006b99       0x78 ./Core/Startup/startup_stm32f103c8tx.o
 .debug_line    0x00006c11      0x9f0 ./Drivers/STM32F1xx_HAL_Driver/Src/stm32f1xx_hal.o
 .debug_line    0x00007601     0x1015 ./Drivers/STM32F1xx_HAL_Driver/Src/stm32f1xx_hal_adc.o
 .debug_line    0x00008616      0xd37 ./Drivers/STM32F1xx_HAL_Driver/Src/stm32f1xx_hal_adc_ex.o
 .debug_line    0x0000934d      0xbba ./Drivers/STM32F1xx_HAL_Driver/Src/stm32f1xx_hal_cortex.o
 .debug_line    0x00009f07      0xdfa ./Drivers/STM32F1xx_HAL_Driver/Src/stm32f1xx_hal_dma.o
 .debug_line    0x0000ad01      0xa4d ./Drivers/STM32F1xx_HAL_Driver/Src/stm32f1xx_hal_gpio.o
 .debug_line    0x0000b74e     0x1375 ./Drivers/STM32F1xx_HAL_Driver/Src/stm32f1xx_hal_pcd.o
 .debug_line    0x0000cac3      0x7ba ./Drivers/STM32F1xx_HAL_Driver/Src/stm32f1xx_hal_pcd_ex.o
 .debug_line    0x0000d27d      0xea9 ./Drivers/STM32F1xx_HAL_Driver/Src/stm32f1xx_hal_rcc.o
 .debug_line    0x0000e126      0x95a ./Drivers/STM32F1xx_HAL_Driver/Src/stm32f1xx_hal_rcc_ex.o
 .debug_line    0x0000ea80     0x34de ./Drivers/STM32F1xx_HAL_Driver/Src/stm32f1xx_hal_tim.o
 .debug_line    0x00011f5e     0x18b4 ./Drivers/STM32F1xx_HAL_Driver/Src/stm32f1xx_hal_tim_ex.o
 .debug_line    0x00013812     0x1160 ./Drivers/STM32F1xx_HAL_Driver/Src/stm32f1xx_ll_usb.o
 .debug_line    0x00014972      0xc3b ./Middlewares/ST/STM32_USB_Device_Library/Class/CustomHID/Src/usbd_customhid.o
 .debug_line    0x000155ad      0xd48 ./Middlewares/ST/STM32_USB_Device_Library/Core/Src/usbd_core.o
 .debug_line    0x000162f5      0xec1 ./Middlewares/ST/STM32_USB_Device_Library/Core/Src/usbd_ctlreq.o
 .debug_line    0x000171b6      0xa59 ./Middlewares/ST/STM32_USB_Device_Library/Core/Src/usbd_ioreq.o

.debug_str      0x00000000    0x93f26
 .debug_str     0x00000000    0x93f26 ./Core/Src/main.o
                              0x8fe5b (size before relaxing)
 .debug_str     0x00093f26    0x89964 ./Core/Src/stm32f1xx_hal_msp.o
 .debug_str     0x00093f26    0x89943 ./Core/Src/stm32f1xx_it.o
 .debug_str     0x00093f26    0x88f55 ./Core/Src/system_stm32f1xx.o
 .debug_str     0x00093f26    0x8dba1 ./Core/Src/usb_device.o
 .debug_str     0x00093f26    0x8e5e0 ./Core/Src/usbd_conf.o
 .debug_str     0x00093f26    0x8db72 ./Core/Src/usbd_custom_hid_if.o
 .debug_str     0x00093f26    0x8da2c ./Core/Src/usbd_desc.o
 .debug_str     0x00093f26    0x8ea6f ./Core/Src/stm32_xinput/stm32_xinput.o
 .debug_str     0x00093f26    0x8ea51 ./Core/Src/stm32_xinput/xinput.o
 .debug_str     0x00093f26       0x97 ./Core/Startup/startup_stm32f103c8tx.o
 .debug_str     0x00093f26    0x89688 ./Drivers/STM32F1xx_HAL_Driver/Src/stm32f1xx_hal.o
 .debug_str     0x00093f26    0x89639 ./Drivers/STM32F1xx_HAL_Driver/Src/stm32f1xx_hal_adc.o
 .debug_str     0x00093f26    0x89609 ./Drivers/STM32F1xx_HAL_Driver/Src/stm32f1xx_hal_adc_ex.o
 .debug_str     0x00093f26    0x895d4 ./Drivers/STM32F1xx_HAL_Driver/Src/stm32f1xx_hal_cortex.o
 .debug_str     0x00093f26    0x892fe ./Drivers/STM32F1xx_HAL_Driver/Src/stm32f1xx_hal_dma.o
 .debug_str     0x00093f26    0x892db ./Drivers/STM32F1xx_HAL_Driver/Src/stm32f1xx_hal_gpio.o
 .debug_str     0x00093f26    0x89872 ./Drivers/STM32F1xx_HAL_Driver/Src/stm32f1xx_hal_pcd.o
 .debug_str     0x00093f26    0x893d4 ./Drivers/STM32F1xx_HAL_Driver/Src/stm32f1xx_hal_pcd_ex.o
 .debug_str     0x00093f26    0x89384 ./Drivers/STM32F1xx_HAL_Driver/Src/stm32f1xx_hal_rcc.o
 .debug_str     0x00093f26    0x890d4 ./Drivers/STM32F1xx_HAL_Driver/Src/stm32f1xx_hal_rcc_ex.o
 .debug_str     0x00093f26    0x8a386 ./Drivers/STM32F1xx_HAL_Driver/Src/stm32f1xx_hal_tim.o
 .debug_str     0x00093f26    0x89b92 ./Drivers/STM32F1xx_HAL_Driver/Src/stm32f1xx_hal_tim_ex.o
 .debug_str     0x00093f26    0x89426 ./Drivers/STM32F1xx_HAL_Driver/Src/stm32f1xx_ll_usb.o
 .debug_str     0x00093f26    0x8dd57 ./Middlewares/ST/STM32_USB_Device_Library/Class/CustomHID/Src/usbd_customhid.o
 .debug_str     0x00093f26    0x8d755 ./Middlewares/ST/STM32_USB_Device_Library/Core/Src/usbd_core.o
 .debug_str     0x00093f26    0x8d683 ./Middlewares/ST/STM32_USB_Device_Library/Core/Src/usbd_ctlreq.o
 .debug_str     0x00093f26    0x8d5b0 ./Middlewares/ST/STM32_USB_Device_Library/Core/Src/usbd_ioreq.o

.comment        0x00000000       0x43
 .comment       0x00000000       0x43 ./Core/Src/main.o
                                 0x44 (size before relaxing)
 .comment       0x00000043       0x44 ./Core/Src/stm32f1xx_hal_msp.o
 .comment       0x00000043       0x44 ./Core/Src/stm32f1xx_it.o
 .comment       0x00000043       0x44 ./Core/Src/system_stm32f1xx.o
 .comment       0x00000043       0x44 ./Core/Src/usb_device.o
 .comment       0x00000043       0x44 ./Core/Src/usbd_conf.o
 .comment       0x00000043       0x44 ./Core/Src/usbd_custom_hid_if.o
 .comment       0x00000043       0x44 ./Core/Src/usbd_desc.o
 .comment       0x00000043       0x44 ./Core/Src/stm32_xinput/stm32_xinput.o
 .comment       0x00000043       0x44 ./Core/Src/stm32_xinput/xinput.o
 .comment       0x00000043       0x44 ./Drivers/STM32F1xx_HAL_Driver/Src/stm32f1xx_hal.o
 .comment       0x00000043       0x44 ./Drivers/STM32F1xx_HAL_Driver/Src/stm32f1xx_hal_adc.o
 .comment       0x00000043       0x44 ./Drivers/STM32F1xx_HAL_Driver/Src/stm32f1xx_hal_adc_ex.o
 .comment       0x00000043       0x44 ./Drivers/STM32F1xx_HAL_Driver/Src/stm32f1xx_hal_cortex.o
 .comment       0x00000043       0x44 ./Drivers/STM32F1xx_HAL_Driver/Src/stm32f1xx_hal_dma.o
 .comment       0x00000043       0x44 ./Drivers/STM32F1xx_HAL_Driver/Src/stm32f1xx_hal_gpio.o
 .comment       0x00000043       0x44 ./Drivers/STM32F1xx_HAL_Driver/Src/stm32f1xx_hal_pcd.o
 .comment       0x00000043       0x44 ./Drivers/STM32F1xx_HAL_Driver/Src/stm32f1xx_hal_pcd_ex.o
 .comment       0x00000043       0x44 ./Drivers/STM32F1xx_HAL_Driver/Src/stm32f1xx_hal_rcc.o
 .comment       0x00000043       0x44 ./Drivers/STM32F1xx_HAL_Driver/Src/stm32f1xx_hal_rcc_ex.o
 .comment       0x00000043       0x44 ./Drivers/STM32F1xx_HAL_Driver/Src/stm32f1xx_hal_tim.o
 .comment       0x00000043       0x44 ./Drivers/STM32F1xx_HAL_Driver/Src/stm32f1xx_hal_tim_ex.o
 .comment       0x00000043       0x44 ./Drivers/STM32F1xx_HAL_Driver/Src/stm32f1xx_ll_usb.o
 .comment       0x00000043       0x44 ./Middlewares/ST/STM32_USB_Device_Library/Class/CustomHID/Src/usbd_customhid.o
 .comment       0x00000043       0x44 ./Middlewares/ST/STM32_USB_Device_Library/Core/Src/usbd_core.o
 .comment       0x00000043       0x44 ./Middlewares/ST/STM32_USB_Device_Library/Core/Src/usbd_ctlreq.o
 .comment       0x00000043       0x44 ./Middlewares/ST/STM32_USB_Device_Library/Core/Src/usbd_ioreq.o

.debug_frame    0x00000000     0x4b84
 .debug_frame   0x00000000      0x188 ./Core/Src/main.o
 .debug_frame   0x00000188       0xc8 ./Core/Src/stm32f1xx_hal_msp.o
 .debug_frame   0x00000250      0x190 ./Core/Src/stm32f1xx_it.o
 .debug_frame   0x000003e0       0x58 ./Core/Src/system_stm32f1xx.o
 .debug_frame   0x00000438       0x34 ./Core/Src/usb_device.o
 .debug_frame   0x0000046c      0x47c ./Core/Src/usbd_conf.o
 .debug_frame   0x000008e8       0x78 ./Core/Src/usbd_custom_hid_if.o
 .debug_frame   0x00000960      0x114 ./Core/Src/usbd_desc.o
 .debug_frame   0x00000a74      0x144 ./Core/Src/stm32_xinput/stm32_xinput.o
 .debug_frame   0x00000bb8      0x1e0 ./Core/Src/stm32_xinput/xinput.o
 .debug_frame   0x00000d98      0x334 ./Drivers/STM32F1xx_HAL_Driver/Src/stm32f1xx_hal.o
 .debug_frame   0x000010cc      0x40c ./Drivers/STM32F1xx_HAL_Driver/Src/stm32f1xx_hal_adc.o
 .debug_frame   0x000014d8      0x200 ./Drivers/STM32F1xx_HAL_Driver/Src/stm32f1xx_hal_adc_ex.o
 .debug_frame   0x000016d8      0x428 ./Drivers/STM32F1xx_HAL_Driver/Src/stm32f1xx_hal_cortex.o
 .debug_frame   0x00001b00      0x208 ./Drivers/STM32F1xx_HAL_Driver/Src/stm32f1xx_hal_dma.o
 .debug_frame   0x00001d08      0x14c ./Drivers/STM32F1xx_HAL_Driver/Src/stm32f1xx_hal_gpio.o
 .debug_frame   0x00001e54      0x594 ./Drivers/STM32F1xx_HAL_Driver/Src/stm32f1xx_hal_pcd.o
 .debug_frame   0x000023e8       0xb0 ./Drivers/STM32F1xx_HAL_Driver/Src/stm32f1xx_hal_pcd_ex.o
 .debug_frame   0x00002498      0x218 ./Drivers/STM32F1xx_HAL_Driver/Src/stm32f1xx_hal_rcc.o
 .debug_frame   0x000026b0       0x80 ./Drivers/STM32F1xx_HAL_Driver/Src/stm32f1xx_hal_rcc_ex.o
 .debug_frame   0x00002730     0x11b8 ./Drivers/STM32F1xx_HAL_Driver/Src/stm32f1xx_hal_tim.o
 .debug_frame   0x000038e8      0x638 ./Drivers/STM32F1xx_HAL_Driver/Src/stm32f1xx_hal_tim_ex.o
 .debug_frame   0x00003f20      0x470 ./Drivers/STM32F1xx_HAL_Driver/Src/stm32f1xx_ll_usb.o
 .debug_frame   0x00004390      0x18c ./Middlewares/ST/STM32_USB_Device_Library/Class/CustomHID/Src/usbd_customhid.o
 .debug_frame   0x0000451c      0x300 ./Middlewares/ST/STM32_USB_Device_Library/Core/Src/usbd_core.o
 .debug_frame   0x0000481c      0x210 ./Middlewares/ST/STM32_USB_Device_Library/Core/Src/usbd_ctlreq.o
 .debug_frame   0x00004a2c      0x10c ./Middlewares/ST/STM32_USB_Device_Library/Core/Src/usbd_ioreq.o
 .debug_frame   0x00004b38       0x20 D:/Programs/Windows/Install_dir/ST/STM32CubeIDE_1.19.0/STM32CubeIDE/plugins/com.st.stm32cube.ide.mcu.externaltools.gnu-tools-for-stm32.13.3.rel1.win32_1.0.0.202411081344/tools/bin/../lib/gcc/arm-none-eabi/13.3.1/../../../../arm-none-eabi/lib/thumb/v7-m/nofp\libc_nano.a(libc_a-memset.o)
 .debug_frame   0x00004b58       0x2c D:/Programs/Windows/Install_dir/ST/STM32CubeIDE_1.19.0/STM32CubeIDE/plugins/com.st.stm32cube.ide.mcu.externaltools.gnu-tools-for-stm32.13.3.rel1.win32_1.0.0.202411081344/tools/bin/../lib/gcc/arm-none-eabi/13.3.1/../../../../arm-none-eabi/lib/thumb/v7-m/nofp\libc_nano.a(libc_a-init.o)

.debug_line_str
                0x00000000       0x7b
 .debug_line_str
                0x00000000       0x7b ./Core/Startup/startup_stm32f103c8tx.o
